Component: ARM Compiler 5.06 update 5 (build 528) Tool: armlink [4d35e2]

==============================================================================

Section Cross References

    startup_stm32f405xx.o(STACK) refers (Special) to heapauxi.o(.text) for __use_two_region_memory
    startup_stm32f405xx.o(HEAP) refers (Special) to heapauxi.o(.text) for __use_two_region_memory
    startup_stm32f405xx.o(RESET) refers (Special) to heapauxi.o(.text) for __use_two_region_memory
    startup_stm32f405xx.o(RESET) refers to startup_stm32f405xx.o(STACK) for __initial_sp
    startup_stm32f405xx.o(RESET) refers to startup_stm32f405xx.o(.text) for Reset_Handler
    startup_stm32f405xx.o(RESET) refers to stm32f4xx_it.o(i.NMI_Handler) for NMI_Handler
    startup_stm32f405xx.o(RESET) refers to stm32f4xx_it.o(i.HardFault_Handler) for HardFault_Handler
    startup_stm32f405xx.o(RESET) refers to stm32f4xx_it.o(i.MemManage_Handler) for MemManage_Handler
    startup_stm32f405xx.o(RESET) refers to stm32f4xx_it.o(i.BusFault_Handler) for BusFault_Handler
    startup_stm32f405xx.o(RESET) refers to stm32f4xx_it.o(i.UsageFault_Handler) for UsageFault_Handler
    startup_stm32f405xx.o(RESET) refers to stm32f4xx_it.o(i.SVC_Handler) for SVC_Handler
    startup_stm32f405xx.o(RESET) refers to stm32f4xx_it.o(i.DebugMon_Handler) for DebugMon_Handler
    startup_stm32f405xx.o(RESET) refers to stm32f4xx_it.o(i.PendSV_Handler) for PendSV_Handler
    startup_stm32f405xx.o(RESET) refers to stm32f4xx_it.o(i.SysTick_Handler) for SysTick_Handler
    startup_stm32f405xx.o(RESET) refers to stm32f4xx_it.o(i.EXTI0_IRQHandler) for EXTI0_IRQHandler
    startup_stm32f405xx.o(RESET) refers to stm32f4xx_it.o(i.TIM2_IRQHandler) for TIM2_IRQHandler
    startup_stm32f405xx.o(.text) refers (Special) to heapauxi.o(.text) for __use_two_region_memory
    startup_stm32f405xx.o(.text) refers to system_stm32f4xx.o(i.SystemInit) for SystemInit
    startup_stm32f405xx.o(.text) refers to __main.o(!!!main) for __main
    startup_stm32f405xx.o(.text) refers to startup_stm32f405xx.o(HEAP) for Heap_Mem
    startup_stm32f405xx.o(.text) refers to startup_stm32f405xx.o(STACK) for Stack_Mem
    main.o(i.LCR_Configure_MeasurementPath) refers to stm32f4xx_hal_gpio.o(i.HAL_GPIO_WritePin) for HAL_GPIO_WritePin
    main.o(i.LCR_Key_Task) refers to stm32f4xx_hal.o(i.HAL_GetTick) for HAL_GetTick
    main.o(i.LCR_Key_Task) refers to stm32f4xx_hal_gpio.o(i.HAL_GPIO_ReadPin) for HAL_GPIO_ReadPin
    main.o(i.LCR_Key_Task) refers to main.o(.data) for .data
    main.o(i.LCR_Measurement_Task) refers to stm32f4xx_hal.o(i.HAL_GetTick) for HAL_GetTick
    main.o(i.LCR_Measurement_Task) refers to main.o(i.LCR_StartMeasurementStep) for LCR_StartMeasurementStep
    main.o(i.LCR_Measurement_Task) refers to stm32f4xx_hal_adc.o(i.HAL_ADC_Start) for HAL_ADC_Start
    main.o(i.LCR_Measurement_Task) refers to stm32f4xx_hal_adc.o(i.HAL_ADC_PollForConversion) for HAL_ADC_PollForConversion
    main.o(i.LCR_Measurement_Task) refers to stm32f4xx_hal_adc.o(i.HAL_ADC_Stop) for HAL_ADC_Stop
    main.o(i.LCR_Measurement_Task) refers to stm32f4xx_hal_adc.o(i.HAL_ADC_GetValue) for HAL_ADC_GetValue
    main.o(i.LCR_Measurement_Task) refers to main.o(i.LCR_ADC_CountToInputVolt) for LCR_ADC_CountToInputVolt
    main.o(i.LCR_Measurement_Task) refers to main.o(i.LCR_UpdateImpedanceEstimate) for LCR_UpdateImpedanceEstimate
    main.o(i.LCR_Measurement_Task) refers to main.o(.data) for .data
    main.o(i.LCR_Measurement_Task) refers to adc.o(.bss) for hadc1
    main.o(i.LCR_Measurement_Task) refers to main.o(.bss) for .bss
    main.o(i.LCR_OLED_Task) refers to _printf_pad.o(.text) for _printf_pre_padding
    main.o(i.LCR_OLED_Task) refers to _printf_percent.o(.ARM.Collect$$_printf_percent$$00000000) for _printf_percent
    main.o(i.LCR_OLED_Task) refers to _printf_f.o(.ARM.Collect$$_printf_percent$$00000003) for _printf_f
    main.o(i.LCR_OLED_Task) refers to printf1.o(x$fpl$printf1) for _printf_fp_dec
    main.o(i.LCR_OLED_Task) refers to _printf_u.o(.ARM.Collect$$_printf_percent$$0000000A) for _printf_u
    main.o(i.LCR_OLED_Task) refers to _printf_c.o(.ARM.Collect$$_printf_percent$$00000013) for _printf_c
    main.o(i.LCR_OLED_Task) refers to _printf_dec.o(.text) for _printf_int_dec
    main.o(i.LCR_OLED_Task) refers to _printf_str.o(.text) for _printf_str
    main.o(i.LCR_OLED_Task) refers to _printf_s.o(.ARM.Collect$$_printf_percent$$00000014) for _printf_s
    main.o(i.LCR_OLED_Task) refers to stm32f4xx_hal.o(i.HAL_GetTick) for HAL_GetTick
    main.o(i.LCR_OLED_Task) refers to oled.o(i.OLED_Clear) for OLED_Clear
    main.o(i.LCR_OLED_Task) refers to __2snprintf.o(.text) for __2snprintf
    main.o(i.LCR_OLED_Task) refers to oled.o(i.OLED_ShowString) for OLED_ShowString
    main.o(i.LCR_OLED_Task) refers to main.o(i.LCR_ADC_CountToInputVolt) for LCR_ADC_CountToInputVolt
    main.o(i.LCR_OLED_Task) refers to f2d.o(x$fpl$f2d) for __aeabi_f2d
    main.o(i.LCR_OLED_Task) refers to oled.o(i.OLED_Update) for OLED_Update
[...]
    ..\Drivers\STM32F4xx_HAL_Driver\Src\stm32f4xx_hal_flash_ex.c 0x00000000   Number         0  stm32f4xx_hal_flash_ex.o ABSOLUTE
    ..\Drivers\STM32F4xx_HAL_Driver\Src\stm32f4xx_hal_flash_ramfunc.c 0x00000000   Number         0  stm32f4xx_hal_flash_ramfunc.o ABSOLUTE
    ..\Drivers\STM32F4xx_HAL_Driver\Src\stm32f4xx_hal_gpio.c 0x00000000   Number         0  stm32f4xx_hal_gpio.o ABSOLUTE
    ..\Drivers\STM32F4xx_HAL_Driver\Src\stm32f4xx_hal_pwr.c 0x00000000   Number         0  stm32f4xx_hal_pwr.o ABSOLUTE
    ..\Drivers\STM32F4xx_HAL_Driver\Src\stm32f4xx_hal_pwr_ex.c 0x00000000   Number         0  stm32f4xx_hal_pwr_ex.o ABSOLUTE
    ..\Drivers\STM32F4xx_HAL_Driver\Src\stm32f4xx_hal_rcc.c 0x00000000   Number         0  stm32f4xx_hal_rcc.o ABSOLUTE
    ..\Drivers\STM32F4xx_HAL_Driver\Src\stm32f4xx_hal_rcc_ex.c 0x00000000   Number         0  stm32f4xx_hal_rcc_ex.o ABSOLUTE
    dc.s                                     0x00000000   Number         0  dc.o ABSOLUTE
    startup_stm32f405xx.s                    0x00000000   Number         0  startup_stm32f405xx.o ABSOLUTE
    RESET                                    0x08000000   Section      392  startup_stm32f405xx.o(RESET)
    !!!main                                  0x08000188   Section        8  __main.o(!!!main)
    !!!scatter                               0x08000190   Section       52  __scatter.o(!!!scatter)
    !!handler_copy                           0x080001c4   Section       26  __scatter_copy.o(!!handler_copy)
    !!handler_zi                             0x080001e0   Section       28  __scatter_zi.o(!!handler_zi)
    .ARM.Collect$$_printf_percent$$00000000  0x080001fc   Section        0  _printf_percent.o(.ARM.Collect$$_printf_percent$$00000000)
    .ARM.Collect$$_printf_percent$$00000003  0x080001fc   Section        6  _printf_f.o(.ARM.Collect$$_printf_percent$$00000003)
    .ARM.Collect$$_printf_percent$$0000000A  0x08000202   Section        6  _printf_u.o(.ARM.Collect$$_printf_percent$$0000000A)
    .ARM.Collect$$_printf_percent$$00000013  0x08000208   Section        6  _printf_c.o(.ARM.Collect$$_printf_percent$$00000013)
    .ARM.Collect$$_printf_percent$$00000014  0x0800020e   Section        6  _printf_s.o(.ARM.Collect$$_printf_percent$$00000014)
    .ARM.Collect$$_printf_percent$$00000017  0x08000214   Section        4  _printf_percent_end.o(.ARM.Collect$$_printf_percent$$00000017)
    .ARM.Collect$$libinit$$00000000          0x08000218   Section        2  libinit.o(.ARM.Collect$$libinit$$00000000)
    .ARM.Collect$$libinit$$00000001          0x0800021a   Section        4  libinit2.o(.ARM.Collect$$libinit$$00000001)
    .ARM.Collect$$libinit$$00000004          0x0800021e   Section        0  libinit2.o(.ARM.Collect$$libinit$$00000004)
    .ARM.Collect$$libinit$$0000000A          0x0800021e   Section        0  libinit2.o(.ARM.Collect$$libinit$$0000000A)
    .ARM.Collect$$libinit$$0000000C          0x0800021e   Section        0  libinit2.o(.ARM.Collect$$libinit$$0000000C)
    .ARM.Collect$$libinit$$0000000E          0x0800021e   Section        0  libinit2.o(.ARM.Collect$$libinit$$0000000E)
    .ARM.Collect$$libinit$$0000000F          0x0800021e   Section        6  libinit2.o(.ARM.Collect$$libinit$$0000000F)
    .ARM.Collect$$libinit$$00000011          0x08000224   Section        0  libinit2.o(.ARM.Collect$$libinit$$00000011)
    .ARM.Collect$$libinit$$00000013          0x08000224   Section        0  libinit2.o(.ARM.Collect$$libinit$$00000013)
    .ARM.Collect$$libinit$$00000015          0x08000224   Section        0  libinit2.o(.ARM.Collect$$libinit$$00000015)
    .ARM.Collect$$libinit$$00000016          0x08000224   Section       10  libinit2.o(.ARM.Collect$$libinit$$00000016)
    .ARM.Collect$$libinit$$00000017          0x0800022e   Section        0  libinit2.o(.ARM.Collect$$libinit$$00000017)
    .ARM.Collect$$libinit$$00000019          0x0800022e   Section        0  libinit2.o(.ARM.Collect$$libinit$$00000019)
    .ARM.Collect$$libinit$$0000001B          0x0800022e   Section        0  libinit2.o(.ARM.Collect$$libinit$$0000001B)
    .ARM.Collect$$libinit$$0000001D          0x0800022e   Section        0  libinit2.o(.ARM.Collect$$libinit$$0000001D)
    .ARM.Collect$$libinit$$0000001F          0x0800022e   Section        0  libinit2.o(.ARM.Collect$$libinit$$0000001F)
    .ARM.Collect$$libinit$$00000021          0x0800022e   Section        0  libinit2.o(.ARM.Collect$$libinit$$00000021)
    .ARM.Collect$$libinit$$00000023          0x0800022e   Section        0  libinit2.o(.ARM.Collect$$libinit$$00000023)
    .ARM.Collect$$libinit$$00000025          0x0800022e   Section        0  libinit2.o(.ARM.Collect$$libinit$$00000025)
    .ARM.Collect$$libinit$$0000002C          0x0800022e   Section        0  libinit2.o(.ARM.Collect$$libinit$$0000002C)
    .ARM.Collect$$libinit$$0000002E          0x0800022e   Section        0  libinit2.o(.ARM.Collect$$libinit$$0000002E)
    .ARM.Collect$$libinit$$00000030          0x0800022e   Section        0  libinit2.o(.ARM.Collect$$libinit$$00000030)
    .ARM.Collect$$libinit$$00000032          0x0800022e   Section        0  libinit2.o(.ARM.Collect$$libinit$$00000032)
    .ARM.Collect$$libinit$$00000033          0x0800022e   Section        2  libinit2.o(.ARM.Collect$$libinit$$00000033)
    .ARM.Collect$$libshutdown$$00000000      0x08000230   Section        2  libshutdown.o(.ARM.Collect$$libshutdown$$00000000)
    .ARM.Collect$$libshutdown$$00000002      0x08000232   Section        0  libshutdown2.o(.ARM.Collect$$libshutdown$$00000002)
    .ARM.Collect$$libshutdown$$00000004      0x08000232   Section        0  libshutdown2.o(.ARM.Collect$$libshutdown$$00000004)
    .ARM.Collect$$libshutdown$$00000007      0x08000232   Section        0  libshutdown2.o(.ARM.Collect$$libshutdown$$00000007)
    .ARM.Collect$$libshutdown$$0000000A      0x08000232   Section        0  libshutdown2.o(.ARM.Collect$$libshutdown$$0000000A)
    .ARM.Collect$$libshutdown$$0000000C      0x08000232   Section        0  libshutdown2.o(.ARM.Collect$$libshutdown$$0000000C)
    .ARM.Collect$$libshutdown$$0000000F      0x08000232   Section        0  libshutdown2.o(.ARM.Collect$$libshutdown$$0000000F)
    .ARM.Collect$$libshutdown$$00000010      0x08000232   Section        2  libshutdown2.o(.ARM.Collect$$libshutdown$$00000010)
    .ARM.Collect$$rtentry$$00000000          0x08000234   Section        0  __rtentry.o(.ARM.Collect$$rtentry$$00000000)
    .ARM.Collect$$rtentry$$00000002          0x08000234   Section        0  __rtentry2.o(.ARM.Collect$$rtentry$$00000002)
    .ARM.Collect$$rtentry$$00000004          0x08000234   Section        6  __rtentry4.o(.ARM.Collect$$rtentry$$00000004)
    .ARM.Collect$$rtentry$$00000009          0x0800023a   Section        0  __rtentry2.o(.ARM.Collect$$rtentry$$00000009)
    .ARM.Collect$$rtentry$$0000000A          0x0800023a   Section        4  __rtentry2.o(.ARM.Collect$$rtentry$$0000000A)
    .ARM.Collect$$rtentry$$0000000C          0x0800023e   Section        0  __rtentry2.o(.ARM.Collect$$rtentry$$0000000C)
    .ARM.Collect$$rtentry$$0000000D          0x0800023e   Section        8  __rtentry2.o(.ARM.Collect$$rtentry$$0000000D)
    .ARM.Collect$$rtexit$$00000000           0x08000246   Section        2  rtexit.o(.ARM.Collect$$rtexit$$00000000)
    .ARM.Collect$$rtexit$$00000002           0x08000248   Section        0  rtexit2.o(.ARM.Collect$$rtexit$$00000002)
    .ARM.Collect$$rtexit$$00000003           0x08000248   Section        4  rtexit2.o(.ARM.Collect$$rtexit$$00000003)
    .ARM.Collect$$rtexit$$00000004           0x0800024c   Section        6  rtexit2.o(.ARM.Collect$$rtexit$$00000004)
    .text                                    0x08000254   Section       64  startup_stm32f405xx.o(.text)
    $v0                                      0x08000254   Number         0  startup_stm32f405xx.o(.text)
    .text                                    0x08000294   Section      238  lludivv7m.o(.text)
    .text                                    0x08000384   Section        0  __2snprintf.o(.text)
    .text                                    0x080003bc   Section        0  _printf_pad.o(.text)
    .text                                    0x0800040a   Section        0  _printf_str.o(.text)
    .text                                    0x0800045c   Section        0  _printf_dec.o(.text)
    .text                                    0x080004d4   Section        0  __printf_flags_ss_wp.o(.text)
    .text                                    0x0800065c   Section       78  rt_memclr_w.o(.text)
    .text                                    0x080006aa   Section        0  heapauxi.o(.text)
    .text                                    0x080006b0   Section        0  _rserrno.o(.text)
    .text                                    0x080006c6   Section        0  _printf_intcommon.o(.text)
    .text                                    0x08000778   Section        0  _printf_fp_dec.o(.text)
    _fp_digits                               0x0800077b   Thumb Code   432  _printf_fp_dec.o(.text)
    .text                                    0x08000b98   Section        0  _printf_char_common.o(.text)
    _printf_input_char                       0x08000b99   Thumb Code    10  _printf_char_common.o(.text)
    .text                                    0x08000bc8   Section        0  _sputc.o(.text)
    .text                                    0x08000bd2   Section        0  _snputc.o(.text)
    .text                                    0x08000be2   Section        0  _printf_char.o(.text)
    .text                                    0x08000c10   Section        8  rt_locale_intlibspace.o(.text)
    .text                                    0x08000c18   Section        8  rt_errno_addr_intlibspace.o(.text)
    .text                                    0x08000c20   Section      138  lludiv10.o(.text)
    .text                                    0x08000cac   Section        0  _printf_fp_infnan.o(.text)
    .text                                    0x08000d2c   Section        0  bigflt0.o(.text)
    .text                                    0x08000e10   Section        8  libspace.o(.text)
    .text                                    0x08000e18   Section       74  sys_stackheap_outer.o(.text)
    .text                                    0x08000e62   Section        0  exit.o(.text)
    .text                                    0x08000e74   Section      128  strcmpv7m.o(.text)
    .text                                    0x08000ef4   Section        0  sys_exit.o(.text)
    .text                                    0x08000f00   Section        2  use_no_semi.o(.text)
    .text                                    0x08000f02   Section        0  indicate_semi.o(.text)
    CL$$btod_d2e                             0x08000f02   Section       62  btod.o(CL$$btod_d2e)
    CL$$btod_d2e_denorm_low                  0x08000f40   Section       70  btod.o(CL$$btod_d2e_denorm_low)
    CL$$btod_d2e_norm_op1                    0x08000f86   Section       96  btod.o(CL$$btod_d2e_norm_op1)
    CL$$btod_div_common                      0x08000fe6   Section      824  btod.o(CL$$btod_div_common)
    CL$$btod_e2e                             0x0800131e   Section      220  btod.o(CL$$btod_e2e)
    CL$$btod_ediv                            0x080013fa   Section       42  btod.o(CL$$btod_ediv)
    CL$$btod_emul                            0x08001424   Section       42  btod.o(CL$$btod_emul)
    CL$$btod_mult_common                     0x0800144e   Section      580  btod.o(CL$$btod_mult_common)
    i.AD9834_Init                            0x08001694   Section        0  9834.o(i.AD9834_Init)
    i.AD9834_Select_Wave                     0x08001714   Section        0  9834.o(i.AD9834_Select_Wave)
    i.AD9834_Set_Freq                        0x08001730   Section        0  9834.o(i.AD9834_Set_Freq)
    i.AD9834_Set_MclkHz                      0x0800179c   Section        0  9834.o(i.AD9834_Set_MclkHz)
    i.AD9834_Set_OutputEnabled               0x080017ac   Section        0  9834.o(i.AD9834_Set_OutputEnabled)
    i.AD9834_Set_Phase                       0x080017c8   Section        0  9834.o(i.AD9834_Set_Phase)
    i.AD9834_Set_Reset                       0x08001830   Section        0  9834.o(i.AD9834_Set_Reset)
    i.AD9834_Write_16Bits                    0x0800184c   Section        0  9834.o(i.AD9834_Write_16Bits)
    i.AD9834_Write_ControlRegister           0x080018c0   Section        0  9834.o(i.AD9834_Write_ControlRegister)
    AD9834_Write_ControlRegister             0x080018c1   Thumb Code     8  9834.o(i.AD9834_Write_ControlRegister)
    i.ADC_Init                               0x080018cc   Section        0  stm32f4xx_hal_adc.o(i.ADC_Init)
    ADC_Init                                 0x080018cd   Thumb Code   284  stm32f4xx_hal_adc.o(i.ADC_Init)
    i.BusFault_Handler                       0x080019f4   Section        0  stm32f4xx_it.o(i.BusFault_Handler)
    i.DebugMon_Handler                       0x080019f6   Section        0  stm32f4xx_it.o(i.DebugMon_Handler)
    i.EXTI0_IRQHandler                       0x080019f8   Section        0  stm32f4xx_it.o(i.EXTI0_IRQHandler)
    i.Error_Handler                          0x080019fe   Section        0  main.o(i.Error_Handler)
    i.HAL_ADC_ConfigChannel                  0x08001a04   Section        0  stm32f4xx_hal_adc.o(i.HAL_ADC_ConfigChannel)
    i.HAL_ADC_GetValue                       0x08001b50   Section        0  stm32f4xx_hal_adc.o(i.HAL_ADC_GetValue)
    i.HAL_ADC_Init                           0x08001b56   Section        0  stm32f4xx_hal_adc.o(i.HAL_ADC_Init)
    i.HAL_ADC_MspInit                        0x08001bac   Section        0  adc.o(i.HAL_ADC_MspInit)
    i.HAL_ADC_PollForConversion              0x08001c0c   Section        0  stm32f4xx_hal_adc.o(i.HAL_ADC_PollForConversion)
    i.HAL_ADC_Start                          0x08001cb8   Section        0  stm32f4xx_hal_adc.o(i.HAL_ADC_Start)
    i.HAL_ADC_Stop                           0x08001db4   Section        0  stm32f4xx_hal_adc.o(i.HAL_ADC_Stop)
    i.HAL_Delay                              0x08001df0   Section        0  stm32f4xx_hal.o(i.HAL_Delay)
    i.HAL_GPIO_EXTI_Callback                 0x08001e14   Section        0  stm32f4xx_hal_gpio.o(i.HAL_GPIO_EXTI_Callback)
    i.HAL_GPIO_EXTI_IRQHandler               0x08001e18   Section        0  stm32f4xx_hal_gpio.o(i.HAL_GPIO_EXTI_IRQHandler)
    i.HAL_GPIO_Init                          0x08001e30   Section        0  stm32f4xx_hal_gpio.o(i.HAL_GPIO_Init)
    i.HAL_GPIO_ReadPin                       0x08002020   Section        0  stm32f4xx_hal_gpio.o(i.HAL_GPIO_ReadPin)
    i.HAL_GPIO_WritePin                      0x0800202a   Section        0  stm32f4xx_hal_gpio.o(i.HAL_GPIO_WritePin)
    i.HAL_GetTick                            0x08002034   Section        0  stm32f4xx_hal.o(i.HAL_GetTick)
    i.HAL_IncTick                            0x08002040   Section        0  stm32f4xx_hal.o(i.HAL_IncTick)
    i.HAL_Init                               0x08002050   Section        0  stm32f4xx_hal.o(i.HAL_Init)
    i.HAL_InitTick                           0x08002084   Section        0  stm32f4xx_hal.o(i.HAL_InitTick)
    i.HAL_MspInit                            0x080020c4   Section        0  stm32f4xx_hal_msp.o(i.HAL_MspInit)
    i.HAL_NVIC_EnableIRQ                     0x080020f4   Section        0  stm32f4xx_hal_cortex.o(i.HAL_NVIC_EnableIRQ)
    i.HAL_NVIC_SetPriority                   0x08002110   Section        0  stm32f4xx_hal_cortex.o(i.HAL_NVIC_SetPriority)
    i.HAL_NVIC_SetPriorityGrouping           0x08002150   Section        0  stm32f4xx_hal_cortex.o(i.HAL_NVIC_SetPriorityGrouping)
    i.HAL_RCC_ClockConfig                    0x08002174   Section        0  stm32f4xx_hal_rcc.o(i.HAL_RCC_ClockConfig)
    i.HAL_RCC_GetSysClockFreq                0x080022a8   Section        0  stm32f4xx_hal_rcc.o(i.HAL_RCC_GetSysClockFreq)
    i.HAL_RCC_OscConfig                      0x0800230c   Section        0  stm32f4xx_hal_rcc.o(i.HAL_RCC_OscConfig)
    i.HAL_SYSTICK_Config                     0x08002678   Section        0  stm32f4xx_hal_cortex.o(i.HAL_SYSTICK_Config)
    i.HardFault_Handler                      0x080026a0   Section        0  stm32f4xx_it.o(i.HardFault_Handler)
    i.LCR_ADC_CountToInputVolt               0x080026a4   Section        0  main.o(i.LCR_ADC_CountToInputVolt)
    LCR_ADC_CountToInputVolt                 0x080026a5   Thumb Code    26  main.o(i.LCR_ADC_CountToInputVolt)
    i.LCR_Configure_MeasurementPath          0x080026c8   Section        0  main.o(i.LCR_Configure_MeasurementPath)
    LCR_Configure_MeasurementPath            0x080026c9   Thumb Code   104  main.o(i.LCR_Configure_MeasurementPath)
    i.LCR_Key_Task                           0x0800273c   Section        0  main.o(i.LCR_Key_Task)
    LCR_Key_Task                             0x0800273d   Thumb Code   126  main.o(i.LCR_Key_Task)
    i.LCR_Measurement_Task                   0x080027c4   Section        0  main.o(i.LCR_Measurement_Task)
    LCR_Measurement_Task                     0x080027c5   Thumb Code   202  main.o(i.LCR_Measurement_Task)
    i.LCR_OLED_Task                          0x080028a0   Section        0  main.o(i.LCR_OLED_Task)
    LCR_OLED_Task                            0x080028a1   Thumb Code   560  main.o(i.LCR_OLED_Task)
    i.LCR_QuadratureOutput_SetStep           0x08002b70   Section        0  main.o(i.LCR_QuadratureOutput_SetStep)
    LCR_QuadratureOutput_SetStep             0x08002b71   Thumb Code    38  main.o(i.LCR_QuadratureOutput_SetStep)
    i.LCR_QuadratureOutput_Start             0x08002ba4   Section        0  main.o(i.LCR_QuadratureOutput_Start)
    LCR_QuadratureOutput_Start               0x08002ba5   Thumb Code    80  main.o(i.LCR_QuadratureOutput_Start)
    i.LCR_QuadratureOutput_Tick              0x08002bfc   Section        0  main.o(i.LCR_QuadratureOutput_Tick)
    i.LCR_Set_InputSelection                 0x08002c14   Section        0  main.o(i.LCR_Set_InputSelection)
    LCR_Set_InputSelection                   0x08002c15   Thumb Code    38  main.o(i.LCR_Set_InputSelection)
    i.LCR_Set_ReferenceSelection             0x08002c44   Section        0  main.o(i.LCR_Set_ReferenceSelection)
    LCR_Set_ReferenceSelection               0x08002c45   Thumb Code    38  main.o(i.LCR_Set_ReferenceSelection)
    i.LCR_StartMeasurementStep               0x08002c74   Section        0  main.o(i.LCR_StartMeasurementStep)
    LCR_StartMeasurementStep                 0x08002c75   Thumb Code    68  main.o(i.LCR_StartMeasurementStep)
    i.LCR_SyncStartMeasurementFrame          0x08002cc0   Section        0  main.o(i.LCR_SyncStartMeasurementFrame)
    LCR_SyncStartMeasurementFrame            0x08002cc1   Thumb Code   124  main.o(i.LCR_SyncStartMeasurementFrame)
    i.LCR_UpdateImpedanceEstimate            0x08002d44   Section        0  main.o(i.LCR_UpdateImpedanceEstimate)
    LCR_UpdateImpedanceEstimate              0x08002d45   Thumb Code   222  main.o(i.LCR_UpdateImpedanceEstimate)
    i.MX_ADC1_Init                           0x08002e38   Section        0  adc.o(i.MX_ADC1_Init)
    i.MX_GPIO_Init                           0x08002ea0   Section        0  gpio.o(i.MX_GPIO_Init)
    i.MemManage_Handler                      0x08003044   Section        0  stm32f4xx_it.o(i.MemManage_Handler)
    i.NMI_Handler                            0x08003046   Section        0  stm32f4xx_it.o(i.NMI_Handler)
    i.OLED_Clear                             0x08003048   Section        0  oled.o(i.OLED_Clear)
    i.OLED_ClearArea                         0x08003070   Section        0  oled.o(i.OLED_ClearArea)
    i.OLED_GPIO_Init                         0x080030d4   Section        0  oled.o(i.OLED_GPIO_Init)
    i.OLED_I2C_SendByte                      0x080030fa   Section        0  oled.o(i.OLED_I2C_SendByte)
    i.OLED_I2C_Start                         0x08003134   Section        0  oled.o(i.OLED_I2C_Start)
    i.OLED_I2C_Stop                          0x08003152   Section        0  oled.o(i.OLED_I2C_Stop)
    i.OLED_Init                              0x0800316a   Section        0  oled.o(i.OLED_Init)
    i.OLED_SetCursor                         0x08003206   Section        0  oled.o(i.OLED_SetCursor)
    i.OLED_ShowChar                          0x08003228   Section        0  oled.o(i.OLED_ShowChar)
    i.OLED_ShowImage                         0x08003264   Section        0  oled.o(i.OLED_ShowImage)
    i.OLED_ShowString                        0x08003314   Section        0  oled.o(i.OLED_ShowString)
    i.OLED_Update                            0x08003340   Section        0  oled.o(i.OLED_Update)
    i.OLED_W_SCL                             0x08003368   Section        0  oled.o(i.OLED_W_SCL)
    i.OLED_W_SDA                             0x08003390   Section        0  oled.o(i.OLED_W_SDA)
    i.OLED_WriteCommand                      0x080033b8   Section        0  oled.o(i.OLED_WriteCommand)
    i.OLED_WriteData                         0x080033da   Section        0  oled.o(i.OLED_WriteData)
    i.PendSV_Handler                         0x0800340a   Section        0  stm32f4xx_it.o(i.PendSV_Handler)
    i.SVC_Handler                            0x0800340c   Section        0  stm32f4xx_it.o(i.SVC_Handler)
    i.SysTick_Handler                        0x0800340e   Section        0  stm32f4xx_it.o(i.SysTick_Handler)
    i.SystemClock_Config                     0x08003414   Section        0  main.o(i.SystemClock_Config)
    i.SystemInit                             0x080034a8   Section        0  system_stm32f4xx.o(i.SystemInit)
    i.TIM2_IRQHandler                        0x080034b8   Section        0  stm32f4xx_it.o(i.TIM2_IRQHandler)
    i.UsageFault_Handler                     0x080034d0   Section        0  stm32f4xx_it.o(i.UsageFault_Handler)
    i.__ARM_fpclassify                       0x080034d2   Section        0  fpclassify.o(i.__ARM_fpclassify)
    i.__ARM_fpclassifyf                      0x08003502   Section        0  fpclassifyf.o(i.__ARM_fpclassifyf)
    i.__NVIC_SetPriority                     0x08003528   Section        0  stm32f4xx_hal_cortex.o(i.__NVIC_SetPriority)
    __NVIC_SetPriority                       0x08003529   Thumb Code    32  stm32f4xx_hal_cortex.o(i.__NVIC_SetPriority)
    i.__hardfp_atan2f                        0x08003548   Section        0  atan2f.o(i.__hardfp_atan2f)
    i.__hardfp_sqrtf                         0x08003798   Section        0  sqrtf.o(i.__hardfp_sqrtf)
    i.__mathlib_flt_infnan2                  0x080037d2   Section        0  funder.o(i.__mathlib_flt_infnan2)
    i.__mathlib_flt_underflow                0x080037d8   Section        0  funder.o(i.__mathlib_flt_underflow)
    i._is_digit                              0x080037e8   Section        0  __printf_wp.o(i._is_digit)
    i.main                                   0x080037f8   Section        0  main.o(i.main)
    locale$$code                             0x080038f4   Section       44  lc_numeric_c.o(locale$$code)
    x$fpl$dretinf                            0x08003920   Section       12  dretinf.o(x$fpl$dretinf)
    $v0                                      0x08003920   Number         0  dretinf.o(x$fpl$dretinf)
    x$fpl$f2d                                0x0800392c   Section       86  f2d.o(x$fpl$f2d)
    $v0                                      0x0800392c   Number         0  f2d.o(x$fpl$f2d)
    x$fpl$fnaninf                            0x08003982   Section      140  fnaninf.o(x$fpl$fnaninf)
    $v0                                      0x08003982   Number         0  fnaninf.o(x$fpl$fnaninf)
    x$fpl$fpinit                             0x08003a0e   Section       10  fpinit.o(x$fpl$fpinit)
    $v0                                      0x08003a0e   Number         0  fpinit.o(x$fpl$fpinit)
    x$fpl$printf1                            0x08003a18   Section        4  printf1.o(x$fpl$printf1)
    $v0                                      0x08003a18   Number         0  printf1.o(x$fpl$printf1)
    .constdata                               0x08003a1c   Section       16  main.o(.constdata)
    x$fpl$usenofp                            0x08003a1c   Section        0  usenofp.o(x$fpl$usenofp)
    step_names                               0x08003a1c   Data          16  main.o(.constdata)
    .constdata                               0x08003a2c   Section     1520  oled_data.o(.constdata)
    .constdata                               0x0800401c   Section      570  oled_data.o(.constdata)
    .constdata                               0x08004256   Section       16  system_stm32f4xx.o(.constdata)
    .constdata                               0x08004266   Section       17  __printf_flags_ss_wp.o(.constdata)
    maptable                                 0x08004266   Data          17  __printf_flags_ss_wp.o(.constdata)
    .constdata                               0x08004278   Section      148  bigflt0.o(.constdata)
    tenpwrs_x                                0x08004278   Data          60  bigflt0.o(.constdata)
    tenpwrs_i                                0x080042b4   Data          64  bigflt0.o(.constdata)
    .conststring                             0x0800430c   Section       15  main.o(.conststring)
    locale$$data                             0x0800433c   Section       28  lc_numeric_c.o(locale$$data)
    __lcnum_c_name                           0x08004340   Data           2  lc_numeric_c.o(locale$$data)
    __lcnum_c_start                          0x08004348   Data           0  lc_numeric_c.o(locale$$data)
    __lcnum_c_point                          0x08004354   Data           0  lc_numeric_c.o(locale$$data)
    __lcnum_c_thousands                      0x08004356   Data           0  lc_numeric_c.o(locale$$data)
    __lcnum_c_grouping                       0x08004357   Data           0  lc_numeric_c.o(locale$$data)
    __lcnum_c_end                            0x08004358   Data           0  lc_numeric_c.o(locale$$data)
    .data                                    0x20000000   Section       36  main.o(.data)
    quadrature_step                          0x20000000   Data           1  main.o(.data)
    lcr_measurement_step                     0x20000001   Data           1  main.o(.data)
    lcr_display_page                         0x20000002   Data           1  main.o(.data)
    last_force_step_enable                   0x20000005   Data           1  main.o(.data)
    last_force_step_index                    0x20000006   Data           1  main.o(.data)
    last_key4_sampled_state                  0x20000007   Data           1  main.o(.data)
    key4_stable_state                        0x20000008   Data           1  main.o(.data)
    last_key1_sampled_state                  0x20000009   Data           1  main.o(.data)
    key1_stable_state                        0x2000000a   Data           1  main.o(.data)
    filter_initialized                       0x2000000b   Data           1  main.o(.data)
    lcr_next_sample_tick_ms                  0x2000000c   Data           4  main.o(.data)
    lcr_next_oled_refresh_tick_ms            0x20000010   Data           4  main.o(.data)
    last_key4_transition_tick_ms             0x20000014   Data           4  main.o(.data)
    last_key1_transition_tick_ms             0x20000018   Data           4  main.o(.data)
    filtered_resistance_ohm                  0x2000001c   Data           4  main.o(.data)
    filtered_phase_deg                       0x20000020   Data           4  main.o(.data)
    .data                                    0x20000024   Section        8  9834.o(.data)
    ad9834_control_word                      0x20000024   Data           2  9834.o(.data)
    ad9834_mclk_hz                           0x20000028   Data           4  9834.o(.data)
    .data                                    0x2000002c   Section       12  stm32f4xx_hal.o(.data)
    .data                                    0x20000038   Section        4  system_stm32f4xx.o(.data)
    .bss                                     0x2000003c   Section       80  main.o(.bss)
    .bss                                     0x2000008c   Section       72  adc.o(.bss)
    .bss                                     0x200000d4   Section     1024  oled.o(.bss)
    .bss                                     0x200004d4   Section       96  libspace.o(.bss)
    HEAP                                     0x20000538   Section      512  startup_stm32f405xx.o(HEAP)
    Heap_Mem                                 0x20000538   Data         512  startup_stm32f405xx.o(HEAP)
    STACK                                    0x20000738   Section     1024  startup_stm32f405xx.o(STACK)
    Stack_Mem                                0x20000738   Data        1024  startup_stm32f405xx.o(STACK)
    __initial_sp                             0x20000b38   Data           0  startup_stm32f405xx.o(STACK)

    Global Symbols

    Symbol Name                              Value     Ov Type        Size  Object(Section)

    BuildAttributes$$THM_ISAv4$E$P$D$K$B$S$7EM$VFPi3$EXTD16$VFPS$VFMA$PE$A:L22UL41UL21$X:L11$S22US41US21$IEEE1$IW$USESV6$~STKCKD$USESV7$~SHL$OTIME$ROPI$IEEEX$EBA8$UX$STANDARDLIB$REQ8$PRES8$EABIv2 0x00000000   Number         0  anon$$obj.o ABSOLUTE
    __ARM_use_no_argv                        0x00000000   Number         0  main.o ABSOLUTE
    _printf_flags                            0x00000000   Number         0  printf_stubs.o ABSOLUTE
    _printf_return_value                     0x00000000   Number         0  printf_stubs.o ABSOLUTE
    _printf_sizespec                         0x00000000   Number         0  printf_stubs.o ABSOLUTE
    _printf_widthprec                        0x00000000   Number         0  printf_stubs.o ABSOLUTE
    __ARM_exceptions_init                     - Undefined Weak Reference
    __alloca_initialize                       - Undefined Weak Reference
    __arm_preinit_                            - Undefined Weak Reference
    __cpp_initialize__aeabi_                  - Undefined Weak Reference
    __cxa_finalize                            - Undefined Weak Reference
    __sigvec_lookup                           - Undefined Weak Reference
    _atexit_init                              - Undefined Weak Reference
    _call_atexit_fns                          - Undefined Weak Reference
    _clock_init                               - Undefined Weak Reference
    _fp_trap_init                             - Undefined Weak Reference
    _fp_trap_shutdown                         - Undefined Weak Reference
    _get_lc_collate                           - Undefined Weak Reference
    _get_lc_monetary                          - Undefined Weak Reference
    _get_lc_time                              - Undefined Weak Reference
    _getenv_init                              - Undefined Weak Reference
    _handle_redirection                       - Undefined Weak Reference
    _init_alloc                               - Undefined Weak Reference
    _init_user_alloc                          - Undefined Weak Reference
    _initio                                   - Undefined Weak Reference
    _printf_mbtowc                            - Undefined Weak Reference
    _printf_wc                                - Undefined Weak Reference
    _rand_init                                - Undefined Weak Reference
    _signal_finish                            - Undefined Weak Reference
    _signal_init                              - Undefined Weak Reference
    _terminate_alloc                          - Undefined Weak Reference
    _terminate_user_alloc                     - Undefined Weak Reference
    _terminateio                              - Undefined Weak Reference
    __Vectors_Size                           0x00000188   Number         0  startup_stm32f405xx.o ABSOLUTE
    __Vectors                                0x08000000   Data           4  startup_stm32f405xx.o(RESET)
    __Vectors_End                            0x08000188   Data           0  startup_stm32f405xx.o(RESET)
    __main                                   0x08000189   Thumb Code     8  __main.o(!!!main)
    __scatterload                            0x08000191   Thumb Code     0  __scatter.o(!!!scatter)
    __scatterload_rt2                        0x08000191   Thumb Code    44  __scatter.o(!!!scatter)
    __scatterload_rt2_thumb_only             0x08000191   Thumb Code     0  __scatter.o(!!!scatter)
    __scatterload_null                       0x0800019f   Thumb Code     0  __scatter.o(!!!scatter)
    __scatterload_copy                       0x080001c5   Thumb Code    26  __scatter_copy.o(!!handler_copy)
    __scatterload_zeroinit                   0x080001e1   Thumb Code    28  __scatter_zi.o(!!handler_zi)
    _printf_f                                0x080001fd   Thumb Code     0  _printf_f.o(.ARM.Collect$$_printf_percent$$00000003)
    _printf_percent                          0x080001fd   Thumb Code     0  _printf_percent.o(.ARM.Collect$$_printf_percent$$00000000)
    _printf_u                                0x08000203   Thumb Code     0  _printf_u.o(.ARM.Collect$$_printf_percent$$0000000A)
    _printf_c                                0x08000209   Thumb Code     0  _printf_c.o(.ARM.Collect$$_printf_percent$$00000013)
    _printf_s                                0x0800020f   Thumb Code     0  _printf_s.o(.ARM.Collect$$_printf_percent$$00000014)
    _printf_percent_end                      0x08000215   Thumb Code     0  _printf_percent_end.o(.ARM.Collect$$_printf_percent$$00000017)
    __rt_lib_init                            0x08000219   Thumb Code     0  libinit.o(.ARM.Collect$$libinit$$00000000)
    __rt_lib_init_fp_1                       0x0800021b   Thumb Code     0  libinit2.o(.ARM.Collect$$libinit$$00000001)
    __rt_lib_init_heap_1                     0x0800021f   Thumb Code     0  libinit2.o(.ARM.Collect$$libinit$$0000000A)
    __rt_lib_init_lc_common                  0x0800021f   Thumb Code     0  libinit2.o(.ARM.Collect$$libinit$$0000000F)
    __rt_lib_init_preinit_1                  0x0800021f   Thumb Code     0  libinit2.o(.ARM.Collect$$libinit$$00000004)
    __rt_lib_init_rand_1                     0x0800021f   Thumb Code     0  libinit2.o(.ARM.Collect$$libinit$$0000000E)
    __rt_lib_init_user_alloc_1               0x0800021f   Thumb Code     0  libinit2.o(.ARM.Collect$$libinit$$0000000C)
    __rt_lib_init_lc_collate_1               0x08000225   Thumb Code     0  libinit2.o(.ARM.Collect$$libinit$$00000011)
    __rt_lib_init_lc_ctype_1                 0x08000225   Thumb Code     0  libinit2.o(.ARM.Collect$$libinit$$00000013)
    __rt_lib_init_lc_monetary_1              0x08000225   Thumb Code     0  libinit2.o(.ARM.Collect$$libinit$$00000015)
    __rt_lib_init_lc_numeric_2               0x08000225   Thumb Code     0  libinit2.o(.ARM.Collect$$libinit$$00000016)
    __rt_lib_init_alloca_1                   0x0800022f   Thumb Code     0  libinit2.o(.ARM.Collect$$libinit$$0000002E)
    __rt_lib_init_argv_1                     0x0800022f   Thumb Code     0  libinit2.o(.ARM.Collect$$libinit$$0000002C)
    __rt_lib_init_atexit_1                   0x0800022f   Thumb Code     0  libinit2.o(.ARM.Collect$$libinit$$0000001B)
    __rt_lib_init_clock_1                    0x0800022f   Thumb Code     0  libinit2.o(.ARM.Collect$$libinit$$00000021)
    __rt_lib_init_cpp_1                      0x0800022f   Thumb Code     0  libinit2.o(.ARM.Collect$$libinit$$00000032)
    __rt_lib_init_exceptions_1               0x0800022f   Thumb Code     0  libinit2.o(.ARM.Collect$$libinit$$00000030)
    __rt_lib_init_fp_trap_1                  0x0800022f   Thumb Code     0  libinit2.o(.ARM.Collect$$libinit$$0000001F)
    __rt_lib_init_getenv_1                   0x0800022f   Thumb Code     0  libinit2.o(.ARM.Collect$$libinit$$00000023)
    __rt_lib_init_lc_numeric_1               0x0800022f   Thumb Code     0  libinit2.o(.ARM.Collect$$libinit$$00000017)
    __rt_lib_init_lc_time_1                  0x0800022f   Thumb Code     0  libinit2.o(.ARM.Collect$$libinit$$00000019)
    __rt_lib_init_return                     0x0800022f   Thumb Code     0  libinit2.o(.ARM.Collect$$libinit$$00000033)
    __rt_lib_init_signal_1                   0x0800022f   Thumb Code     0  libinit2.o(.ARM.Collect$$libinit$$0000001D)
    __rt_lib_init_stdio_1                    0x0800022f   Thumb Code     0  libinit2.o(.ARM.Collect$$libinit$$00000025)
    __rt_lib_shutdown                        0x08000231   Thumb Code     0  libshutdown.o(.ARM.Collect$$libshutdown$$00000000)
    __rt_lib_shutdown_cpp_1                  0x08000233   Thumb Code     0  libshutdown2.o(.ARM.Collect$$libshutdown$$00000002)
    __rt_lib_shutdown_fp_trap_1              0x08000233   Thumb Code     0  libshutdown2.o(.ARM.Collect$$libshutdown$$00000007)
    __rt_lib_shutdown_heap_1                 0x08000233   Thumb Code     0  libshutdown2.o(.ARM.Collect$$libshutdown$$0000000F)
    __rt_lib_shutdown_return                 0x08000233   Thumb Code     0  libshutdown2.o(.ARM.Collect$$libshutdown$$00000010)
    __rt_lib_shutdown_signal_1               0x08000233   Thumb Code     0  libshutdown2.o(.ARM.Collect$$libshutdown$$0000000A)
    __rt_lib_shutdown_stdio_1                0x08000233   Thumb Code     0  libshutdown2.o(.ARM.Collect$$libshutdown$$00000004)
    __rt_lib_shutdown_user_alloc_1           0x08000233   Thumb Code     0  libshutdown2.o(.ARM.Collect$$libshutdown$$0000000C)
    __rt_entry                               0x08000235   Thumb Code     0  __rtentry.o(.ARM.Collect$$rtentry$$00000000)
    __rt_entry_presh_1                       0x08000235   Thumb Code     0  __rtentry2.o(.ARM.Collect$$rtentry$$00000002)
    __rt_entry_sh                            0x08000235   Thumb Code     0  __rtentry4.o(.ARM.Collect$$rtentry$$00000004)
    __rt_entry_li                            0x0800023b   Thumb Code     0  __rtentry2.o(.ARM.Collect$$rtentry$$0000000A)
    __rt_entry_postsh_1                      0x0800023b   Thumb Code     0  __rtentry2.o(.ARM.Collect$$rtentry$$00000009)
    __rt_entry_main                          0x0800023f   Thumb Code     0  __rtentry2.o(.ARM.Collect$$rtentry$$0000000D)
    __rt_entry_postli_1                      0x0800023f   Thumb Code     0  __rtentry2.o(.ARM.Collect$$rtentry$$0000000C)
    __rt_exit                                0x08000247   Thumb Code     0  rtexit.o(.ARM.Collect$$rtexit$$00000000)
    __rt_exit_ls                             0x08000249   Thumb Code     0  rtexit2.o(.ARM.Collect$$rtexit$$00000003)
    __rt_exit_prels_1                        0x08000249   Thumb Code     0  rtexit2.o(.ARM.Collect$$rtexit$$00000002)
    __rt_exit_exit                           0x0800024d   Thumb Code     0  rtexit2.o(.ARM.Collect$$rtexit$$00000004)
    Reset_Handler                            0x08000255   Thumb Code     8  startup_stm32f405xx.o(.text)
    ADC_IRQHandler                           0x0800026f   Thumb Code     0  startup_stm32f405xx.o(.text)
    CAN1_RX0_IRQHandler                      0x0800026f   Thumb Code     0  startup_stm32f405xx.o(.text)
    CAN1_RX1_IRQHandler                      0x0800026f   Thumb Code     0  startup_stm32f405xx.o(.text)
    CAN1_SCE_IRQHandler                      0x0800026f   Thumb Code     0  startup_stm32f405xx.o(.text)
    CAN1_TX_IRQHandler                       0x0800026f   Thumb Code     0  startup_stm32f405xx.o(.text)
    CAN2_RX0_IRQHandler                      0x0800026f   Thumb Code     0  startup_stm32f405xx.o(.text)
    CAN2_RX1_IRQHandler                      0x0800026f   Thumb Code     0  startup_stm32f405xx.o(.text)
    CAN2_SCE_IRQHandler                      0x0800026f   Thumb Code     0  startup_stm32f405xx.o(.text)
    CAN2_TX_IRQHandler                       0x0800026f   Thumb Code     0  startup_stm32f405xx.o(.text)
    DMA1_Stream0_IRQHandler                  0x0800026f   Thumb Code     0  startup_stm32f405xx.o(.text)
    DMA1_Stream1_IRQHandler                  0x0800026f   Thumb Code     0  startup_stm32f405xx.o(.text)
    DMA1_Stream2_IRQHandler                  0x0800026f   Thumb Code     0  startup_stm32f405xx.o(.text)
    DMA1_Stream3_IRQHandler                  0x0800026f   Thumb Code     0  startup_stm32f405xx.o(.text)
    DMA1_Stream4_IRQHandler                  0x0800026f   Thumb Code     0  startup_stm32f405xx.o(.text)
    DMA1_Stream5_IRQHandler                  0x0800026f   Thumb Code     0  startup_stm32f405xx.o(.text)
    DMA1_Stream6_IRQHandler                  0x0800026f   Thumb Code     0  startup_stm32f405xx.o(.text)
    DMA1_Stream7_IRQHandler                  0x0800026f   Thumb Code     0  startup_stm32f405xx.o(.text)
    DMA2_Stream0_IRQHandler                  0x0800026f   Thumb Code     0  startup_stm32f405xx.o(.text)
    DMA2_Stream1_IRQHandler                  0x0800026f   Thumb Code     0  startup_stm32f405xx.o(.text)
    DMA2_Stream2_IRQHandler                  0x0800026f   Thumb Code     0  startup_stm32f405xx.o(.text)
    DMA2_Stream3_IRQHandler                  0x0800026f   Thumb Code     0  startup_stm32f405xx.o(.text)
    DMA2_Stream4_IRQHandler                  0x0800026f   Thumb Code     0  startup_stm32f405xx.o(.text)
    DMA2_Stream5_IRQHandler                  0x0800026f   Thumb Code     0  startup_stm32f405xx.o(.text)
    DMA2_Stream6_IRQHandler                  0x0800026f   Thumb Code     0  startup_stm32f405xx.o(.text)
    DMA2_Stream7_IRQHandler                  0x0800026f   Thumb Code     0  startup_stm32f405xx.o(.text)
    EXTI15_10_IRQHandler                     0x0800026f   Thumb Code     0  startup_stm32f405xx.o(.text)
    EXTI1_IRQHandler                         0x0800026f   Thumb Code     0  startup_stm32f405xx.o(.text)
    EXTI2_IRQHandler                         0x0800026f   Thumb Code     0  startup_stm32f405xx.o(.text)
    EXTI3_IRQHandler                         0x0800026f   Thumb Code     0  startup_stm32f405xx.o(.text)
    EXTI4_IRQHandler                         0x0800026f   Thumb Code     0  startup_stm32f405xx.o(.text)
    EXTI9_5_IRQHandler                       0x0800026f   Thumb Code     0  startup_stm32f405xx.o(.text)
    FLASH_IRQHandler                         0x0800026f   Thumb Code     0  startup_stm32f405xx.o(.text)
    FMC_IRQHandler                           0x0800026f   Thumb Code     0  startup_stm32f405xx.o(.text)
    FPU_IRQHandler                           0x0800026f   Thumb Code     0  startup_stm32f405xx.o(.text)
    HASH_RNG_IRQHandler                      0x0800026f   Thumb Code     0  startup_stm32f405xx.o(.text)
    I2C1_ER_IRQHandler                       0x0800026f   Thumb Code     0  startup_stm32f405xx.o(.text)
    I2C1_EV_IRQHandler                       0x0800026f   Thumb Code     0  startup_stm32f405xx.o(.text)
    I2C2_ER_IRQHandler                       0x0800026f   Thumb Code     0  startup_stm32f405xx.o(.text)
    I2C2_EV_IRQHandler                       0x0800026f   Thumb Code     0  startup_stm32f405xx.o(.text)
    I2C3_ER_IRQHandler                       0x0800026f   Thumb Code     0  startup_stm32f405xx.o(.text)
    I2C3_EV_IRQHandler                       0x0800026f   Thumb Code     0  startup_stm32f405xx.o(.text)
    OTG_FS_IRQHandler                        0x0800026f   Thumb Code     0  startup_stm32f405xx.o(.text)
    OTG_FS_WKUP_IRQHandler                   0x0800026f   Thumb Code     0  startup_stm32f405xx.o(.text)
    OTG_HS_EP1_IN_IRQHandler                 0x0800026f   Thumb Code     0  startup_stm32f405xx.o(.text)
    OTG_HS_EP1_OUT_IRQHandler                0x0800026f   Thumb Code     0  startup_stm32f405xx.o(.text)
    OTG_HS_IRQHandler                        0x0800026f   Thumb Code     0  startup_stm32f405xx.o(.text)
    OTG_HS_WKUP_IRQHandler                   0x0800026f   Thumb Code     0  startup_stm32f405xx.o(.text)
    PVD_IRQHandler                           0x0800026f   Thumb Code     0  startup_stm32f405xx.o(.text)
    RCC_IRQHandler                           0x0800026f   Thumb Code     0  startup_stm32f405xx.o(.text)
    RTC_Alarm_IRQHandler                     0x0800026f   Thumb Code     0  startup_stm32f405xx.o(.text)
    RTC_WKUP_IRQHandler                      0x0800026f   Thumb Code     0  startup_stm32f405xx.o(.text)
    SDIO_IRQHandler                          0x0800026f   Thumb Code     0  startup_stm32f405xx.o(.text)
    SPI1_IRQHandler                          0x0800026f   Thumb Code     0  startup_stm32f405xx.o(.text)
    SPI2_IRQHandler                          0x0800026f   Thumb Code     0  startup_stm32f405xx.o(.text)
    SPI3_IRQHandler                          0x0800026f   Thumb Code     0  startup_stm32f405xx.o(.text)
    TAMP_STAMP_IRQHandler                    0x0800026f   Thumb Code     0  startup_stm32f405xx.o(.text)
    TIM1_BRK_TIM9_IRQHandler                 0x0800026f   Thumb Code     0  startup_stm32f405xx.o(.text)
    TIM1_CC_IRQHandler                       0x0800026f   Thumb Code     0  startup_stm32f405xx.o(.text)
    TIM1_TRG_COM_TIM11_IRQHandler            0x0800026f   Thumb Code     0  startup_stm32f405xx.o(.text)
    TIM1_UP_TIM10_IRQHandler                 0x0800026f   Thumb Code     0  startup_stm32f405xx.o(.text)
    TIM3_IRQHandler                          0x0800026f   Thumb Code     0  startup_stm32f405xx.o(.text)
    TIM4_IRQHandler                          0x0800026f   Thumb Code     0  startup_stm32f405xx.o(.text)
    TIM5_IRQHandler                          0x0800026f   Thumb Code     0  startup_stm32f405xx.o(.text)
    TIM6_DAC_IRQHandler                      0x0800026f   Thumb Code     0  startup_stm32f405xx.o(.text)
    TIM7_IRQHandler                          0x0800026f   Thumb Code     0  startup_stm32f405xx.o(.text)
    TIM8_BRK_TIM12_IRQHandler                0x0800026f   Thumb Code     0  startup_stm32f405xx.o(.text)
    TIM8_CC_IRQHandler                       0x0800026f   Thumb Code     0  startup_stm32f405xx.o(.text)
    TIM8_TRG_COM_TIM14_IRQHandler            0x0800026f   Thumb Code     0  startup_stm32f405xx.o(.text)
    TIM8_UP_TIM13_IRQHandler                 0x0800026f   Thumb Code     0  startup_stm32f405xx.o(.text)
    UART4_IRQHandler                         0x0800026f   Thumb Code     0  startup_stm32f405xx.o(.text)
    UART5_IRQHandler                         0x0800026f   Thumb Code     0  startup_stm32f405xx.o(.text)
    USART1_IRQHandler                        0x0800026f   Thumb Code     0  startup_stm32f405xx.o(.text)
    USART2_IRQHandler                        0x0800026f   Thumb Code     0  startup_stm32f405xx.o(.text)
    USART3_IRQHandler                        0x0800026f   Thumb Code     0  startup_stm32f405xx.o(.text)
    USART6_IRQHandler                        0x0800026f   Thumb Code     0  startup_stm32f405xx.o(.text)
    WWDG_IRQHandler                          0x0800026f   Thumb Code     0  startup_stm32f405xx.o(.text)
    __user_initial_stackheap                 0x08000271   Thumb Code     0  startup_stm32f405xx.o(.text)
    __aeabi_uldivmod                         0x08000295   Thumb Code     0  lludivv7m.o(.text)
    _ll_udiv                                 0x08000295   Thumb Code   238  lludivv7m.o(.text)
    __2snprintf                              0x08000385   Thumb Code    50  __2snprintf.o(.text)
    _printf_pre_padding                      0x080003bd   Thumb Code    44  _printf_pad.o(.text)
    _printf_post_padding                     0x080003e9   Thumb Code    34  _printf_pad.o(.text)
    _printf_str                              0x0800040b   Thumb Code    82  _printf_str.o(.text)
    _printf_int_dec                          0x0800045d   Thumb Code   104  _printf_dec.o(.text)
    __printf                                 0x080004d5   Thumb Code   388  __printf_flags_ss_wp.o(.text)
    __aeabi_memclr4                          0x0800065d   Thumb Code     0  rt_memclr_w.o(.text)
    __aeabi_memclr8                          0x0800065d   Thumb Code     0  rt_memclr_w.o(.text)
    __rt_memclr_w                            0x0800065d   Thumb Code    78  rt_memclr_w.o(.text)
    _memset_w                                0x08000661   Thumb Code     0  rt_memclr_w.o(.text)
    __use_two_region_memory                  0x080006ab   Thumb Code     2  heapauxi.o(.text)
    __rt_heap_escrow$2region                 0x080006ad   Thumb Code     2  heapauxi.o(.text)
    __rt_heap_expand$2region                 0x080006af   Thumb Code     2  heapauxi.o(.text)
    __read_errno                             0x080006b1   Thumb Code    10  _rserrno.o(.text)
    __set_errno                              0x080006bb   Thumb Code    12  _rserrno.o(.text)
    _printf_int_common                       0x080006c7   Thumb Code   178  _printf_intcommon.o(.text)
    __lib_sel_fp_printf                      0x08000779   Thumb Code     2  _printf_fp_dec.o(.text)
    _printf_fp_dec_real                      0x0800092b   Thumb Code   620  _printf_fp_dec.o(.text)
    _printf_char_common                      0x08000ba3   Thumb Code    32  _printf_char_common.o(.text)
    _sputc                                   0x08000bc9   Thumb Code    10  _sputc.o(.text)
    _snputc                                  0x08000bd3   Thumb Code    16  _snputc.o(.text)
    _printf_cs_common                        0x08000be3   Thumb Code    20  _printf_char.o(.text)
    _printf_char                             0x08000bf7   Thumb Code    16  _printf_char.o(.text)
    _printf_string                           0x08000c07   Thumb Code     8  _printf_char.o(.text)
    __rt_locale                              0x08000c11   Thumb Code     8  rt_locale_intlibspace.o(.text)
    __aeabi_errno_addr                       0x08000c19   Thumb Code     8  rt_errno_addr_intlibspace.o(.text)
    __errno$intlibspace                      0x08000c19   Thumb Code     0  rt_errno_addr_intlibspace.o(.text)
    __rt_errno_addr$intlibspace              0x08000c19   Thumb Code     0  rt_errno_addr_intlibspace.o(.text)
    _ll_udiv10                               0x08000c21   Thumb Code   138  lludiv10.o(.text)
    _printf_fp_infnan                        0x08000cad   Thumb Code   112  _printf_fp_infnan.o(.text)
    _btod_etento                             0x08000d2d   Thumb Code   224  bigflt0.o(.text)
    __user_libspace                          0x08000e11   Thumb Code     8  libspace.o(.text)
    __user_perproc_libspace                  0x08000e11   Thumb Code     0  libspace.o(.text)
    __user_perthread_libspace                0x08000e11   Thumb Code     0  libspace.o(.text)
    __user_setup_stackheap                   0x08000e19   Thumb Code    74  sys_stackheap_outer.o(.text)
    exit                                     0x08000e63   Thumb Code    18  exit.o(.text)
    strcmp                                   0x08000e75   Thumb Code   128  strcmpv7m.o(.text)
    _sys_exit                                0x08000ef5   Thumb Code     8  sys_exit.o(.text)
    __I$use$semihosting                      0x08000f01   Thumb Code     0  use_no_semi.o(.text)
    __use_no_semihosting_swi                 0x08000f01   Thumb Code     2  use_no_semi.o(.text)
    __semihosting_library_function           0x08000f03   Thumb Code     0  indicate_semi.o(.text)
    _btod_d2e                                0x08000f03   Thumb Code    62  btod.o(CL$$btod_d2e)
    _d2e_denorm_low                          0x08000f41   Thumb Code    70  btod.o(CL$$btod_d2e_denorm_low)
    _d2e_norm_op1                            0x08000f87   Thumb Code    96  btod.o(CL$$btod_d2e_norm_op1)
    __btod_div_common                        0x08000fe7   Thumb Code   696  btod.o(CL$$btod_div_common)
    _e2e                                     0x0800131f   Thumb Code   220  btod.o(CL$$btod_e2e)
    _btod_ediv                               0x080013fb   Thumb Code    42  btod.o(CL$$btod_ediv)
    _btod_emul                               0x08001425   Thumb Code    42  btod.o(CL$$btod_emul)
    __btod_mult_common                       0x0800144f   Thumb Code   580  btod.o(CL$$btod_mult_common)
    AD9834_Init                              0x08001695   Thumb Code   110  9834.o(i.AD9834_Init)
    AD9834_Select_Wave                       0x08001715   Thumb Code    24  9834.o(i.AD9834_Select_Wave)
    AD9834_Set_Freq                          0x08001731   Thumb Code   104  9834.o(i.AD9834_Set_Freq)
    AD9834_Set_MclkHz                        0x0800179d   Thumb Code    10  9834.o(i.AD9834_Set_MclkHz)
    AD9834_Set_OutputEnabled                 0x080017ad   Thumb Code    22  9834.o(i.AD9834_Set_OutputEnabled)
    AD9834_Set_Phase                         0x080017c9   Thumb Code    90  9834.o(i.AD9834_Set_Phase)
    AD9834_Set_Reset                         0x08001831   Thumb Code    22  9834.o(i.AD9834_Set_Reset)
    AD9834_Write_16Bits                      0x0800184d   Thumb Code   110  9834.o(i.AD9834_Write_16Bits)
    BusFault_Handler                         0x080019f5   Thumb Code     2  stm32f4xx_it.o(i.BusFault_Handler)
    DebugMon_Handler                         0x080019f7   Thumb Code     2  stm32f4xx_it.o(i.DebugMon_Handler)
    EXTI0_IRQHandler                         0x080019f9   Thumb Code     6  stm32f4xx_it.o(i.EXTI0_IRQHandler)
    Error_Handler                            0x080019ff   Thumb Code     4  main.o(i.Error_Handler)
    HAL_ADC_ConfigChannel                    0x08001a05   Thumb Code   316  stm32f4xx_hal_adc.o(i.HAL_ADC_ConfigChannel)
    HAL_ADC_GetValue                         0x08001b51   Thumb Code     6  stm32f4xx_hal_adc.o(i.HAL_ADC_GetValue)
    HAL_ADC_Init                             0x08001b57   Thumb Code    84  stm32f4xx_hal_adc.o(i.HAL_ADC_Init)
    HAL_ADC_MspInit                          0x08001bad   Thumb Code    84  adc.o(i.HAL_ADC_MspInit)
    HAL_ADC_PollForConversion                0x08001c0d   Thumb Code   170  stm32f4xx_hal_adc.o(i.HAL_ADC_PollForConversion)
    HAL_ADC_Start                            0x08001cb9   Thumb Code   228  stm32f4xx_hal_adc.o(i.HAL_ADC_Start)
    HAL_ADC_Stop                             0x08001db5   Thumb Code    60  stm32f4xx_hal_adc.o(i.HAL_ADC_Stop)
    HAL_Delay                                0x08001df1   Thumb Code    32  stm32f4xx_hal.o(i.HAL_Delay)
    HAL_GPIO_EXTI_Callback                   0x08001e15   Thumb Code     2  stm32f4xx_hal_gpio.o(i.HAL_GPIO_EXTI_Callback)
    HAL_GPIO_EXTI_IRQHandler                 0x08001e19   Thumb Code    18  stm32f4xx_hal_gpio.o(i.HAL_GPIO_EXTI_IRQHandler)
    HAL_GPIO_Init                            0x08001e31   Thumb Code   450  stm32f4xx_hal_gpio.o(i.HAL_GPIO_Init)
    HAL_GPIO_ReadPin                         0x08002021   Thumb Code    10  stm32f4xx_hal_gpio.o(i.HAL_GPIO_ReadPin)
    HAL_GPIO_WritePin                        0x0800202b   Thumb Code    10  stm32f4xx_hal_gpio.o(i.HAL_GPIO_WritePin)
    HAL_GetTick                              0x08002035   Thumb Code     6  stm32f4xx_hal.o(i.HAL_GetTick)
    HAL_IncTick                              0x08002041   Thumb Code    12  stm32f4xx_hal.o(i.HAL_IncTick)
    HAL_Init                                 0x08002051   Thumb Code    48  stm32f4xx_hal.o(i.HAL_Init)
    HAL_InitTick                             0x08002085   Thumb Code    54  stm32f4xx_hal.o(i.HAL_InitTick)
    HAL_MspInit                              0x080020c5   Thumb Code    42  stm32f4xx_hal_msp.o(i.HAL_MspInit)
    HAL_NVIC_EnableIRQ                       0x080020f5   Thumb Code    26  stm32f4xx_hal_cortex.o(i.HAL_NVIC_EnableIRQ)
    HAL_NVIC_SetPriority                     0x08002111   Thumb Code    60  stm32f4xx_hal_cortex.o(i.HAL_NVIC_SetPriority)
    HAL_NVIC_SetPriorityGrouping             0x08002151   Thumb Code    26  stm32f4xx_hal_cortex.o(i.HAL_NVIC_SetPriorityGrouping)
    HAL_RCC_ClockConfig                      0x08002175   Thumb Code   288  stm32f4xx_hal_rcc.o(i.HAL_RCC_ClockConfig)
    HAL_RCC_GetSysClockFreq                  0x080022a9   Thumb Code    88  stm32f4xx_hal_rcc.o(i.HAL_RCC_GetSysClockFreq)
    HAL_RCC_OscConfig                        0x0800230d   Thumb Code   856  stm32f4xx_hal_rcc.o(i.HAL_RCC_OscConfig)
    HAL_SYSTICK_Config                       0x08002679   Thumb Code    40  stm32f4xx_hal_cortex.o(i.HAL_SYSTICK_Config)
    HardFault_Handler                        0x080026a1   Thumb Code     2  stm32f4xx_it.o(i.HardFault_Handler)
    LCR_QuadratureOutput_Tick                0x08002bfd   Thumb Code    18  main.o(i.LCR_QuadratureOutput_Tick)
    MX_ADC1_Init                             0x08002e39   Thumb Code    90  adc.o(i.MX_ADC1_Init)
    MX_GPIO_Init                             0x08002ea1   Thumb Code   400  gpio.o(i.MX_GPIO_Init)
    MemManage_Handler                        0x08003045   Thumb Code     2  stm32f4xx_it.o(i.MemManage_Handler)
    NMI_Handler                              0x08003047   Thumb Code     2  stm32f4xx_it.o(i.NMI_Handler)
    OLED_Clear                               0x08003049   Thumb Code    34  oled.o(i.OLED_Clear)
    OLED_ClearArea                           0x08003071   Thumb Code    94  oled.o(i.OLED_ClearArea)
    OLED_GPIO_Init                           0x080030d5   Thumb Code    38  oled.o(i.OLED_GPIO_Init)
    OLED_I2C_SendByte                        0x080030fb   Thumb Code    58  oled.o(i.OLED_I2C_SendByte)
    OLED_I2C_Start                           0x08003135   Thumb Code    30  oled.o(i.OLED_I2C_Start)
    OLED_I2C_Stop                            0x08003153   Thumb Code    24  oled.o(i.OLED_I2C_Stop)
    OLED_Init                                0x0800316b   Thumb Code   156  oled.o(i.OLED_Init)
    OLED_SetCursor                           0x08003207   Thumb Code    34  oled.o(i.OLED_SetCursor)
    OLED_ShowChar                            0x08003229   Thumb Code    52  oled.o(i.OLED_ShowChar)
    OLED_ShowImage                           0x08003265   Thumb Code   172  oled.o(i.OLED_ShowImage)
    OLED_ShowString                          0x08003315   Thumb Code    44  oled.o(i.OLED_ShowString)
    OLED_Update                              0x08003341   Thumb Code    34  oled.o(i.OLED_Update)
    OLED_W_SCL                               0x08003369   Thumb Code    36  oled.o(i.OLED_W_SCL)
    OLED_W_SDA                               0x08003391   Thumb Code    36  oled.o(i.OLED_W_SDA)
    OLED_WriteCommand                        0x080033b9   Thumb Code    34  oled.o(i.OLED_WriteCommand)
    OLED_WriteData                           0x080033db   Thumb Code    48  oled.o(i.OLED_WriteData)
    PendSV_Handler                           0x0800340b   Thumb Code     2  stm32f4xx_it.o(i.PendSV_Handler)
    SVC_Handler                              0x0800340d   Thumb Code     2  stm32f4xx_it.o(i.SVC_Handler)
    SysTick_Handler                          0x0800340f   Thumb Code     4  stm32f4xx_it.o(i.SysTick_Handler)
    SystemClock_Config                       0x08003415   Thumb Code   140  main.o(i.SystemClock_Config)
    SystemInit                               0x080034a9   Thumb Code    12  system_stm32f4xx.o(i.SystemInit)
    TIM2_IRQHandler                          0x080034b9   Thumb Code    24  stm32f4xx_it.o(i.TIM2_IRQHandler)
    UsageFault_Handler                       0x080034d1   Thumb Code     2  stm32f4xx_it.o(i.UsageFault_Handler)
    __ARM_fpclassify                         0x080034d3   Thumb Code    48  fpclassify.o(i.__ARM_fpclassify)
    __ARM_fpclassifyf                        0x08003503   Thumb Code    38  fpclassifyf.o(i.__ARM_fpclassifyf)
    __hardfp_atan2f                          0x08003549   Thumb Code   502  atan2f.o(i.__hardfp_atan2f)
    __hardfp_sqrtf                           0x08003799   Thumb Code    58  sqrtf.o(i.__hardfp_sqrtf)
    __mathlib_flt_infnan2                    0x080037d3   Thumb Code     6  funder.o(i.__mathlib_flt_infnan2)
    __mathlib_flt_underflow                  0x080037d9   Thumb Code    10  funder.o(i.__mathlib_flt_underflow)
    _is_digit                                0x080037e9   Thumb Code    14  __printf_wp.o(i._is_digit)
    main                                     0x080037f9   Thumb Code   224  main.o(i.main)
    _get_lc_numeric                          0x080038f5   Thumb Code    44  lc_numeric_c.o(locale$$code)
    __fpl_dretinf                            0x08003921   Thumb Code    12  dretinf.o(x$fpl$dretinf)
    __aeabi_f2d                              0x0800392d   Thumb Code     0  f2d.o(x$fpl$f2d)
    _f2d                                     0x0800392d   Thumb Code    86  f2d.o(x$fpl$f2d)
    __fpl_fnaninf                            0x08003983   Thumb Code   140  fnaninf.o(x$fpl$fnaninf)
    _fp_init                                 0x08003a0f   Thumb Code    10  fpinit.o(x$fpl$fpinit)
    __fplib_config_fpu_vfp                   0x08003a17   Thumb Code     0  fpinit.o(x$fpl$fpinit)
    __fplib_config_pureend_doubles           0x08003a17   Thumb Code     0  fpinit.o(x$fpl$fpinit)
    _printf_fp_dec                           0x08003a19   Thumb Code     4  printf1.o(x$fpl$printf1)
    __I$use$fp                               0x08003a1c   Number         0  usenofp.o(x$fpl$usenofp)
    OLED_F8x16                               0x08003a2c   Data        1520  oled_data.o(.constdata)
    OLED_F6x8                                0x0800401c   Data         570  oled_data.o(.constdata)
    AHBPrescTable                            0x08004256   Data          16  system_stm32f4xx.o(.constdata)
    Region$$Table$$Base                      0x0800431c   Number         0  anon$$obj.o(Region$$Table)
    Region$$Table$$Limit                     0x0800433c   Number         0  anon$$obj.o(Region$$Table)
    lcr_force_step_enable                    0x20000003   Data           1  main.o(.data)
    lcr_force_step_index                     0x20000004   Data           1  main.o(.data)
    uwTickFreq                               0x2000002c   Data           1  stm32f4xx_hal.o(.data)
    uwTickPrio                               0x20000030   Data           4  stm32f4xx_hal.o(.data)
    uwTick                                   0x20000034   Data           4  stm32f4xx_hal.o(.data)
    SystemCoreClock                          0x20000038   Data           4  system_stm32f4xx.o(.data)
    lcr_debug                                0x2000003c   Data          80  main.o(.bss)
    hadc1                                    0x2000008c   Data          72  adc.o(.bss)
    OLED_DisplayBuf                          0x200000d4   Data        1024  oled.o(.bss)
    __libspace_start                         0x200004d4   Data          96  libspace.o(.bss)
    __temporary_stack_top$libspace           0x20000534   Data           0  libspace.o(.bss)



==============================================================================

Memory Map of the image

  Image Entry point : 0x08000189

  Load Region LR_IROM1 (Base: 0x08000000, Size: 0x00004394, Max: 0x00100000, ABSOLUTE)

    Execution Region ER_IROM1 (Exec base: 0x08000000, Load base: 0x08000000, Size: 0x00004358, Max: 0x00100000, ABSOLUTE)

    Exec Addr    Load Addr    Size         Type   Attr      Idx    E Section Name        Object

    0x08000000   0x08000000   0x00000188   Data   RO            3    RESET               startup_stm32f405xx.o
    0x08000188   0x08000188   0x00000008   Code   RO         2259  * !!!main             c_w.l(__main.o)
    0x08000190   0x08000190   0x00000034   Code   RO         2707    !!!scatter          c_w.l(__scatter.o)
    0x080001c4   0x080001c4   0x0000001a   Code   RO         2709    !!handler_copy      c_w.l(__scatter_copy.o)
    0x080001de   0x080001de   0x00000002   PAD
    0x080001e0   0x080001e0   0x0000001c   Code   RO         2711    !!handler_zi        c_w.l(__scatter_zi.o)
    0x080001fc   0x080001fc   0x00000000   Code   RO         2254    .ARM.Collect$$_printf_percent$$00000000  c_w.l(_printf_percent.o)
    0x080001fc   0x080001fc   0x00000006   Code   RO         2253    .ARM.Collect$$_printf_percent$$00000003  c_w.l(_printf_f.o)
    0x08000202   0x08000202   0x00000006   Code   RO         2252    .ARM.Collect$$_printf_percent$$0000000A  c_w.l(_printf_u.o)
    0x08000208   0x08000208   0x00000006   Code   RO         2250    .ARM.Collect$$_printf_percent$$00000013  c_w.l(_printf_c.o)
    0x0800020e   0x0800020e   0x00000006   Code   RO         2251    .ARM.Collect$$_printf_percent$$00000014  c_w.l(_printf_s.o)
    0x08000214   0x08000214   0x00000004   Code   RO         2403    .ARM.Collect$$_printf_percent$$00000017  c_w.l(_printf_percent_end.o)
    0x08000218   0x08000218   0x00000002   Code   RO         2577    .ARM.Collect$$libinit$$00000000  c_w.l(libinit.o)
    0x0800021a   0x0800021a   0x00000004   Code   RO         2578    .ARM.Collect$$libinit$$00000001  c_w.l(libinit2.o)
    0x0800021e   0x0800021e   0x00000000   Code   RO         2581    .ARM.Collect$$libinit$$00000004  c_w.l(libinit2.o)
    0x0800021e   0x0800021e   0x00000000   Code   RO         2584    .ARM.Collect$$libinit$$0000000A  c_w.l(libinit2.o)
    0x0800021e   0x0800021e   0x00000000   Code   RO         2586    .ARM.Collect$$libinit$$0000000C  c_w.l(libinit2.o)
    0x0800021e   0x0800021e   0x00000000   Code   RO         2588    .ARM.Collect$$libinit$$0000000E  c_w.l(libinit2.o)
    0x0800021e   0x0800021e   0x00000006   Code   RO         2589    .ARM.Collect$$libinit$$0000000F  c_w.l(libinit2.o)
    0x08000224   0x08000224   0x00000000   Code   RO         2591    .ARM.Collect$$libinit$$00000011  c_w.l(libinit2.o)
    0x08000224   0x08000224   0x00000000   Code   RO         2593    .ARM.Collect$$libinit$$00000013  c_w.l(libinit2.o)
    0x08000224   0x08000224   0x00000000   Code   RO         2595    .ARM.Collect$$libinit$$00000015  c_w.l(libinit2.o)
    0x08000224   0x08000224   0x0000000a   Code   RO         2596    .ARM.Collect$$libinit$$00000016  c_w.l(libinit2.o)
    0x0800022e   0x0800022e   0x00000000   Code   RO         2597    .ARM.Collect$$libinit$$00000017  c_w.l(libinit2.o)
    0x0800022e   0x0800022e   0x00000000   Code   RO         2599    .ARM.Collect$$libinit$$00000019  c_w.l(libinit2.o)
    0x0800022e   0x0800022e   0x00000000   Code   RO         2601    .ARM.Collect$$libinit$$0000001B  c_w.l(libinit2.o)
    0x0800022e   0x0800022e   0x00000000   Code   RO         2603    .ARM.Collect$$libinit$$0000001D  c_w.l(libinit2.o)
    0x0800022e   0x0800022e   0x00000000   Code   RO         2605    .ARM.Collect$$libinit$$0000001F  c_w.l(libinit2.o)
    0x0800022e   0x0800022e   0x00000000   Code   RO         2607    .ARM.Collect$$libinit$$00000021  c_w.l(libinit2.o)
    0x0800022e   0x0800022e   0x00000000   Code   RO         2609    .ARM.Collect$$libinit$$00000023  c_w.l(libinit2.o)
    0x0800022e   0x0800022e   0x00000000   Code   RO         2611    .ARM.Collect$$libinit$$00000025  c_w.l(libinit2.o)
    0x0800022e   0x0800022e   0x00000000   Code   RO         2615    .ARM.Collect$$libinit$$0000002C  c_w.l(libinit2.o)
    0x0800022e   0x0800022e   0x00000000   Code   RO         2617    .ARM.Collect$$libinit$$0000002E  c_w.l(libinit2.o)
    0x0800022e   0x0800022e   0x00000000   Code   RO         2619    .ARM.Collect$$libinit$$00000030  c_w.l(libinit2.o)
    0x0800022e   0x0800022e   0x00000000   Code   RO         2621    .ARM.Collect$$libinit$$00000032  c_w.l(libinit2.o)
    0x0800022e   0x0800022e   0x00000002   Code   RO         2622    .ARM.Collect$$libinit$$00000033  c_w.l(libinit2.o)
    0x08000230   0x08000230   0x00000002   Code   RO         2672    .ARM.Collect$$libshutdown$$00000000  c_w.l(libshutdown.o)
    0x08000232   0x08000232   0x00000000   Code   RO         2690    .ARM.Collect$$libshutdown$$00000002  c_w.l(libshutdown2.o)
    0x08000232   0x08000232   0x00000000   Code   RO         2692    .ARM.Collect$$libshutdown$$00000004  c_w.l(libshutdown2.o)
    0x08000232   0x08000232   0x00000000   Code   RO         2695    .ARM.Collect$$libshutdown$$00000007  c_w.l(libshutdown2.o)
    0x08000232   0x08000232   0x00000000   Code   RO         2698    .ARM.Collect$$libshutdown$$0000000A  c_w.l(libshutdown2.o)
    0x08000232   0x08000232   0x00000000   Code   RO         2700    .ARM.Collect$$libshutdown$$0000000C  c_w.l(libshutdown2.o)
    0x08000232   0x08000232   0x00000000   Code   RO         2703    .ARM.Collect$$libshutdown$$0000000F  c_w.l(libshutdown2.o)
    0x08000232   0x08000232   0x00000002   Code   RO         2704    .ARM.Collect$$libshutdown$$00000010  c_w.l(libshutdown2.o)
    0x08000234   0x08000234   0x00000000   Code   RO         2339    .ARM.Collect$$rtentry$$00000000  c_w.l(__rtentry.o)
    0x08000234   0x08000234   0x00000000   Code   RO         2484    .ARM.Collect$$rtentry$$00000002  c_w.l(__rtentry2.o)
    0x08000234   0x08000234   0x00000006   Code   RO         2496    .ARM.Collect$$rtentry$$00000004  c_w.l(__rtentry4.o)
    0x0800023a   0x0800023a   0x00000000   Code   RO         2486    .ARM.Collect$$rtentry$$00000009  c_w.l(__rtentry2.o)
    0x0800023a   0x0800023a   0x00000004   Code   RO         2487    .ARM.Collect$$rtentry$$0000000A  c_w.l(__rtentry2.o)
    0x0800023e   0x0800023e   0x00000000   Code   RO         2489    .ARM.Collect$$rtentry$$0000000C  c_w.l(__rtentry2.o)
    0x0800023e   0x0800023e   0x00000008   Code   RO         2490    .ARM.Collect$$rtentry$$0000000D  c_w.l(__rtentry2.o)
    0x08000246   0x08000246   0x00000002   Code   RO         2623    .ARM.Collect$$rtexit$$00000000  c_w.l(rtexit.o)
    0x08000248   0x08000248   0x00000000   Code   RO         2641    .ARM.Collect$$rtexit$$00000002  c_w.l(rtexit2.o)
    0x08000248   0x08000248   0x00000004   Code   RO         2642    .ARM.Collect$$rtexit$$00000003  c_w.l(rtexit2.o)
    0x0800024c   0x0800024c   0x00000006   Code   RO         2643    .ARM.Collect$$rtexit$$00000004  c_w.l(rtexit2.o)
    0x08000252   0x08000252   0x00000002   PAD
    0x08000254   0x08000254   0x00000040   Code   RO            4    .text               startup_stm32f405xx.o
    0x08000294   0x08000294   0x000000ee   Code   RO         2214    .text               c_w.l(lludivv7m.o)
    0x08000382   0x08000382   0x00000002   PAD
    0x08000384   0x08000384   0x00000038   Code   RO         2218    .text               c_w.l(__2snprintf.o)
    0x080003bc   0x080003bc   0x0000004e   Code   RO         2224    .text               c_w.l(_printf_pad.o)
    0x0800040a   0x0800040a   0x00000052   Code   RO         2226    .text               c_w.l(_printf_str.o)
    0x0800045c   0x0800045c   0x00000078   Code   RO         2228    .text               c_w.l(_printf_dec.o)
    0x080004d4   0x080004d4   0x00000188   Code   RO         2247    .text               c_w.l(__printf_flags_ss_wp.o)
    0x0800065c   0x0800065c   0x0000004e   Code   RO         2255    .text               c_w.l(rt_memclr_w.o)
    0x080006aa   0x080006aa   0x00000006   Code   RO         2257    .text               c_w.l(heapauxi.o)
    0x080006b0   0x080006b0   0x00000016   Code   RO         2344    .text               c_w.l(_rserrno.o)
    0x080006c6   0x080006c6   0x000000b2   Code   RO         2348    .text               c_w.l(_printf_intcommon.o)
    0x08000778   0x08000778   0x0000041e   Code   RO         2352    .text               c_w.l(_printf_fp_dec.o)
    0x08000b96   0x08000b96   0x00000002   PAD
    0x08000b98   0x08000b98   0x00000030   Code   RO         2354    .text               c_w.l(_printf_char_common.o)
    0x08000bc8   0x08000bc8   0x0000000a   Code   RO         2356    .text               c_w.l(_sputc.o)
    0x08000bd2   0x08000bd2   0x00000010   Code   RO         2358    .text               c_w.l(_snputc.o)
    0x08000be2   0x08000be2   0x0000002c   Code   RO         2360    .text               c_w.l(_printf_char.o)
    0x08000c0e   0x08000c0e   0x00000002   PAD
    0x08000c10   0x08000c10   0x00000008   Code   RO         2503    .text               c_w.l(rt_locale_intlibspace.o)
    0x08000c18   0x08000c18   0x00000008   Code   RO         2508    .text               c_w.l(rt_errno_addr_intlibspace.o)
    0x08000c20   0x08000c20   0x0000008a   Code   RO         2510    .text               c_w.l(lludiv10.o)
    0x08000caa   0x08000caa   0x00000002   PAD
    0x08000cac   0x08000cac   0x00000080   Code   RO         2515    .text               c_w.l(_printf_fp_infnan.o)
    0x08000d2c   0x08000d2c   0x000000e4   Code   RO         2521    .text               c_w.l(bigflt0.o)
    0x08000e10   0x08000e10   0x00000008   Code   RO         2557    .text               c_w.l(libspace.o)
    0x08000e18   0x08000e18   0x0000004a   Code   RO         2560    .text               c_w.l(sys_stackheap_outer.o)
    0x08000e62   0x08000e62   0x00000012   Code   RO         2564    .text               c_w.l(exit.o)
    0x08000e74   0x08000e74   0x00000080   Code   RO         2570    .text               c_w.l(strcmpv7m.o)
    0x08000ef4   0x08000ef4   0x0000000c   Code   RO         2638    .text               c_w.l(sys_exit.o)
    0x08000f00   0x08000f00   0x00000002   Code   RO         2659    .text               c_w.l(use_no_semi.o)
    0x08000f02   0x08000f02   0x00000000   Code   RO         2661    .text               c_w.l(indicate_semi.o)
    0x08000f02   0x08000f02   0x0000003e   Code   RO         2524    CL$$btod_d2e        c_w.l(btod.o)
    0x08000f40   0x08000f40   0x00000046   Code   RO         2526    CL$$btod_d2e_denorm_low  c_w.l(btod.o)
    0x08000f86   0x08000f86   0x00000060   Code   RO         2525    CL$$btod_d2e_norm_op1  c_w.l(btod.o)
    0x08000fe6   0x08000fe6   0x00000338   Code   RO         2534    CL$$btod_div_common  c_w.l(btod.o)
    0x0800131e   0x0800131e   0x000000dc   Code   RO         2531    CL$$btod_e2e        c_w.l(btod.o)
    0x080013fa   0x080013fa   0x0000002a   Code   RO         2528    CL$$btod_ediv       c_w.l(btod.o)
    0x08001424   0x08001424   0x0000002a   Code   RO         2527    CL$$btod_emul       c_w.l(btod.o)
    0x0800144e   0x0800144e   0x00000244   Code   RO         2533    CL$$btod_mult_common  c_w.l(btod.o)
    0x08001692   0x08001692   0x00000002   PAD
    0x08001694   0x08001694   0x00000080   Code   RO          424    i.AD9834_Init       9834.o
    0x08001714   0x08001714   0x0000001c   Code   RO          425    i.AD9834_Select_Wave  9834.o
    0x08001730   0x08001730   0x0000006c   Code   RO          426    i.AD9834_Set_Freq   9834.o
    0x0800179c   0x0800179c   0x00000010   Code   RO          427    i.AD9834_Set_MclkHz  9834.o
    0x080017ac   0x080017ac   0x0000001c   Code   RO          428    i.AD9834_Set_OutputEnabled  9834.o
    0x080017c8   0x080017c8   0x00000068   Code   RO          429    i.AD9834_Set_Phase  9834.o
    0x08001830   0x08001830   0x0000001c   Code   RO          430    i.AD9834_Set_Reset  9834.o
    0x0800184c   0x0800184c   0x00000074   Code   RO          431    i.AD9834_Write_16Bits  9834.o
    0x080018c0   0x080018c0   0x0000000c   Code   RO          432    i.AD9834_Write_ControlRegister  9834.o
    0x080018cc   0x080018cc   0x00000128   Code   RO          755    i.ADC_Init          stm32f4xx_hal_adc.o
    0x080019f4   0x080019f4   0x00000002   Code   RO          312    i.BusFault_Handler  stm32f4xx_it.o
    0x080019f6   0x080019f6   0x00000002   Code   RO          313    i.DebugMon_Handler  stm32f4xx_it.o
    0x080019f8   0x080019f8   0x00000006   Code   RO          314    i.EXTI0_IRQHandler  stm32f4xx_it.o
    0x080019fe   0x080019fe   0x00000004   Code   RO           13    i.Error_Handler     main.o
    0x08001a02   0x08001a02   0x00000002   PAD
    0x08001a04   0x08001a04   0x0000014c   Code   RO          757    i.HAL_ADC_ConfigChannel  stm32f4xx_hal_adc.o
    0x08001b50   0x08001b50   0x00000006   Code   RO          764    i.HAL_ADC_GetValue  stm32f4xx_hal_adc.o
    0x08001b56   0x08001b56   0x00000054   Code   RO          766    i.HAL_ADC_Init      stm32f4xx_hal_adc.o
    0x08001baa   0x08001baa   0x00000002   PAD
    0x08001bac   0x08001bac   0x00000060   Code   RO          271    i.HAL_ADC_MspInit   adc.o
    0x08001c0c   0x08001c0c   0x000000aa   Code   RO          770    i.HAL_ADC_PollForConversion  stm32f4xx_hal_adc.o
    0x08001cb6   0x08001cb6   0x00000002   PAD
    0x08001cb8   0x08001cb8   0x000000fc   Code   RO          772    i.HAL_ADC_Start     stm32f4xx_hal_adc.o
    0x08001db4   0x08001db4   0x0000003c   Code   RO          775    i.HAL_ADC_Stop      stm32f4xx_hal_adc.o
    0x08001df0   0x08001df0   0x00000024   Code   RO         1926    i.HAL_Delay         stm32f4xx_hal.o
    0x08001e14   0x08001e14   0x00000002   Code   RO         1380    i.HAL_GPIO_EXTI_Callback  stm32f4xx_hal_gpio.o
    0x08001e16   0x08001e16   0x00000002   PAD
    0x08001e18   0x08001e18   0x00000018   Code   RO         1381    i.HAL_GPIO_EXTI_IRQHandler  stm32f4xx_hal_gpio.o
    0x08001e30   0x08001e30   0x000001f0   Code   RO         1382    i.HAL_GPIO_Init     stm32f4xx_hal_gpio.o
    0x08002020   0x08002020   0x0000000a   Code   RO         1384    i.HAL_GPIO_ReadPin  stm32f4xx_hal_gpio.o
    0x0800202a   0x0800202a   0x0000000a   Code   RO         1386    i.HAL_GPIO_WritePin  stm32f4xx_hal_gpio.o
    0x08002034   0x08002034   0x0000000c   Code   RO         1932    i.HAL_GetTick       stm32f4xx_hal.o
    0x08002040   0x08002040   0x00000010   Code   RO         1938    i.HAL_IncTick       stm32f4xx_hal.o
    0x08002050   0x08002050   0x00000034   Code   RO         1939    i.HAL_Init          stm32f4xx_hal.o
    0x08002084   0x08002084   0x00000040   Code   RO         1940    i.HAL_InitTick      stm32f4xx_hal.o
    0x080020c4   0x080020c4   0x00000030   Code   RO          399    i.HAL_MspInit       stm32f4xx_hal_msp.o
    0x080020f4   0x080020f4   0x0000001a   Code   RO         1774    i.HAL_NVIC_EnableIRQ  stm32f4xx_hal_cortex.o
    0x0800210e   0x0800210e   0x00000002   PAD
    0x08002110   0x08002110   0x00000040   Code   RO         1780    i.HAL_NVIC_SetPriority  stm32f4xx_hal_cortex.o
    0x08002150   0x08002150   0x00000024   Code   RO         1781    i.HAL_NVIC_SetPriorityGrouping  stm32f4xx_hal_cortex.o
    0x08002174   0x08002174   0x00000134   Code   RO         1028    i.HAL_RCC_ClockConfig  stm32f4xx_hal_rcc.o
    0x080022a8   0x080022a8   0x00000064   Code   RO         1037    i.HAL_RCC_GetSysClockFreq  stm32f4xx_hal_rcc.o
    0x0800230c   0x0800230c   0x0000036c   Code   RO         1040    i.HAL_RCC_OscConfig  stm32f4xx_hal_rcc.o
    0x08002678   0x08002678   0x00000028   Code   RO         1785    i.HAL_SYSTICK_Config  stm32f4xx_hal_cortex.o
    0x080026a0   0x080026a0   0x00000002   Code   RO          315    i.HardFault_Handler  stm32f4xx_it.o
    0x080026a2   0x080026a2   0x00000002   PAD
    0x080026a4   0x080026a4   0x00000024   Code   RO           14    i.LCR_ADC_CountToInputVolt  main.o
    0x080026c8   0x080026c8   0x00000074   Code   RO           15    i.LCR_Configure_MeasurementPath  main.o
    0x0800273c   0x0800273c   0x00000088   Code   RO           16    i.LCR_Key_Task      main.o
    0x080027c4   0x080027c4   0x000000dc   Code   RO           17    i.LCR_Measurement_Task  main.o
    0x080028a0   0x080028a0   0x000002d0   Code   RO           18    i.LCR_OLED_Task     main.o
    0x08002b70   0x08002b70   0x00000034   Code   RO           19    i.LCR_QuadratureOutput_SetStep  main.o
    0x08002ba4   0x08002ba4   0x00000058   Code   RO           20    i.LCR_QuadratureOutput_Start  main.o
    0x08002bfc   0x08002bfc   0x00000018   Code   RO           21    i.LCR_QuadratureOutput_Tick  main.o
    0x08002c14   0x08002c14   0x00000030   Code   RO           22    i.LCR_Set_InputSelection  main.o
    0x08002c44   0x08002c44   0x00000030   Code   RO           23    i.LCR_Set_ReferenceSelection  main.o
    0x08002c74   0x08002c74   0x0000004c   Code   RO           24    i.LCR_StartMeasurementStep  main.o
    0x08002cc0   0x08002cc0   0x00000084   Code   RO           25    i.LCR_SyncStartMeasurementFrame  main.o
    0x08002d44   0x08002d44   0x000000f4   Code   RO           26    i.LCR_UpdateImpedanceEstimate  main.o
    0x08002e38   0x08002e38   0x00000068   Code   RO          272    i.MX_ADC1_Init      adc.o
    0x08002ea0   0x08002ea0   0x000001a4   Code   RO          243    i.MX_GPIO_Init      gpio.o
    0x08003044   0x08003044   0x00000002   Code   RO          316    i.MemManage_Handler  stm32f4xx_it.o
    0x08003046   0x08003046   0x00000002   Code   RO          317    i.NMI_Handler       stm32f4xx_it.o
    0x08003048   0x08003048   0x00000028   Code   RO          502    i.OLED_Clear        oled.o
    0x08003070   0x08003070   0x00000064   Code   RO          503    i.OLED_ClearArea    oled.o
    0x080030d4   0x080030d4   0x00000026   Code   RO          511    i.OLED_GPIO_Init    oled.o
    0x080030fa   0x080030fa   0x0000003a   Code   RO          513    i.OLED_I2C_SendByte  oled.o
    0x08003134   0x08003134   0x0000001e   Code   RO          514    i.OLED_I2C_Start    oled.o
    0x08003152   0x08003152   0x00000018   Code   RO          515    i.OLED_I2C_Stop     oled.o
    0x0800316a   0x0800316a   0x0000009c   Code   RO          516    i.OLED_Init         oled.o
    0x08003206   0x08003206   0x00000022   Code   RO          522    i.OLED_SetCursor    oled.o
    0x08003228   0x08003228   0x0000003c   Code   RO          524    i.OLED_ShowChar     oled.o
    0x08003264   0x08003264   0x000000b0   Code   RO          527    i.OLED_ShowImage    oled.o
    0x08003314   0x08003314   0x0000002c   Code   RO          530    i.OLED_ShowString   oled.o
    0x08003340   0x08003340   0x00000028   Code   RO          531    i.OLED_Update       oled.o
    0x08003368   0x08003368   0x00000028   Code   RO          533    i.OLED_W_SCL        oled.o
    0x08003390   0x08003390   0x00000028   Code   RO          534    i.OLED_W_SDA        oled.o
    0x080033b8   0x080033b8   0x00000022   Code   RO          535    i.OLED_WriteCommand  oled.o
    0x080033da   0x080033da   0x00000030   Code   RO          536    i.OLED_WriteData    oled.o
    0x0800340a   0x0800340a   0x00000002   Code   RO          318    i.PendSV_Handler    stm32f4xx_it.o
    0x0800340c   0x0800340c   0x00000002   Code   RO          319    i.SVC_Handler       stm32f4xx_it.o
    0x0800340e   0x0800340e   0x00000004   Code   RO          320    i.SysTick_Handler   stm32f4xx_it.o
    0x08003412   0x08003412   0x00000002   PAD
    0x08003414   0x08003414   0x00000094   Code   RO           27    i.SystemClock_Config  main.o
    0x080034a8   0x080034a8   0x00000010   Code   RO         2178    i.SystemInit        system_stm32f4xx.o
    0x080034b8   0x080034b8   0x00000018   Code   RO          321    i.TIM2_IRQHandler   stm32f4xx_it.o
    0x080034d0   0x080034d0   0x00000002   Code   RO          322    i.UsageFault_Handler  stm32f4xx_it.o
    0x080034d2   0x080034d2   0x00000030   Code   RO         2553    i.__ARM_fpclassify  m_wm.l(fpclassify.o)
    0x08003502   0x08003502   0x00000026   Code   RO         2466    i.__ARM_fpclassifyf  m_wm.l(fpclassifyf.o)
    0x08003528   0x08003528   0x00000020   Code   RO         1787    i.__NVIC_SetPriority  stm32f4xx_hal_cortex.o
    0x08003548   0x08003548   0x00000250   Code   RO         2311    i.__hardfp_atan2f   m_wm.l(atan2f.o)
    0x08003798   0x08003798   0x0000003a   Code   RO         2327    i.__hardfp_sqrtf    m_wm.l(sqrtf.o)
    0x080037d2   0x080037d2   0x00000006   Code   RO         2470    i.__mathlib_flt_infnan2  m_wm.l(funder.o)
    0x080037d8   0x080037d8   0x00000010   Code   RO         2474    i.__mathlib_flt_underflow  m_wm.l(funder.o)
    0x080037e8   0x080037e8   0x0000000e   Code   RO         2240    i._is_digit         c_w.l(__printf_wp.o)
    0x080037f6   0x080037f6   0x00000002   PAD
    0x080037f8   0x080037f8   0x000000fc   Code   RO           28    i.main              main.o
    0x080038f4   0x080038f4   0x0000002c   Code   RO         2549    locale$$code        c_w.l(lc_numeric_c.o)
    0x08003920   0x08003920   0x0000000c   Code   RO         2417    x$fpl$dretinf       fz_wm.l(dretinf.o)
    0x0800392c   0x0800392c   0x00000056   Code   RO         2295    x$fpl$f2d           fz_wm.l(f2d.o)
    0x08003982   0x08003982   0x0000008c   Code   RO         2421    x$fpl$fnaninf       fz_wm.l(fnaninf.o)
    0x08003a0e   0x08003a0e   0x0000000a   Code   RO         2636    x$fpl$fpinit        fz_wm.l(fpinit.o)
    0x08003a18   0x08003a18   0x00000004   Code   RO         2297    x$fpl$printf1       fz_wm.l(printf1.o)
    0x08003a1c   0x08003a1c   0x00000000   Code   RO         2431    x$fpl$usenofp       fz_wm.l(usenofp.o)
    0x08003a1c   0x08003a1c   0x00000010   Data   RO           30    .constdata          main.o
    0x08003a2c   0x08003a2c   0x000005f0   Data   RO          735    .constdata          oled_data.o
    0x0800401c   0x0800401c   0x0000023a   Data   RO          736    .constdata          oled_data.o
    0x08004256   0x08004256   0x00000010   Data   RO         2179    .constdata          system_stm32f4xx.o
    0x08004266   0x08004266   0x00000011   Data   RO         2248    .constdata          c_w.l(__printf_flags_ss_wp.o)
    0x08004277   0x08004277   0x00000001   PAD
    0x08004278   0x08004278   0x00000094   Data   RO         2522    .constdata          c_w.l(bigflt0.o)
    0x0800430c   0x0800430c   0x0000000f   Data   RO           31    .conststring        main.o
    0x0800431b   0x0800431b   0x00000001   PAD
    0x0800431c   0x0800431c   0x00000020   Data   RO         2705    Region$$Table       anon$$obj.o
    0x0800433c   0x0800433c   0x0000001c   Data   RO         2548    locale$$data        c_w.l(lc_numeric_c.o)


    Execution Region RW_IRAM1 (Exec base: 0x20000000, Load base: 0x08004358, Size: 0x00000b38, Max: 0x0001c000, ABSOLUTE)

    Exec Addr    Load Addr    Size         Type   Attr      Idx    E Section Name        Object

    0x20000000   0x08004358   0x00000024   Data   RW           32    .data               main.o
    0x20000024   0x0800437c   0x00000008   Data   RW          433    .data               9834.o
    0x2000002c   0x08004384   0x0000000c   Data   RW         1946    .data               stm32f4xx_hal.o
    0x20000038   0x08004390   0x00000004   Data   RW         2181    .data               system_stm32f4xx.o
    0x2000003c        -       0x00000050   Zero   RW           29    .bss                main.o
    0x2000008c        -       0x00000048   Zero   RW          273    .bss                adc.o
    0x200000d4        -       0x00000400   Zero   RW          538    .bss                oled.o
    0x200004d4        -       0x00000060   Zero   RW         2558    .bss                c_w.l(libspace.o)
    0x20000534   0x08004394   0x00000004   PAD
    0x20000538        -       0x00000200   Zero   RW            2    HEAP                startup_stm32f405xx.o
    0x20000738        -       0x00000400   Zero   RW            1    STACK               startup_stm32f405xx.o


    Execution Region RW_IRAM2 (Exec base: 0x2001c000, Load base: 0x08004394, Size: 0x00000000, Max: 0x00004000, ABSOLUTE)

    **** No section assigned to this execution region ****


==============================================================================

Image component sizes


      Code (inc. data)   RO Data    RW Data    ZI Data      Debug   Object Name

       568         68          0          8          0       5628   9834.o
       200         26          0          0         72       1681   adc.o
       420         20          0          0          0       1107   gpio.o
      2344        332         31         36         80     632923   main.o
       962         38          0          0       1024      10469   oled.o
         0          0       2090          0          0        531   oled_data.o
        64         26        392          0       1536        836   startup_stm32f405xx.o
       180         28          0         12          0       9369   stm32f4xx_hal.o
      1200         52          0          0          0       5885   stm32f4xx_hal_adc.o
       198         14          0          0          0      33783   stm32f4xx_hal_cortex.o
       542         52          0          0          0       4003   stm32f4xx_hal_gpio.o
        48          6          0          0          0        850   stm32f4xx_hal_msp.o
      1284         52          0          0          0       4046   stm32f4xx_hal_rcc.o
        50          0          0          0          0       5059   stm32f4xx_it.o
        16          4         16          4          0       1115   system_stm32f4xx.o

    ----------------------------------------------------------------------
      8090        718       2562         60       2712     717285   Object Totals
         0          0         32          0          0          0   (incl. Generated)
        14          0          1          0          0          0   (incl. Padding)

    ----------------------------------------------------------------------

      Code (inc. data)   RO Data    RW Data    ZI Data      Debug   Library Member Name

        56          6          0          0          0         88   __2snprintf.o
         8          0          0          0          0         68   __main.o
       392          4         17          0          0         92   __printf_flags_ss_wp.o
        14          0          0          0          0         68   __printf_wp.o
         0          0          0          0          0          0   __rtentry.o
        12          0          0          0          0          0   __rtentry2.o
         6          0          0          0          0          0   __rtentry4.o
        52          8          0          0          0          0   __scatter.o
        26          0          0          0          0          0   __scatter_copy.o
        28          0          0          0          0          0   __scatter_zi.o
         6          0          0          0          0          0   _printf_c.o
        44          0          0          0          0        108   _printf_char.o
        48          6          0          0          0         96   _printf_char_common.o
       120         16          0          0          0         92   _printf_dec.o
         6          0          0          0          0          0   _printf_f.o
      1054          0          0          0          0        216   _printf_fp_dec.o
       128         16          0          0          0         84   _printf_fp_infnan.o
       178          0          0          0          0         88   _printf_intcommon.o
        78          0          0          0          0        108   _printf_pad.o
         0          0          0          0          0          0   _printf_percent.o
         4          0          0          0          0          0   _printf_percent_end.o
         6          0          0          0          0          0   _printf_s.o
        82          0          0          0          0         80   _printf_str.o
         6          0          0          0          0          0   _printf_u.o
        22          0          0          0          0        100   _rserrno.o
        16          0          0          0          0         68   _snputc.o
        10          0          0          0          0         68   _sputc.o
       228          4        148          0          0         96   bigflt0.o
      1936        128          0          0          0        672   btod.o
        18          0          0          0          0         80   exit.o
         6          0          0          0          0        152   heapauxi.o
         0          0          0          0          0          0   indicate_semi.o
        44         10         28          0          0         76   lc_numeric_c.o
         2          0          0          0          0          0   libinit.o
        22          0          0          0          0          0   libinit2.o
         2          0          0          0          0          0   libshutdown.o
         2          0          0          0          0          0   libshutdown2.o
         8          4          0          0         96         68   libspace.o
       138          0          0          0          0         80   lludiv10.o
       238          0          0          0          0        100   lludivv7m.o
         8          4          0          0          0         68   rt_errno_addr_intlibspace.o
         8          4          0          0          0         68   rt_locale_intlibspace.o
        78          0          0          0          0         80   rt_memclr_w.o
         2          0          0          0          0          0   rtexit.o
        10          0          0          0          0          0   rtexit2.o
       128          0          0          0          0         68   strcmpv7m.o
        12          4          0          0          0         68   sys_exit.o
        74          0          0          0          0         80   sys_stackheap_outer.o
         2          0          0          0          0         68   use_no_semi.o
        12          0          0          0          0        116   dretinf.o
        86          4          0          0          0        132   f2d.o
       140          4          0          0          0        132   fnaninf.o
        10          0          0          0          0        116   fpinit.o
         4          0          0          0          0        116   printf1.o
         0          0          0          0          0          0   usenofp.o
       592         90          0          0          0        184   atan2f.o
        48          0          0          0          0        124   fpclassify.o
        38          0          0          0          0        116   fpclassifyf.o
        22          6          0          0          0        232   funder.o
        58          0          0          0          0        136   sqrtf.o

    ----------------------------------------------------------------------
      6394        318        194          0        100       4652   Library Totals
        16          0          1          0          4          0   (incl. Padding)

    ----------------------------------------------------------------------

      Code (inc. data)   RO Data    RW Data    ZI Data      Debug   Library Name

      5368        214        193          0         96       3248   c_w.l
       252          8          0          0          0        612   fz_wm.l
       758         96          0          0          0        792   m_wm.l

    ----------------------------------------------------------------------
      6394        318        194          0        100       4652   Library Totals

    ----------------------------------------------------------------------

==============================================================================


      Code (inc. data)   RO Data    RW Data    ZI Data      Debug   

     14484       1036       2756         60       2812     711769   Grand Totals
     14484       1036       2756         60       2812     711769   ELF Image Totals
     14484       1036       2756         60          0          0   ROM Totals

==============================================================================

    Total RO  Size (Code + RO Data)                17240 (  16.84kB)
    Total RW  Size (RW Data + ZI Data)              2872 (   2.80kB)
    Total ROM Size (Code + RO Data + RW Data)      17300 (  16.89kB)

==============================================================================

