Component: ARM Compiler 5.06 update 5 (build 528) Tool: armlink [4d35e2]

==============================================================================

Section Cross References

    startup_stm32f405xx.o(STACK) refers (Special) to heapauxi.o(.text) for __use_two_region_memory
    startup_stm32f405xx.o(HEAP) refers (Special) to heapauxi.o(.text) for __use_two_region_memory
    startup_stm32f405xx.o(RESET) refers (Special) to heapauxi.o(.text) for __use_two_region_memory
    startup_stm32f405xx.o(RESET) refers to startup_stm32f405xx.o(STACK) for __initial_sp
    startup_stm32f405xx.o(RESET) refers to startup_stm32f405xx.o(.text) for Reset_Handler
    startup_stm32f405xx.o(RESET) refers to stm32f4xx_it.o(i.NMI_Handler) for NMI_Handler
    startup_stm32f405xx.o(RESET) refers to stm32f4xx_it.o(i.HardFault_Handler) for HardFault_Handler
    startup_stm32f405xx.o(RESET) refers to stm32f4xx_it.o(i.MemManage_Handler) for MemManage_Handler
    startup_stm32f405xx.o(RESET) refers to stm32f4xx_it.o(i.BusFault_Handler) for BusFault_Handler
    startup_stm32f405xx.o(RESET) refers to stm32f4xx_it.o(i.UsageFault_Handler) for UsageFault_Handler
    startup_stm32f405xx.o(RESET) refers to stm32f4xx_it.o(i.SVC_Handler) for SVC_Handler
    startup_stm32f405xx.o(RESET) refers to stm32f4xx_it.o(i.DebugMon_Handler) for DebugMon_Handler
    startup_stm32f405xx.o(RESET) refers to stm32f4xx_it.o(i.PendSV_Handler) for PendSV_Handler
    startup_stm32f405xx.o(RESET) refers to stm32f4xx_it.o(i.SysTick_Handler) for SysTick_Handler
    startup_stm32f405xx.o(RESET) refers to stm32f4xx_it.o(i.EXTI0_IRQHandler) for EXTI0_IRQHandler
    startup_stm32f405xx.o(RESET) refers to stm32f4xx_it.o(i.TIM2_IRQHandler) for TIM2_IRQHandler
    startup_stm32f405xx.o(.text) refers (Special) to heapauxi.o(.text) for __use_two_region_memory
    startup_stm32f405xx.o(.text) refers to system_stm32f4xx.o(i.SystemInit) for SystemInit
    startup_stm32f405xx.o(.text) refers to __main.o(!!!main) for __main
    startup_stm32f405xx.o(.text) refers to startup_stm32f405xx.o(HEAP) for Heap_Mem
    startup_stm32f405xx.o(.text) refers to startup_stm32f405xx.o(STACK) for Stack_Mem
    main.o(i.LCR_Configure_MeasurementPath) refers to stm32f4xx_hal_gpio.o(i.HAL_GPIO_WritePin) for HAL_GPIO_WritePin
    main.o(i.LCR_Key_Task) refers to stm32f4xx_hal.o(i.HAL_GetTick) for HAL_GetTick
    main.o(i.LCR_Key_Task) refers to stm32f4xx_hal_gpio.o(i.HAL_GPIO_ReadPin) for HAL_GPIO_ReadPin
    main.o(i.LCR_Key_Task) refers to main.o(.data) for .data
    main.o(i.LCR_Measurement_Task) refers to stm32f4xx_hal.o(i.HAL_GetTick) for HAL_GetTick
    main.o(i.LCR_Measurement_Task) refers to main.o(i.LCR_StartMeasurementStep) for LCR_StartMeasurementStep
    main.o(i.LCR_Measurement_Task) refers to stm32f4xx_hal_adc.o(i.HAL_ADC_Start) for HAL_ADC_Start
    main.o(i.LCR_Measurement_Task) refers to stm32f4xx_hal_adc.o(i.HAL_ADC_PollForConversion) for HAL_ADC_PollForConversion
    main.o(i.LCR_Measurement_Task) refers to stm32f4xx_hal_adc.o(i.HAL_ADC_Stop) for HAL_ADC_Stop
    main.o(i.LCR_Measurement_Task) refers to stm32f4xx_hal_adc.o(i.HAL_ADC_GetValue) for HAL_ADC_GetValue
    main.o(i.LCR_Measurement_Task) refers to main.o(i.LCR_UpdateImpedanceEstimate) for LCR_UpdateImpedanceEstimate
    main.o(i.LCR_Measurement_Task) refers to main.o(.data) for .data
    main.o(i.LCR_Measurement_Task) refers to adc.o(.bss) for hadc1
    main.o(i.LCR_Measurement_Task) refers to main.o(.bss) for .bss
    main.o(i.LCR_OLED_Task) refers to _printf_pad.o(.text) for _printf_pre_padding
    main.o(i.LCR_OLED_Task) refers to _printf_percent.o(.ARM.Collect$$_printf_percent$$00000000) for _printf_percent
    main.o(i.LCR_OLED_Task) refers to _printf_f.o(.ARM.Collect$$_printf_percent$$00000003) for _printf_f
    main.o(i.LCR_OLED_Task) refers to printf1.o(x$fpl$printf1) for _printf_fp_dec
    main.o(i.LCR_OLED_Task) refers to _printf_u.o(.ARM.Collect$$_printf_percent$$0000000A) for _printf_u
    main.o(i.LCR_OLED_Task) refers to _printf_c.o(.ARM.Collect$$_printf_percent$$00000013) for _printf_c
    main.o(i.LCR_OLED_Task) refers to _printf_dec.o(.text) for _printf_int_dec
    main.o(i.LCR_OLED_Task) refers to _printf_str.o(.text) for _printf_str
    main.o(i.LCR_OLED_Task) refers to stm32f4xx_hal.o(i.HAL_GetTick) for HAL_GetTick
    main.o(i.LCR_OLED_Task) refers to oled.o(i.OLED_Clear) for OLED_Clear
    main.o(i.LCR_OLED_Task) refers to oled.o(i.OLED_ShowString) for OLED_ShowString
    main.o(i.LCR_OLED_Task) refers to f2d.o(x$fpl$f2d) for __aeabi_f2d
    main.o(i.LCR_OLED_Task) refers to __2snprintf.o(.text) for __2snprintf
    main.o(i.LCR_OLED_Task) refers to oled.o(i.OLED_Update) for OLED_Update
    main.o(i.LCR_OLED_Task) refers to main.o(.data) for .data
    main.o(i.LCR_OLED_Task) refers to main.o(.bss) for .bss
    main.o(i.LCR_QuadratureOutput_Start) refers to main.o(i.LCR_QuadratureOutput_SetStep) for LCR_QuadratureOutput_SetStep
[...]
    ..\Core\Src\gpio.c                       0x00000000   Number         0  gpio.o ABSOLUTE
    ..\Core\Src\main.c                       0x00000000   Number         0  main.o ABSOLUTE
    ..\Core\Src\stm32f4xx_hal_msp.c          0x00000000   Number         0  stm32f4xx_hal_msp.o ABSOLUTE
    ..\Core\Src\stm32f4xx_it.c               0x00000000   Number         0  stm32f4xx_it.o ABSOLUTE
    ..\Core\Src\system_stm32f4xx.c           0x00000000   Number         0  system_stm32f4xx.o ABSOLUTE
    ..\DDS\9834.c                            0x00000000   Number         0  9834.o ABSOLUTE
    ..\DDS\OLED.c                            0x00000000   Number         0  oled.o ABSOLUTE
    ..\Drivers\STM32F4xx_HAL_Driver\Src\stm32f4xx_hal.c 0x00000000   Number         0  stm32f4xx_hal.o ABSOLUTE
    ..\Drivers\STM32F4xx_HAL_Driver\Src\stm32f4xx_hal_adc.c 0x00000000   Number         0  stm32f4xx_hal_adc.o ABSOLUTE
    ..\Drivers\STM32F4xx_HAL_Driver\Src\stm32f4xx_hal_adc_ex.c 0x00000000   Number         0  stm32f4xx_hal_adc_ex.o ABSOLUTE
    ..\Drivers\STM32F4xx_HAL_Driver\Src\stm32f4xx_hal_cortex.c 0x00000000   Number         0  stm32f4xx_hal_cortex.o ABSOLUTE
    ..\Drivers\STM32F4xx_HAL_Driver\Src\stm32f4xx_hal_dma.c 0x00000000   Number         0  stm32f4xx_hal_dma.o ABSOLUTE
    ..\Drivers\STM32F4xx_HAL_Driver\Src\stm32f4xx_hal_dma_ex.c 0x00000000   Number         0  stm32f4xx_hal_dma_ex.o ABSOLUTE
    ..\Drivers\STM32F4xx_HAL_Driver\Src\stm32f4xx_hal_exti.c 0x00000000   Number         0  stm32f4xx_hal_exti.o ABSOLUTE
    ..\Drivers\STM32F4xx_HAL_Driver\Src\stm32f4xx_hal_flash.c 0x00000000   Number         0  stm32f4xx_hal_flash.o ABSOLUTE
    ..\Drivers\STM32F4xx_HAL_Driver\Src\stm32f4xx_hal_flash_ex.c 0x00000000   Number         0  stm32f4xx_hal_flash_ex.o ABSOLUTE
    ..\Drivers\STM32F4xx_HAL_Driver\Src\stm32f4xx_hal_flash_ramfunc.c 0x00000000   Number         0  stm32f4xx_hal_flash_ramfunc.o ABSOLUTE
    ..\Drivers\STM32F4xx_HAL_Driver\Src\stm32f4xx_hal_gpio.c 0x00000000   Number         0  stm32f4xx_hal_gpio.o ABSOLUTE
    ..\Drivers\STM32F4xx_HAL_Driver\Src\stm32f4xx_hal_pwr.c 0x00000000   Number         0  stm32f4xx_hal_pwr.o ABSOLUTE
    ..\Drivers\STM32F4xx_HAL_Driver\Src\stm32f4xx_hal_pwr_ex.c 0x00000000   Number         0  stm32f4xx_hal_pwr_ex.o ABSOLUTE
    ..\Drivers\STM32F4xx_HAL_Driver\Src\stm32f4xx_hal_rcc.c 0x00000000   Number         0  stm32f4xx_hal_rcc.o ABSOLUTE
    ..\Drivers\STM32F4xx_HAL_Driver\Src\stm32f4xx_hal_rcc_ex.c 0x00000000   Number         0  stm32f4xx_hal_rcc_ex.o ABSOLUTE
    dc.s                                     0x00000000   Number         0  dc.o ABSOLUTE
    startup_stm32f405xx.s                    0x00000000   Number         0  startup_stm32f405xx.o ABSOLUTE
    RESET                                    0x08000000   Section      392  startup_stm32f405xx.o(RESET)
    !!!main                                  0x08000188   Section        8  __main.o(!!!main)
    !!!scatter                               0x08000190   Section       52  __scatter.o(!!!scatter)
    !!handler_copy                           0x080001c4   Section       26  __scatter_copy.o(!!handler_copy)
    !!handler_zi                             0x080001e0   Section       28  __scatter_zi.o(!!handler_zi)
    .ARM.Collect$$_printf_percent$$00000000  0x080001fc   Section        0  _printf_percent.o(.ARM.Collect$$_printf_percent$$00000000)
    .ARM.Collect$$_printf_percent$$00000003  0x080001fc   Section        6  _printf_f.o(.ARM.Collect$$_printf_percent$$00000003)
    .ARM.Collect$$_printf_percent$$0000000A  0x08000202   Section        6  _printf_u.o(.ARM.Collect$$_printf_percent$$0000000A)
    .ARM.Collect$$_printf_percent$$00000013  0x08000208   Section        6  _printf_c.o(.ARM.Collect$$_printf_percent$$00000013)
    .ARM.Collect$$_printf_percent$$00000017  0x0800020e   Section        4  _printf_percent_end.o(.ARM.Collect$$_printf_percent$$00000017)
    .ARM.Collect$$libinit$$00000000          0x08000212   Section        2  libinit.o(.ARM.Collect$$libinit$$00000000)
    .ARM.Collect$$libinit$$00000001          0x08000214   Section        4  libinit2.o(.ARM.Collect$$libinit$$00000001)
    .ARM.Collect$$libinit$$00000004          0x08000218   Section        0  libinit2.o(.ARM.Collect$$libinit$$00000004)
    .ARM.Collect$$libinit$$0000000A          0x08000218   Section        0  libinit2.o(.ARM.Collect$$libinit$$0000000A)
    .ARM.Collect$$libinit$$0000000C          0x08000218   Section        0  libinit2.o(.ARM.Collect$$libinit$$0000000C)
    .ARM.Collect$$libinit$$0000000E          0x08000218   Section        0  libinit2.o(.ARM.Collect$$libinit$$0000000E)
    .ARM.Collect$$libinit$$0000000F          0x08000218   Section        6  libinit2.o(.ARM.Collect$$libinit$$0000000F)
    .ARM.Collect$$libinit$$00000011          0x0800021e   Section        0  libinit2.o(.ARM.Collect$$libinit$$00000011)
    .ARM.Collect$$libinit$$00000013          0x0800021e   Section        0  libinit2.o(.ARM.Collect$$libinit$$00000013)
    .ARM.Collect$$libinit$$00000015          0x0800021e   Section        0  libinit2.o(.ARM.Collect$$libinit$$00000015)
    .ARM.Collect$$libinit$$00000016          0x0800021e   Section       10  libinit2.o(.ARM.Collect$$libinit$$00000016)
    .ARM.Collect$$libinit$$00000017          0x08000228   Section        0  libinit2.o(.ARM.Collect$$libinit$$00000017)
    .ARM.Collect$$libinit$$00000019          0x08000228   Section        0  libinit2.o(.ARM.Collect$$libinit$$00000019)
    .ARM.Collect$$libinit$$0000001B          0x08000228   Section        0  libinit2.o(.ARM.Collect$$libinit$$0000001B)
    .ARM.Collect$$libinit$$0000001D          0x08000228   Section        0  libinit2.o(.ARM.Collect$$libinit$$0000001D)
    .ARM.Collect$$libinit$$0000001F          0x08000228   Section        0  libinit2.o(.ARM.Collect$$libinit$$0000001F)
    .ARM.Collect$$libinit$$00000021          0x08000228   Section        0  libinit2.o(.ARM.Collect$$libinit$$00000021)
    .ARM.Collect$$libinit$$00000023          0x08000228   Section        0  libinit2.o(.ARM.Collect$$libinit$$00000023)
    .ARM.Collect$$libinit$$00000025          0x08000228   Section        0  libinit2.o(.ARM.Collect$$libinit$$00000025)
    .ARM.Collect$$libinit$$0000002C          0x08000228   Section        0  libinit2.o(.ARM.Collect$$libinit$$0000002C)
    .ARM.Collect$$libinit$$0000002E          0x08000228   Section        0  libinit2.o(.ARM.Collect$$libinit$$0000002E)
    .ARM.Collect$$libinit$$00000030          0x08000228   Section        0  libinit2.o(.ARM.Collect$$libinit$$00000030)
    .ARM.Collect$$libinit$$00000032          0x08000228   Section        0  libinit2.o(.ARM.Collect$$libinit$$00000032)
    .ARM.Collect$$libinit$$00000033          0x08000228   Section        2  libinit2.o(.ARM.Collect$$libinit$$00000033)
    .ARM.Collect$$libshutdown$$00000000      0x0800022a   Section        2  libshutdown.o(.ARM.Collect$$libshutdown$$00000000)
    .ARM.Collect$$libshutdown$$00000002      0x0800022c   Section        0  libshutdown2.o(.ARM.Collect$$libshutdown$$00000002)
    .ARM.Collect$$libshutdown$$00000004      0x0800022c   Section        0  libshutdown2.o(.ARM.Collect$$libshutdown$$00000004)
    .ARM.Collect$$libshutdown$$00000007      0x0800022c   Section        0  libshutdown2.o(.ARM.Collect$$libshutdown$$00000007)
    .ARM.Collect$$libshutdown$$0000000A      0x0800022c   Section        0  libshutdown2.o(.ARM.Collect$$libshutdown$$0000000A)
    .ARM.Collect$$libshutdown$$0000000C      0x0800022c   Section        0  libshutdown2.o(.ARM.Collect$$libshutdown$$0000000C)
    .ARM.Collect$$libshutdown$$0000000F      0x0800022c   Section        0  libshutdown2.o(.ARM.Collect$$libshutdown$$0000000F)
    .ARM.Collect$$libshutdown$$00000010      0x0800022c   Section        2  libshutdown2.o(.ARM.Collect$$libshutdown$$00000010)
    .ARM.Collect$$rtentry$$00000000          0x0800022e   Section        0  __rtentry.o(.ARM.Collect$$rtentry$$00000000)
    .ARM.Collect$$rtentry$$00000002          0x0800022e   Section        0  __rtentry2.o(.ARM.Collect$$rtentry$$00000002)
    .ARM.Collect$$rtentry$$00000004          0x0800022e   Section        6  __rtentry4.o(.ARM.Collect$$rtentry$$00000004)
    .ARM.Collect$$rtentry$$00000009          0x08000234   Section        0  __rtentry2.o(.ARM.Collect$$rtentry$$00000009)
    .ARM.Collect$$rtentry$$0000000A          0x08000234   Section        4  __rtentry2.o(.ARM.Collect$$rtentry$$0000000A)
    .ARM.Collect$$rtentry$$0000000C          0x08000238   Section        0  __rtentry2.o(.ARM.Collect$$rtentry$$0000000C)
    .ARM.Collect$$rtentry$$0000000D          0x08000238   Section        8  __rtentry2.o(.ARM.Collect$$rtentry$$0000000D)
    .ARM.Collect$$rtexit$$00000000           0x08000240   Section        2  rtexit.o(.ARM.Collect$$rtexit$$00000000)
    .ARM.Collect$$rtexit$$00000002           0x08000242   Section        0  rtexit2.o(.ARM.Collect$$rtexit$$00000002)
    .ARM.Collect$$rtexit$$00000003           0x08000242   Section        4  rtexit2.o(.ARM.Collect$$rtexit$$00000003)
    .ARM.Collect$$rtexit$$00000004           0x08000246   Section        6  rtexit2.o(.ARM.Collect$$rtexit$$00000004)
    .text                                    0x0800024c   Section       64  startup_stm32f405xx.o(.text)
    $v0                                      0x0800024c   Number         0  startup_stm32f405xx.o(.text)
    .text                                    0x0800028c   Section      238  lludivv7m.o(.text)
    .text                                    0x0800037c   Section        0  __2snprintf.o(.text)
    .text                                    0x080003b4   Section        0  _printf_pad.o(.text)
    .text                                    0x08000402   Section        0  _printf_str.o(.text)
    .text                                    0x08000454   Section        0  _printf_dec.o(.text)
    .text                                    0x080004cc   Section        0  __printf_flags_ss_wp.o(.text)
    .text                                    0x08000654   Section       78  rt_memclr_w.o(.text)
    .text                                    0x080006a2   Section        0  heapauxi.o(.text)
    .text                                    0x080006a8   Section        0  _rserrno.o(.text)
    .text                                    0x080006be   Section        0  _printf_intcommon.o(.text)
    .text                                    0x08000770   Section        0  _printf_fp_dec.o(.text)
    _fp_digits                               0x08000773   Thumb Code   432  _printf_fp_dec.o(.text)
    .text                                    0x08000b90   Section        0  _printf_char_common.o(.text)
    _printf_input_char                       0x08000b91   Thumb Code    10  _printf_char_common.o(.text)
    .text                                    0x08000bc0   Section        0  _sputc.o(.text)
    .text                                    0x08000bca   Section        0  _snputc.o(.text)
    .text                                    0x08000bda   Section        0  _printf_char.o(.text)
    .text                                    0x08000c08   Section        8  rt_locale_intlibspace.o(.text)
    .text                                    0x08000c10   Section        8  rt_errno_addr_intlibspace.o(.text)
    .text                                    0x08000c18   Section      138  lludiv10.o(.text)
    .text                                    0x08000ca4   Section        0  _printf_fp_infnan.o(.text)
    .text                                    0x08000d24   Section        0  bigflt0.o(.text)
    .text                                    0x08000e08   Section        8  libspace.o(.text)
    .text                                    0x08000e10   Section       74  sys_stackheap_outer.o(.text)
    .text                                    0x08000e5a   Section        0  exit.o(.text)
    .text                                    0x08000e6c   Section      128  strcmpv7m.o(.text)
    .text                                    0x08000eec   Section        0  sys_exit.o(.text)
    .text                                    0x08000ef8   Section        2  use_no_semi.o(.text)
    .text                                    0x08000efa   Section        0  indicate_semi.o(.text)
    CL$$btod_d2e                             0x08000efa   Section       62  btod.o(CL$$btod_d2e)
    CL$$btod_d2e_denorm_low                  0x08000f38   Section       70  btod.o(CL$$btod_d2e_denorm_low)
    CL$$btod_d2e_norm_op1                    0x08000f7e   Section       96  btod.o(CL$$btod_d2e_norm_op1)
    CL$$btod_div_common                      0x08000fde   Section      824  btod.o(CL$$btod_div_common)
    CL$$btod_e2e                             0x08001316   Section      220  btod.o(CL$$btod_e2e)
    CL$$btod_ediv                            0x080013f2   Section       42  btod.o(CL$$btod_ediv)
    CL$$btod_emul                            0x0800141c   Section       42  btod.o(CL$$btod_emul)
    CL$$btod_mult_common                     0x08001446   Section      580  btod.o(CL$$btod_mult_common)
    i.AD9834_Init                            0x0800168c   Section        0  9834.o(i.AD9834_Init)
    i.AD9834_Select_Wave                     0x0800170c   Section        0  9834.o(i.AD9834_Select_Wave)
    i.AD9834_Set_Freq                        0x08001728   Section        0  9834.o(i.AD9834_Set_Freq)
    i.AD9834_Set_MclkHz                      0x08001794   Section        0  9834.o(i.AD9834_Set_MclkHz)
    i.AD9834_Set_OutputEnabled               0x080017a4   Section        0  9834.o(i.AD9834_Set_OutputEnabled)
    i.AD9834_Set_Phase                       0x080017c0   Section        0  9834.o(i.AD9834_Set_Phase)
    i.AD9834_Set_Reset                       0x08001828   Section        0  9834.o(i.AD9834_Set_Reset)
    i.AD9834_Write_16Bits                    0x08001844   Section        0  9834.o(i.AD9834_Write_16Bits)
    i.AD9834_Write_ControlRegister           0x080018b8   Section        0  9834.o(i.AD9834_Write_ControlRegister)
    AD9834_Write_ControlRegister             0x080018b9   Thumb Code     8  9834.o(i.AD9834_Write_ControlRegister)
    i.ADC_Init                               0x080018c4   Section        0  stm32f4xx_hal_adc.o(i.ADC_Init)
    ADC_Init                                 0x080018c5   Thumb Code   284  stm32f4xx_hal_adc.o(i.ADC_Init)
    i.BusFault_Handler                       0x080019ec   Section        0  stm32f4xx_it.o(i.BusFault_Handler)
    i.DebugMon_Handler                       0x080019ee   Section        0  stm32f4xx_it.o(i.DebugMon_Handler)
    i.EXTI0_IRQHandler                       0x080019f0   Section        0  stm32f4xx_it.o(i.EXTI0_IRQHandler)
    i.Error_Handler                          0x080019f6   Section        0  main.o(i.Error_Handler)
    i.HAL_ADC_ConfigChannel                  0x080019fc   Section        0  stm32f4xx_hal_adc.o(i.HAL_ADC_ConfigChannel)
    i.HAL_ADC_GetValue                       0x08001b48   Section        0  stm32f4xx_hal_adc.o(i.HAL_ADC_GetValue)
    i.HAL_ADC_Init                           0x08001b4e   Section        0  stm32f4xx_hal_adc.o(i.HAL_ADC_Init)
    i.HAL_ADC_MspInit                        0x08001ba4   Section        0  adc.o(i.HAL_ADC_MspInit)
    i.HAL_ADC_PollForConversion              0x08001c04   Section        0  stm32f4xx_hal_adc.o(i.HAL_ADC_PollForConversion)
    i.HAL_ADC_Start                          0x08001cb0   Section        0  stm32f4xx_hal_adc.o(i.HAL_ADC_Start)
    i.HAL_ADC_Stop                           0x08001dac   Section        0  stm32f4xx_hal_adc.o(i.HAL_ADC_Stop)
    i.HAL_Delay                              0x08001de8   Section        0  stm32f4xx_hal.o(i.HAL_Delay)
    i.HAL_GPIO_EXTI_Callback                 0x08001e0c   Section        0  stm32f4xx_hal_gpio.o(i.HAL_GPIO_EXTI_Callback)
    i.HAL_GPIO_EXTI_IRQHandler               0x08001e10   Section        0  stm32f4xx_hal_gpio.o(i.HAL_GPIO_EXTI_IRQHandler)
    i.HAL_GPIO_Init                          0x08001e28   Section        0  stm32f4xx_hal_gpio.o(i.HAL_GPIO_Init)
    i.HAL_GPIO_ReadPin                       0x08002018   Section        0  stm32f4xx_hal_gpio.o(i.HAL_GPIO_ReadPin)
    i.HAL_GPIO_WritePin                      0x08002022   Section        0  stm32f4xx_hal_gpio.o(i.HAL_GPIO_WritePin)
    i.HAL_GetTick                            0x0800202c   Section        0  stm32f4xx_hal.o(i.HAL_GetTick)
    i.HAL_IncTick                            0x08002038   Section        0  stm32f4xx_hal.o(i.HAL_IncTick)
    i.HAL_Init                               0x08002048   Section        0  stm32f4xx_hal.o(i.HAL_Init)
    i.HAL_InitTick                           0x0800207c   Section        0  stm32f4xx_hal.o(i.HAL_InitTick)
    i.HAL_MspInit                            0x080020bc   Section        0  stm32f4xx_hal_msp.o(i.HAL_MspInit)
    i.HAL_NVIC_EnableIRQ                     0x080020ec   Section        0  stm32f4xx_hal_cortex.o(i.HAL_NVIC_EnableIRQ)
    i.HAL_NVIC_SetPriority                   0x08002108   Section        0  stm32f4xx_hal_cortex.o(i.HAL_NVIC_SetPriority)
    i.HAL_NVIC_SetPriorityGrouping           0x08002148   Section        0  stm32f4xx_hal_cortex.o(i.HAL_NVIC_SetPriorityGrouping)
    i.HAL_RCC_ClockConfig                    0x0800216c   Section        0  stm32f4xx_hal_rcc.o(i.HAL_RCC_ClockConfig)
    i.HAL_RCC_GetSysClockFreq                0x080022a0   Section        0  stm32f4xx_hal_rcc.o(i.HAL_RCC_GetSysClockFreq)
    i.HAL_RCC_OscConfig                      0x08002304   Section        0  stm32f4xx_hal_rcc.o(i.HAL_RCC_OscConfig)
    i.HAL_SYSTICK_Config                     0x08002670   Section        0  stm32f4xx_hal_cortex.o(i.HAL_SYSTICK_Config)
    i.HardFault_Handler                      0x08002698   Section        0  stm32f4xx_it.o(i.HardFault_Handler)
    i.LCR_Configure_MeasurementPath          0x0800269c   Section        0  main.o(i.LCR_Configure_MeasurementPath)
    LCR_Configure_MeasurementPath            0x0800269d   Thumb Code   104  main.o(i.LCR_Configure_MeasurementPath)
    i.LCR_Key_Task                           0x08002710   Section        0  main.o(i.LCR_Key_Task)
    LCR_Key_Task                             0x08002711   Thumb Code    64  main.o(i.LCR_Key_Task)
    i.LCR_Measurement_Task                   0x08002758   Section        0  main.o(i.LCR_Measurement_Task)
    LCR_Measurement_Task                     0x08002759   Thumb Code   222  main.o(i.LCR_Measurement_Task)
    i.LCR_OLED_Task                          0x08002850   Section        0  main.o(i.LCR_OLED_Task)
    LCR_OLED_Task                            0x08002851   Thumb Code   486  main.o(i.LCR_OLED_Task)
    i.LCR_QuadratureOutput_SetStep           0x08002ac8   Section        0  main.o(i.LCR_QuadratureOutput_SetStep)
    LCR_QuadratureOutput_SetStep             0x08002ac9   Thumb Code    38  main.o(i.LCR_QuadratureOutput_SetStep)
    i.LCR_QuadratureOutput_Start             0x08002afc   Section        0  main.o(i.LCR_QuadratureOutput_Start)
    LCR_QuadratureOutput_Start               0x08002afd   Thumb Code    80  main.o(i.LCR_QuadratureOutput_Start)
    i.LCR_QuadratureOutput_Tick              0x08002b54   Section        0  main.o(i.LCR_QuadratureOutput_Tick)
    i.LCR_Set_InputSelection                 0x08002b6c   Section        0  main.o(i.LCR_Set_InputSelection)
    LCR_Set_InputSelection                   0x08002b6d   Thumb Code    38  main.o(i.LCR_Set_InputSelection)
    i.LCR_Set_ReferenceSelection             0x08002b9c   Section        0  main.o(i.LCR_Set_ReferenceSelection)
    LCR_Set_ReferenceSelection               0x08002b9d   Thumb Code    38  main.o(i.LCR_Set_ReferenceSelection)
    i.LCR_StartMeasurementStep               0x08002bcc   Section        0  main.o(i.LCR_StartMeasurementStep)
    LCR_StartMeasurementStep                 0x08002bcd   Thumb Code    68  main.o(i.LCR_StartMeasurementStep)
    i.LCR_SyncStartMeasurementFrame          0x08002c18   Section        0  main.o(i.LCR_SyncStartMeasurementFrame)
    LCR_SyncStartMeasurementFrame            0x08002c19   Thumb Code   124  main.o(i.LCR_SyncStartMeasurementFrame)
    i.LCR_UpdateImpedanceEstimate            0x08002c9c   Section        0  main.o(i.LCR_UpdateImpedanceEstimate)
    LCR_UpdateImpedanceEstimate              0x08002c9d   Thumb Code   222  main.o(i.LCR_UpdateImpedanceEstimate)
    i.MX_ADC1_Init                           0x08002d90   Section        0  adc.o(i.MX_ADC1_Init)
    i.MX_GPIO_Init                           0x08002df8   Section        0  gpio.o(i.MX_GPIO_Init)
    i.MemManage_Handler                      0x08002f90   Section        0  stm32f4xx_it.o(i.MemManage_Handler)
    i.NMI_Handler                            0x08002f92   Section        0  stm32f4xx_it.o(i.NMI_Handler)
    i.OLED_Clear                             0x08002f94   Section        0  oled.o(i.OLED_Clear)
    i.OLED_ClearArea                         0x08002fbc   Section        0  oled.o(i.OLED_ClearArea)
    i.OLED_GPIO_Init                         0x08003020   Section        0  oled.o(i.OLED_GPIO_Init)
    i.OLED_I2C_SendByte                      0x08003046   Section        0  oled.o(i.OLED_I2C_SendByte)
    i.OLED_I2C_Start                         0x08003080   Section        0  oled.o(i.OLED_I2C_Start)
    i.OLED_I2C_Stop                          0x0800309e   Section        0  oled.o(i.OLED_I2C_Stop)
    i.OLED_Init                              0x080030b6   Section        0  oled.o(i.OLED_Init)
    i.OLED_SetCursor                         0x08003152   Section        0  oled.o(i.OLED_SetCursor)
    i.OLED_ShowChar                          0x08003174   Section        0  oled.o(i.OLED_ShowChar)
    i.OLED_ShowImage                         0x080031b0   Section        0  oled.o(i.OLED_ShowImage)
    i.OLED_ShowString                        0x08003260   Section        0  oled.o(i.OLED_ShowString)
    i.OLED_Update                            0x0800328c   Section        0  oled.o(i.OLED_Update)
    i.OLED_W_SCL                             0x080032b4   Section        0  oled.o(i.OLED_W_SCL)
    i.OLED_W_SDA                             0x080032dc   Section        0  oled.o(i.OLED_W_SDA)
    i.OLED_WriteCommand                      0x08003304   Section        0  oled.o(i.OLED_WriteCommand)
    i.OLED_WriteData                         0x08003326   Section        0  oled.o(i.OLED_WriteData)
    i.PendSV_Handler                         0x08003356   Section        0  stm32f4xx_it.o(i.PendSV_Handler)
    i.SVC_Handler                            0x08003358   Section        0  stm32f4xx_it.o(i.SVC_Handler)
    i.SysTick_Handler                        0x0800335a   Section        0  stm32f4xx_it.o(i.SysTick_Handler)
    i.SystemClock_Config                     0x08003360   Section        0  main.o(i.SystemClock_Config)
    i.SystemInit                             0x080033f4   Section        0  system_stm32f4xx.o(i.SystemInit)
    i.TIM2_IRQHandler                        0x08003404   Section        0  stm32f4xx_it.o(i.TIM2_IRQHandler)
    i.UsageFault_Handler                     0x0800341c   Section        0  stm32f4xx_it.o(i.UsageFault_Handler)
    i.__ARM_fpclassify                       0x0800341e   Section        0  fpclassify.o(i.__ARM_fpclassify)
    i.__ARM_fpclassifyf                      0x0800344e   Section        0  fpclassifyf.o(i.__ARM_fpclassifyf)
    i.__NVIC_SetPriority                     0x08003474   Section        0  stm32f4xx_hal_cortex.o(i.__NVIC_SetPriority)
    __NVIC_SetPriority                       0x08003475   Thumb Code    32  stm32f4xx_hal_cortex.o(i.__NVIC_SetPriority)
    i.__hardfp_atan2f                        0x08003494   Section        0  atan2f.o(i.__hardfp_atan2f)
    i.__hardfp_sqrtf                         0x080036e4   Section        0  sqrtf.o(i.__hardfp_sqrtf)
    i.__mathlib_flt_infnan2                  0x0800371e   Section        0  funder.o(i.__mathlib_flt_infnan2)
    i.__mathlib_flt_underflow                0x08003724   Section        0  funder.o(i.__mathlib_flt_underflow)
    i._is_digit                              0x08003734   Section        0  __printf_wp.o(i._is_digit)
    i.main                                   0x08003744   Section        0  main.o(i.main)
    locale$$code                             0x08003838   Section       44  lc_numeric_c.o(locale$$code)
    x$fpl$dretinf                            0x08003864   Section       12  dretinf.o(x$fpl$dretinf)
    $v0                                      0x08003864   Number         0  dretinf.o(x$fpl$dretinf)
    x$fpl$f2d                                0x08003870   Section       86  f2d.o(x$fpl$f2d)
    $v0                                      0x08003870   Number         0  f2d.o(x$fpl$f2d)
    x$fpl$fnaninf                            0x080038c6   Section      140  fnaninf.o(x$fpl$fnaninf)
    $v0                                      0x080038c6   Number         0  fnaninf.o(x$fpl$fnaninf)
    x$fpl$fpinit                             0x08003952   Section       10  fpinit.o(x$fpl$fpinit)
    $v0                                      0x08003952   Number         0  fpinit.o(x$fpl$fpinit)
    x$fpl$printf1                            0x0800395c   Section        4  printf1.o(x$fpl$printf1)
    $v0                                      0x0800395c   Number         0  printf1.o(x$fpl$printf1)
    .constdata                               0x08003960   Section     1520  oled_data.o(.constdata)
    x$fpl$usenofp                            0x08003960   Section        0  usenofp.o(x$fpl$usenofp)
    .constdata                               0x08003f50   Section      570  oled_data.o(.constdata)
    .constdata                               0x0800418a   Section       16  system_stm32f4xx.o(.constdata)
    .constdata                               0x0800419a   Section       17  __printf_flags_ss_wp.o(.constdata)
    maptable                                 0x0800419a   Data          17  __printf_flags_ss_wp.o(.constdata)
    .constdata                               0x080041ac   Section      148  bigflt0.o(.constdata)
    tenpwrs_x                                0x080041ac   Data          60  bigflt0.o(.constdata)
    tenpwrs_i                                0x080041e8   Data          64  bigflt0.o(.constdata)
    locale$$data                             0x08004260   Section       28  lc_numeric_c.o(locale$$data)
    __lcnum_c_name                           0x08004264   Data           2  lc_numeric_c.o(locale$$data)
    __lcnum_c_start                          0x0800426c   Data           0  lc_numeric_c.o(locale$$data)
    __lcnum_c_point                          0x08004278   Data           0  lc_numeric_c.o(locale$$data)
    __lcnum_c_thousands                      0x0800427a   Data           0  lc_numeric_c.o(locale$$data)
    __lcnum_c_grouping                       0x0800427b   Data           0  lc_numeric_c.o(locale$$data)
    __lcnum_c_end                            0x0800427c   Data           0  lc_numeric_c.o(locale$$data)
    .data                                    0x20000000   Section       32  main.o(.data)
    quadrature_step                          0x20000000   Data           1  main.o(.data)
    lcr_measurement_step                     0x20000001   Data           1  main.o(.data)
    lcr_display_page                         0x20000002   Data           1  main.o(.data)
    last_force_step_enable                   0x20000005   Data           1  main.o(.data)
    last_force_step_index                    0x20000006   Data           1  main.o(.data)
    last_sampled_state                       0x20000007   Data           1  main.o(.data)
    stable_state                             0x20000008   Data           1  main.o(.data)
    filter_initialized                       0x20000009   Data           1  main.o(.data)
    lcr_next_sample_tick_ms                  0x2000000c   Data           4  main.o(.data)
    lcr_next_oled_refresh_tick_ms            0x20000010   Data           4  main.o(.data)
    last_transition_tick_ms                  0x20000014   Data           4  main.o(.data)
    filtered_resistance_ohm                  0x20000018   Data           4  main.o(.data)
    filtered_phase_deg                       0x2000001c   Data           4  main.o(.data)
    .data                                    0x20000020   Section        8  9834.o(.data)
    ad9834_control_word                      0x20000020   Data           2  9834.o(.data)
    ad9834_mclk_hz                           0x20000024   Data           4  9834.o(.data)
    .data                                    0x20000028   Section       12  stm32f4xx_hal.o(.data)
    .data                                    0x20000034   Section        4  system_stm32f4xx.o(.data)
    .bss                                     0x20000038   Section       80  main.o(.bss)
    .bss                                     0x20000088   Section       72  adc.o(.bss)
    .bss                                     0x200000d0   Section     1024  oled.o(.bss)
    .bss                                     0x200004d0   Section       96  libspace.o(.bss)
    HEAP                                     0x20000530   Section      512  startup_stm32f405xx.o(HEAP)
    Heap_Mem                                 0x20000530   Data         512  startup_stm32f405xx.o(HEAP)
    STACK                                    0x20000730   Section     1024  startup_stm32f405xx.o(STACK)
    Stack_Mem                                0x20000730   Data        1024  startup_stm32f405xx.o(STACK)
    __initial_sp                             0x20000b30   Data           0  startup_stm32f405xx.o(STACK)

    Global Symbols

    Symbol Name                              Value     Ov Type        Size  Object(Section)

    BuildAttributes$$THM_ISAv4$E$P$D$K$B$S$7EM$VFPi3$EXTD16$VFPS$VFMA$PE$A:L22UL41UL21$X:L11$S22US41US21$IEEE1$IW$USESV6$~STKCKD$USESV7$~SHL$OTIME$ROPI$IEEEX$EBA8$UX$STANDARDLIB$REQ8$PRES8$EABIv2 0x00000000   Number         0  anon$$obj.o ABSOLUTE
    __ARM_use_no_argv                        0x00000000   Number         0  main.o ABSOLUTE
    _printf_flags                            0x00000000   Number         0  printf_stubs.o ABSOLUTE
    _printf_return_value                     0x00000000   Number         0  printf_stubs.o ABSOLUTE
    _printf_sizespec                         0x00000000   Number         0  printf_stubs.o ABSOLUTE
    _printf_widthprec                        0x00000000   Number         0  printf_stubs.o ABSOLUTE
    __ARM_exceptions_init                     - Undefined Weak Reference
    __alloca_initialize                       - Undefined Weak Reference
    __arm_preinit_                            - Undefined Weak Reference
    __cpp_initialize__aeabi_                  - Undefined Weak Reference
    __cxa_finalize                            - Undefined Weak Reference
    __sigvec_lookup                           - Undefined Weak Reference
    _atexit_init                              - Undefined Weak Reference
    _call_atexit_fns                          - Undefined Weak Reference
    _clock_init                               - Undefined Weak Reference
    _fp_trap_init                             - Undefined Weak Reference
    _fp_trap_shutdown                         - Undefined Weak Reference
    _get_lc_collate                           - Undefined Weak Reference
    _get_lc_monetary                          - Undefined Weak Reference
    _get_lc_time                              - Undefined Weak Reference
    _getenv_init                              - Undefined Weak Reference
    _handle_redirection                       - Undefined Weak Reference
    _init_alloc                               - Undefined Weak Reference
    _init_user_alloc                          - Undefined Weak Reference
    _initio                                   - Undefined Weak Reference
    _printf_mbtowc                            - Undefined Weak Reference
    _printf_wc                                - Undefined Weak Reference
    _rand_init                                - Undefined Weak Reference
    _signal_finish                            - Undefined Weak Reference
    _signal_init                              - Undefined Weak Reference
    _terminate_alloc                          - Undefined Weak Reference
    _terminate_user_alloc                     - Undefined Weak Reference
    _terminateio                              - Undefined Weak Reference
    __Vectors_Size                           0x00000188   Number         0  startup_stm32f405xx.o ABSOLUTE
    __Vectors                                0x08000000   Data           4  startup_stm32f405xx.o(RESET)
    __Vectors_End                            0x08000188   Data           0  startup_stm32f405xx.o(RESET)
    __main                                   0x08000189   Thumb Code     8  __main.o(!!!main)
    __scatterload                            0x08000191   Thumb Code     0  __scatter.o(!!!scatter)
    __scatterload_rt2                        0x08000191   Thumb Code    44  __scatter.o(!!!scatter)
    __scatterload_rt2_thumb_only             0x08000191   Thumb Code     0  __scatter.o(!!!scatter)
    __scatterload_null                       0x0800019f   Thumb Code     0  __scatter.o(!!!scatter)
    __scatterload_copy                       0x080001c5   Thumb Code    26  __scatter_copy.o(!!handler_copy)
    __scatterload_zeroinit                   0x080001e1   Thumb Code    28  __scatter_zi.o(!!handler_zi)
    _printf_f                                0x080001fd   Thumb Code     0  _printf_f.o(.ARM.Collect$$_printf_percent$$00000003)
    _printf_percent                          0x080001fd   Thumb Code     0  _printf_percent.o(.ARM.Collect$$_printf_percent$$00000000)
    _printf_u                                0x08000203   Thumb Code     0  _printf_u.o(.ARM.Collect$$_printf_percent$$0000000A)
    _printf_c                                0x08000209   Thumb Code     0  _printf_c.o(.ARM.Collect$$_printf_percent$$00000013)
    _printf_percent_end                      0x0800020f   Thumb Code     0  _printf_percent_end.o(.ARM.Collect$$_printf_percent$$00000017)
    __rt_lib_init                            0x08000213   Thumb Code     0  libinit.o(.ARM.Collect$$libinit$$00000000)
    __rt_lib_init_fp_1                       0x08000215   Thumb Code     0  libinit2.o(.ARM.Collect$$libinit$$00000001)
    __rt_lib_init_heap_1                     0x08000219   Thumb Code     0  libinit2.o(.ARM.Collect$$libinit$$0000000A)
    __rt_lib_init_lc_common                  0x08000219   Thumb Code     0  libinit2.o(.ARM.Collect$$libinit$$0000000F)
    __rt_lib_init_preinit_1                  0x08000219   Thumb Code     0  libinit2.o(.ARM.Collect$$libinit$$00000004)
    __rt_lib_init_rand_1                     0x08000219   Thumb Code     0  libinit2.o(.ARM.Collect$$libinit$$0000000E)
    __rt_lib_init_user_alloc_1               0x08000219   Thumb Code     0  libinit2.o(.ARM.Collect$$libinit$$0000000C)
    __rt_lib_init_lc_collate_1               0x0800021f   Thumb Code     0  libinit2.o(.ARM.Collect$$libinit$$00000011)
    __rt_lib_init_lc_ctype_1                 0x0800021f   Thumb Code     0  libinit2.o(.ARM.Collect$$libinit$$00000013)
    __rt_lib_init_lc_monetary_1              0x0800021f   Thumb Code     0  libinit2.o(.ARM.Collect$$libinit$$00000015)
    __rt_lib_init_lc_numeric_2               0x0800021f   Thumb Code     0  libinit2.o(.ARM.Collect$$libinit$$00000016)
    __rt_lib_init_alloca_1                   0x08000229   Thumb Code     0  libinit2.o(.ARM.Collect$$libinit$$0000002E)
    __rt_lib_init_argv_1                     0x08000229   Thumb Code     0  libinit2.o(.ARM.Collect$$libinit$$0000002C)
    __rt_lib_init_atexit_1                   0x08000229   Thumb Code     0  libinit2.o(.ARM.Collect$$libinit$$0000001B)
    __rt_lib_init_clock_1                    0x08000229   Thumb Code     0  libinit2.o(.ARM.Collect$$libinit$$00000021)
    __rt_lib_init_cpp_1                      0x08000229   Thumb Code     0  libinit2.o(.ARM.Collect$$libinit$$00000032)
    __rt_lib_init_exceptions_1               0x08000229   Thumb Code     0  libinit2.o(.ARM.Collect$$libinit$$00000030)
    __rt_lib_init_fp_trap_1                  0x08000229   Thumb Code     0  libinit2.o(.ARM.Collect$$libinit$$0000001F)
    __rt_lib_init_getenv_1                   0x08000229   Thumb Code     0  libinit2.o(.ARM.Collect$$libinit$$00000023)
    __rt_lib_init_lc_numeric_1               0x08000229   Thumb Code     0  libinit2.o(.ARM.Collect$$libinit$$00000017)
    __rt_lib_init_lc_time_1                  0x08000229   Thumb Code     0  libinit2.o(.ARM.Collect$$libinit$$00000019)
    __rt_lib_init_return                     0x08000229   Thumb Code     0  libinit2.o(.ARM.Collect$$libinit$$00000033)
    __rt_lib_init_signal_1                   0x08000229   Thumb Code     0  libinit2.o(.ARM.Collect$$libinit$$0000001D)
    __rt_lib_init_stdio_1                    0x08000229   Thumb Code     0  libinit2.o(.ARM.Collect$$libinit$$00000025)
    __rt_lib_shutdown                        0x0800022b   Thumb Code     0  libshutdown.o(.ARM.Collect$$libshutdown$$00000000)
    __rt_lib_shutdown_cpp_1                  0x0800022d   Thumb Code     0  libshutdown2.o(.ARM.Collect$$libshutdown$$00000002)
    __rt_lib_shutdown_fp_trap_1              0x0800022d   Thumb Code     0  libshutdown2.o(.ARM.Collect$$libshutdown$$00000007)
    __rt_lib_shutdown_heap_1                 0x0800022d   Thumb Code     0  libshutdown2.o(.ARM.Collect$$libshutdown$$0000000F)
    __rt_lib_shutdown_return                 0x0800022d   Thumb Code     0  libshutdown2.o(.ARM.Collect$$libshutdown$$00000010)
    __rt_lib_shutdown_signal_1               0x0800022d   Thumb Code     0  libshutdown2.o(.ARM.Collect$$libshutdown$$0000000A)
    __rt_lib_shutdown_stdio_1                0x0800022d   Thumb Code     0  libshutdown2.o(.ARM.Collect$$libshutdown$$00000004)
    __rt_lib_shutdown_user_alloc_1           0x0800022d   Thumb Code     0  libshutdown2.o(.ARM.Collect$$libshutdown$$0000000C)
    __rt_entry                               0x0800022f   Thumb Code     0  __rtentry.o(.ARM.Collect$$rtentry$$00000000)
    __rt_entry_presh_1                       0x0800022f   Thumb Code     0  __rtentry2.o(.ARM.Collect$$rtentry$$00000002)
    __rt_entry_sh                            0x0800022f   Thumb Code     0  __rtentry4.o(.ARM.Collect$$rtentry$$00000004)
    __rt_entry_li                            0x08000235   Thumb Code     0  __rtentry2.o(.ARM.Collect$$rtentry$$0000000A)
    __rt_entry_postsh_1                      0x08000235   Thumb Code     0  __rtentry2.o(.ARM.Collect$$rtentry$$00000009)
    __rt_entry_main                          0x08000239   Thumb Code     0  __rtentry2.o(.ARM.Collect$$rtentry$$0000000D)
    __rt_entry_postli_1                      0x08000239   Thumb Code     0  __rtentry2.o(.ARM.Collect$$rtentry$$0000000C)
    __rt_exit                                0x08000241   Thumb Code     0  rtexit.o(.ARM.Collect$$rtexit$$00000000)
    __rt_exit_ls                             0x08000243   Thumb Code     0  rtexit2.o(.ARM.Collect$$rtexit$$00000003)
    __rt_exit_prels_1                        0x08000243   Thumb Code     0  rtexit2.o(.ARM.Collect$$rtexit$$00000002)
    __rt_exit_exit                           0x08000247   Thumb Code     0  rtexit2.o(.ARM.Collect$$rtexit$$00000004)
    Reset_Handler                            0x0800024d   Thumb Code     8  startup_stm32f405xx.o(.text)
    ADC_IRQHandler                           0x08000267   Thumb Code     0  startup_stm32f405xx.o(.text)
    CAN1_RX0_IRQHandler                      0x08000267   Thumb Code     0  startup_stm32f405xx.o(.text)
    CAN1_RX1_IRQHandler                      0x08000267   Thumb Code     0  startup_stm32f405xx.o(.text)
    CAN1_SCE_IRQHandler                      0x08000267   Thumb Code     0  startup_stm32f405xx.o(.text)
    CAN1_TX_IRQHandler                       0x08000267   Thumb Code     0  startup_stm32f405xx.o(.text)
    CAN2_RX0_IRQHandler                      0x08000267   Thumb Code     0  startup_stm32f405xx.o(.text)
    CAN2_RX1_IRQHandler                      0x08000267   Thumb Code     0  startup_stm32f405xx.o(.text)
    CAN2_SCE_IRQHandler                      0x08000267   Thumb Code     0  startup_stm32f405xx.o(.text)
    CAN2_TX_IRQHandler                       0x08000267   Thumb Code     0  startup_stm32f405xx.o(.text)
    DMA1_Stream0_IRQHandler                  0x08000267   Thumb Code     0  startup_stm32f405xx.o(.text)
    DMA1_Stream1_IRQHandler                  0x08000267   Thumb Code     0  startup_stm32f405xx.o(.text)
    DMA1_Stream2_IRQHandler                  0x08000267   Thumb Code     0  startup_stm32f405xx.o(.text)
    DMA1_Stream3_IRQHandler                  0x08000267   Thumb Code     0  startup_stm32f405xx.o(.text)
    DMA1_Stream4_IRQHandler                  0x08000267   Thumb Code     0  startup_stm32f405xx.o(.text)
    DMA1_Stream5_IRQHandler                  0x08000267   Thumb Code     0  startup_stm32f405xx.o(.text)
    DMA1_Stream6_IRQHandler                  0x08000267   Thumb Code     0  startup_stm32f405xx.o(.text)
    DMA1_Stream7_IRQHandler                  0x08000267   Thumb Code     0  startup_stm32f405xx.o(.text)
    DMA2_Stream0_IRQHandler                  0x08000267   Thumb Code     0  startup_stm32f405xx.o(.text)
    DMA2_Stream1_IRQHandler                  0x08000267   Thumb Code     0  startup_stm32f405xx.o(.text)
    DMA2_Stream2_IRQHandler                  0x08000267   Thumb Code     0  startup_stm32f405xx.o(.text)
    DMA2_Stream3_IRQHandler                  0x08000267   Thumb Code     0  startup_stm32f405xx.o(.text)
    DMA2_Stream4_IRQHandler                  0x08000267   Thumb Code     0  startup_stm32f405xx.o(.text)
    DMA2_Stream5_IRQHandler                  0x08000267   Thumb Code     0  startup_stm32f405xx.o(.text)
    DMA2_Stream6_IRQHandler                  0x08000267   Thumb Code     0  startup_stm32f405xx.o(.text)
    DMA2_Stream7_IRQHandler                  0x08000267   Thumb Code     0  startup_stm32f405xx.o(.text)
    EXTI15_10_IRQHandler                     0x08000267   Thumb Code     0  startup_stm32f405xx.o(.text)
    EXTI1_IRQHandler                         0x08000267   Thumb Code     0  startup_stm32f405xx.o(.text)
    EXTI2_IRQHandler                         0x08000267   Thumb Code     0  startup_stm32f405xx.o(.text)
    EXTI3_IRQHandler                         0x08000267   Thumb Code     0  startup_stm32f405xx.o(.text)
    EXTI4_IRQHandler                         0x08000267   Thumb Code     0  startup_stm32f405xx.o(.text)
    EXTI9_5_IRQHandler                       0x08000267   Thumb Code     0  startup_stm32f405xx.o(.text)
    FLASH_IRQHandler                         0x08000267   Thumb Code     0  startup_stm32f405xx.o(.text)
    FMC_IRQHandler                           0x08000267   Thumb Code     0  startup_stm32f405xx.o(.text)
    FPU_IRQHandler                           0x08000267   Thumb Code     0  startup_stm32f405xx.o(.text)
    HASH_RNG_IRQHandler                      0x08000267   Thumb Code     0  startup_stm32f405xx.o(.text)
    I2C1_ER_IRQHandler                       0x08000267   Thumb Code     0  startup_stm32f405xx.o(.text)
    I2C1_EV_IRQHandler                       0x08000267   Thumb Code     0  startup_stm32f405xx.o(.text)
    I2C2_ER_IRQHandler                       0x08000267   Thumb Code     0  startup_stm32f405xx.o(.text)
    I2C2_EV_IRQHandler                       0x08000267   Thumb Code     0  startup_stm32f405xx.o(.text)
    I2C3_ER_IRQHandler                       0x08000267   Thumb Code     0  startup_stm32f405xx.o(.text)
    I2C3_EV_IRQHandler                       0x08000267   Thumb Code     0  startup_stm32f405xx.o(.text)
    OTG_FS_IRQHandler                        0x08000267   Thumb Code     0  startup_stm32f405xx.o(.text)
    OTG_FS_WKUP_IRQHandler                   0x08000267   Thumb Code     0  startup_stm32f405xx.o(.text)
    OTG_HS_EP1_IN_IRQHandler                 0x08000267   Thumb Code     0  startup_stm32f405xx.o(.text)
    OTG_HS_EP1_OUT_IRQHandler                0x08000267   Thumb Code     0  startup_stm32f405xx.o(.text)
    OTG_HS_IRQHandler                        0x08000267   Thumb Code     0  startup_stm32f405xx.o(.text)
    OTG_HS_WKUP_IRQHandler                   0x08000267   Thumb Code     0  startup_stm32f405xx.o(.text)
    PVD_IRQHandler                           0x08000267   Thumb Code     0  startup_stm32f405xx.o(.text)
    RCC_IRQHandler                           0x08000267   Thumb Code     0  startup_stm32f405xx.o(.text)
    RTC_Alarm_IRQHandler                     0x08000267   Thumb Code     0  startup_stm32f405xx.o(.text)
    RTC_WKUP_IRQHandler                      0x08000267   Thumb Code     0  startup_stm32f405xx.o(.text)
    SDIO_IRQHandler                          0x08000267   Thumb Code     0  startup_stm32f405xx.o(.text)
    SPI1_IRQHandler                          0x08000267   Thumb Code     0  startup_stm32f405xx.o(.text)
    SPI2_IRQHandler                          0x08000267   Thumb Code     0  startup_stm32f405xx.o(.text)
    SPI3_IRQHandler                          0x08000267   Thumb Code     0  startup_stm32f405xx.o(.text)
    TAMP_STAMP_IRQHandler                    0x08000267   Thumb Code     0  startup_stm32f405xx.o(.text)
    TIM1_BRK_TIM9_IRQHandler                 0x08000267   Thumb Code     0  startup_stm32f405xx.o(.text)
    TIM1_CC_IRQHandler                       0x08000267   Thumb Code     0  startup_stm32f405xx.o(.text)
    TIM1_TRG_COM_TIM11_IRQHandler            0x08000267   Thumb Code     0  startup_stm32f405xx.o(.text)
    TIM1_UP_TIM10_IRQHandler                 0x08000267   Thumb Code     0  startup_stm32f405xx.o(.text)
    TIM3_IRQHandler                          0x08000267   Thumb Code     0  startup_stm32f405xx.o(.text)
    TIM4_IRQHandler                          0x08000267   Thumb Code     0  startup_stm32f405xx.o(.text)
    TIM5_IRQHandler                          0x08000267   Thumb Code     0  startup_stm32f405xx.o(.text)
    TIM6_DAC_IRQHandler                      0x08000267   Thumb Code     0  startup_stm32f405xx.o(.text)
    TIM7_IRQHandler                          0x08000267   Thumb Code     0  startup_stm32f405xx.o(.text)
    TIM8_BRK_TIM12_IRQHandler                0x08000267   Thumb Code     0  startup_stm32f405xx.o(.text)
    TIM8_CC_IRQHandler                       0x08000267   Thumb Code     0  startup_stm32f405xx.o(.text)
    TIM8_TRG_COM_TIM14_IRQHandler            0x08000267   Thumb Code     0  startup_stm32f405xx.o(.text)
    TIM8_UP_TIM13_IRQHandler                 0x08000267   Thumb Code     0  startup_stm32f405xx.o(.text)
    UART4_IRQHandler                         0x08000267   Thumb Code     0  startup_stm32f405xx.o(.text)
    UART5_IRQHandler                         0x08000267   Thumb Code     0  startup_stm32f405xx.o(.text)
    USART1_IRQHandler                        0x08000267   Thumb Code     0  startup_stm32f405xx.o(.text)
    USART2_IRQHandler                        0x08000267   Thumb Code     0  startup_stm32f405xx.o(.text)
    USART3_IRQHandler                        0x08000267   Thumb Code     0  startup_stm32f405xx.o(.text)
    USART6_IRQHandler                        0x08000267   Thumb Code     0  startup_stm32f405xx.o(.text)
    WWDG_IRQHandler                          0x08000267   Thumb Code     0  startup_stm32f405xx.o(.text)
    __user_initial_stackheap                 0x08000269   Thumb Code     0  startup_stm32f405xx.o(.text)
    __aeabi_uldivmod                         0x0800028d   Thumb Code     0  lludivv7m.o(.text)
    _ll_udiv                                 0x0800028d   Thumb Code   238  lludivv7m.o(.text)
    __2snprintf                              0x0800037d   Thumb Code    50  __2snprintf.o(.text)
    _printf_pre_padding                      0x080003b5   Thumb Code    44  _printf_pad.o(.text)
    _printf_post_padding                     0x080003e1   Thumb Code    34  _printf_pad.o(.text)
    _printf_str                              0x08000403   Thumb Code    82  _printf_str.o(.text)
    _printf_int_dec                          0x08000455   Thumb Code   104  _printf_dec.o(.text)
    __printf                                 0x080004cd   Thumb Code   388  __printf_flags_ss_wp.o(.text)
    __aeabi_memclr4                          0x08000655   Thumb Code     0  rt_memclr_w.o(.text)
    __aeabi_memclr8                          0x08000655   Thumb Code     0  rt_memclr_w.o(.text)
    __rt_memclr_w                            0x08000655   Thumb Code    78  rt_memclr_w.o(.text)
    _memset_w                                0x08000659   Thumb Code     0  rt_memclr_w.o(.text)
    __use_two_region_memory                  0x080006a3   Thumb Code     2  heapauxi.o(.text)
    __rt_heap_escrow$2region                 0x080006a5   Thumb Code     2  heapauxi.o(.text)
    __rt_heap_expand$2region                 0x080006a7   Thumb Code     2  heapauxi.o(.text)
    __read_errno                             0x080006a9   Thumb Code    10  _rserrno.o(.text)
    __set_errno                              0x080006b3   Thumb Code    12  _rserrno.o(.text)
    _printf_int_common                       0x080006bf   Thumb Code   178  _printf_intcommon.o(.text)
    __lib_sel_fp_printf                      0x08000771   Thumb Code     2  _printf_fp_dec.o(.text)
    _printf_fp_dec_real                      0x08000923   Thumb Code   620  _printf_fp_dec.o(.text)
    _printf_char_common                      0x08000b9b   Thumb Code    32  _printf_char_common.o(.text)
    _sputc                                   0x08000bc1   Thumb Code    10  _sputc.o(.text)
    _snputc                                  0x08000bcb   Thumb Code    16  _snputc.o(.text)
    _printf_cs_common                        0x08000bdb   Thumb Code    20  _printf_char.o(.text)
    _printf_char                             0x08000bef   Thumb Code    16  _printf_char.o(.text)
    _printf_string                           0x08000bff   Thumb Code     8  _printf_char.o(.text)
    __rt_locale                              0x08000c09   Thumb Code     8  rt_locale_intlibspace.o(.text)
    __aeabi_errno_addr                       0x08000c11   Thumb Code     8  rt_errno_addr_intlibspace.o(.text)
    __errno$intlibspace                      0x08000c11   Thumb Code     0  rt_errno_addr_intlibspace.o(.text)
    __rt_errno_addr$intlibspace              0x08000c11   Thumb Code     0  rt_errno_addr_intlibspace.o(.text)
    _ll_udiv10                               0x08000c19   Thumb Code   138  lludiv10.o(.text)
    _printf_fp_infnan                        0x08000ca5   Thumb Code   112  _printf_fp_infnan.o(.text)
    _btod_etento                             0x08000d25   Thumb Code   224  bigflt0.o(.text)
    __user_libspace                          0x08000e09   Thumb Code     8  libspace.o(.text)
    __user_perproc_libspace                  0x08000e09   Thumb Code     0  libspace.o(.text)
    __user_perthread_libspace                0x08000e09   Thumb Code     0  libspace.o(.text)
    __user_setup_stackheap                   0x08000e11   Thumb Code    74  sys_stackheap_outer.o(.text)
    exit                                     0x08000e5b   Thumb Code    18  exit.o(.text)
    strcmp                                   0x08000e6d   Thumb Code   128  strcmpv7m.o(.text)
    _sys_exit                                0x08000eed   Thumb Code     8  sys_exit.o(.text)
    __I$use$semihosting                      0x08000ef9   Thumb Code     0  use_no_semi.o(.text)
    __use_no_semihosting_swi                 0x08000ef9   Thumb Code     2  use_no_semi.o(.text)
    __semihosting_library_function           0x08000efb   Thumb Code     0  indicate_semi.o(.text)
    _btod_d2e                                0x08000efb   Thumb Code    62  btod.o(CL$$btod_d2e)
    _d2e_denorm_low                          0x08000f39   Thumb Code    70  btod.o(CL$$btod_d2e_denorm_low)
    _d2e_norm_op1                            0x08000f7f   Thumb Code    96  btod.o(CL$$btod_d2e_norm_op1)
    __btod_div_common                        0x08000fdf   Thumb Code   696  btod.o(CL$$btod_div_common)
    _e2e                                     0x08001317   Thumb Code   220  btod.o(CL$$btod_e2e)
    _btod_ediv                               0x080013f3   Thumb Code    42  btod.o(CL$$btod_ediv)
    _btod_emul                               0x0800141d   Thumb Code    42  btod.o(CL$$btod_emul)
    __btod_mult_common                       0x08001447   Thumb Code   580  btod.o(CL$$btod_mult_common)
    AD9834_Init                              0x0800168d   Thumb Code   110  9834.o(i.AD9834_Init)
    AD9834_Select_Wave                       0x0800170d   Thumb Code    24  9834.o(i.AD9834_Select_Wave)
    AD9834_Set_Freq                          0x08001729   Thumb Code   104  9834.o(i.AD9834_Set_Freq)
    AD9834_Set_MclkHz                        0x08001795   Thumb Code    10  9834.o(i.AD9834_Set_MclkHz)
    AD9834_Set_OutputEnabled                 0x080017a5   Thumb Code    22  9834.o(i.AD9834_Set_OutputEnabled)
    AD9834_Set_Phase                         0x080017c1   Thumb Code    90  9834.o(i.AD9834_Set_Phase)
    AD9834_Set_Reset                         0x08001829   Thumb Code    22  9834.o(i.AD9834_Set_Reset)
    AD9834_Write_16Bits                      0x08001845   Thumb Code   110  9834.o(i.AD9834_Write_16Bits)
    BusFault_Handler                         0x080019ed   Thumb Code     2  stm32f4xx_it.o(i.BusFault_Handler)
    DebugMon_Handler                         0x080019ef   Thumb Code     2  stm32f4xx_it.o(i.DebugMon_Handler)
    EXTI0_IRQHandler                         0x080019f1   Thumb Code     6  stm32f4xx_it.o(i.EXTI0_IRQHandler)
    Error_Handler                            0x080019f7   Thumb Code     4  main.o(i.Error_Handler)
    HAL_ADC_ConfigChannel                    0x080019fd   Thumb Code   316  stm32f4xx_hal_adc.o(i.HAL_ADC_ConfigChannel)
    HAL_ADC_GetValue                         0x08001b49   Thumb Code     6  stm32f4xx_hal_adc.o(i.HAL_ADC_GetValue)
    HAL_ADC_Init                             0x08001b4f   Thumb Code    84  stm32f4xx_hal_adc.o(i.HAL_ADC_Init)
    HAL_ADC_MspInit                          0x08001ba5   Thumb Code    84  adc.o(i.HAL_ADC_MspInit)
    HAL_ADC_PollForConversion                0x08001c05   Thumb Code   170  stm32f4xx_hal_adc.o(i.HAL_ADC_PollForConversion)
    HAL_ADC_Start                            0x08001cb1   Thumb Code   228  stm32f4xx_hal_adc.o(i.HAL_ADC_Start)
    HAL_ADC_Stop                             0x08001dad   Thumb Code    60  stm32f4xx_hal_adc.o(i.HAL_ADC_Stop)
    HAL_Delay                                0x08001de9   Thumb Code    32  stm32f4xx_hal.o(i.HAL_Delay)
    HAL_GPIO_EXTI_Callback                   0x08001e0d   Thumb Code     2  stm32f4xx_hal_gpio.o(i.HAL_GPIO_EXTI_Callback)
    HAL_GPIO_EXTI_IRQHandler                 0x08001e11   Thumb Code    18  stm32f4xx_hal_gpio.o(i.HAL_GPIO_EXTI_IRQHandler)
    HAL_GPIO_Init                            0x08001e29   Thumb Code   450  stm32f4xx_hal_gpio.o(i.HAL_GPIO_Init)
    HAL_GPIO_ReadPin                         0x08002019   Thumb Code    10  stm32f4xx_hal_gpio.o(i.HAL_GPIO_ReadPin)
    HAL_GPIO_WritePin                        0x08002023   Thumb Code    10  stm32f4xx_hal_gpio.o(i.HAL_GPIO_WritePin)
    HAL_GetTick                              0x0800202d   Thumb Code     6  stm32f4xx_hal.o(i.HAL_GetTick)
    HAL_IncTick                              0x08002039   Thumb Code    12  stm32f4xx_hal.o(i.HAL_IncTick)
    HAL_Init                                 0x08002049   Thumb Code    48  stm32f4xx_hal.o(i.HAL_Init)
    HAL_InitTick                             0x0800207d   Thumb Code    54  stm32f4xx_hal.o(i.HAL_InitTick)
    HAL_MspInit                              0x080020bd   Thumb Code    42  stm32f4xx_hal_msp.o(i.HAL_MspInit)
    HAL_NVIC_EnableIRQ                       0x080020ed   Thumb Code    26  stm32f4xx_hal_cortex.o(i.HAL_NVIC_EnableIRQ)
    HAL_NVIC_SetPriority                     0x08002109   Thumb Code    60  stm32f4xx_hal_cortex.o(i.HAL_NVIC_SetPriority)
    HAL_NVIC_SetPriorityGrouping             0x08002149   Thumb Code    26  stm32f4xx_hal_cortex.o(i.HAL_NVIC_SetPriorityGrouping)
    HAL_RCC_ClockConfig                      0x0800216d   Thumb Code   288  stm32f4xx_hal_rcc.o(i.HAL_RCC_ClockConfig)
    HAL_RCC_GetSysClockFreq                  0x080022a1   Thumb Code    88  stm32f4xx_hal_rcc.o(i.HAL_RCC_GetSysClockFreq)
    HAL_RCC_OscConfig                        0x08002305   Thumb Code   856  stm32f4xx_hal_rcc.o(i.HAL_RCC_OscConfig)
    HAL_SYSTICK_Config                       0x08002671   Thumb Code    40  stm32f4xx_hal_cortex.o(i.HAL_SYSTICK_Config)
    HardFault_Handler                        0x08002699   Thumb Code     2  stm32f4xx_it.o(i.HardFault_Handler)
    LCR_QuadratureOutput_Tick                0x08002b55   Thumb Code    18  main.o(i.LCR_QuadratureOutput_Tick)
    MX_ADC1_Init                             0x08002d91   Thumb Code    90  adc.o(i.MX_ADC1_Init)
    MX_GPIO_Init                             0x08002df9   Thumb Code   386  gpio.o(i.MX_GPIO_Init)
    MemManage_Handler                        0x08002f91   Thumb Code     2  stm32f4xx_it.o(i.MemManage_Handler)
    NMI_Handler                              0x08002f93   Thumb Code     2  stm32f4xx_it.o(i.NMI_Handler)
    OLED_Clear                               0x08002f95   Thumb Code    34  oled.o(i.OLED_Clear)
    OLED_ClearArea                           0x08002fbd   Thumb Code    94  oled.o(i.OLED_ClearArea)
    OLED_GPIO_Init                           0x08003021   Thumb Code    38  oled.o(i.OLED_GPIO_Init)
    OLED_I2C_SendByte                        0x08003047   Thumb Code    58  oled.o(i.OLED_I2C_SendByte)
    OLED_I2C_Start                           0x08003081   Thumb Code    30  oled.o(i.OLED_I2C_Start)
    OLED_I2C_Stop                            0x0800309f   Thumb Code    24  oled.o(i.OLED_I2C_Stop)
    OLED_Init                                0x080030b7   Thumb Code   156  oled.o(i.OLED_Init)
    OLED_SetCursor                           0x08003153   Thumb Code    34  oled.o(i.OLED_SetCursor)
    OLED_ShowChar                            0x08003175   Thumb Code    52  oled.o(i.OLED_ShowChar)
    OLED_ShowImage                           0x080031b1   Thumb Code   172  oled.o(i.OLED_ShowImage)
    OLED_ShowString                          0x08003261   Thumb Code    44  oled.o(i.OLED_ShowString)
    OLED_Update                              0x0800328d   Thumb Code    34  oled.o(i.OLED_Update)
    OLED_W_SCL                               0x080032b5   Thumb Code    36  oled.o(i.OLED_W_SCL)
    OLED_W_SDA                               0x080032dd   Thumb Code    36  oled.o(i.OLED_W_SDA)
    OLED_WriteCommand                        0x08003305   Thumb Code    34  oled.o(i.OLED_WriteCommand)
    OLED_WriteData                           0x08003327   Thumb Code    48  oled.o(i.OLED_WriteData)
    PendSV_Handler                           0x08003357   Thumb Code     2  stm32f4xx_it.o(i.PendSV_Handler)
    SVC_Handler                              0x08003359   Thumb Code     2  stm32f4xx_it.o(i.SVC_Handler)
    SysTick_Handler                          0x0800335b   Thumb Code     4  stm32f4xx_it.o(i.SysTick_Handler)
    SystemClock_Config                       0x08003361   Thumb Code   140  main.o(i.SystemClock_Config)
    SystemInit                               0x080033f5   Thumb Code    12  system_stm32f4xx.o(i.SystemInit)
    TIM2_IRQHandler                          0x08003405   Thumb Code    24  stm32f4xx_it.o(i.TIM2_IRQHandler)
    UsageFault_Handler                       0x0800341d   Thumb Code     2  stm32f4xx_it.o(i.UsageFault_Handler)
    __ARM_fpclassify                         0x0800341f   Thumb Code    48  fpclassify.o(i.__ARM_fpclassify)
    __ARM_fpclassifyf                        0x0800344f   Thumb Code    38  fpclassifyf.o(i.__ARM_fpclassifyf)
    __hardfp_atan2f                          0x08003495   Thumb Code   502  atan2f.o(i.__hardfp_atan2f)
    __hardfp_sqrtf                           0x080036e5   Thumb Code    58  sqrtf.o(i.__hardfp_sqrtf)
    __mathlib_flt_infnan2                    0x0800371f   Thumb Code     6  funder.o(i.__mathlib_flt_infnan2)
    __mathlib_flt_underflow                  0x08003725   Thumb Code    10  funder.o(i.__mathlib_flt_underflow)
    _is_digit                                0x08003735   Thumb Code    14  __printf_wp.o(i._is_digit)
    main                                     0x08003745   Thumb Code   216  main.o(i.main)
    _get_lc_numeric                          0x08003839   Thumb Code    44  lc_numeric_c.o(locale$$code)
    __fpl_dretinf                            0x08003865   Thumb Code    12  dretinf.o(x$fpl$dretinf)
    __aeabi_f2d                              0x08003871   Thumb Code     0  f2d.o(x$fpl$f2d)
    _f2d                                     0x08003871   Thumb Code    86  f2d.o(x$fpl$f2d)
    __fpl_fnaninf                            0x080038c7   Thumb Code   140  fnaninf.o(x$fpl$fnaninf)
    _fp_init                                 0x08003953   Thumb Code    10  fpinit.o(x$fpl$fpinit)
    __fplib_config_fpu_vfp                   0x0800395b   Thumb Code     0  fpinit.o(x$fpl$fpinit)
    __fplib_config_pureend_doubles           0x0800395b   Thumb Code     0  fpinit.o(x$fpl$fpinit)
    _printf_fp_dec                           0x0800395d   Thumb Code     4  printf1.o(x$fpl$printf1)
    OLED_F8x16                               0x08003960   Data        1520  oled_data.o(.constdata)
    __I$use$fp                               0x08003960   Number         0  usenofp.o(x$fpl$usenofp)
    OLED_F6x8                                0x08003f50   Data         570  oled_data.o(.constdata)
    AHBPrescTable                            0x0800418a   Data          16  system_stm32f4xx.o(.constdata)
    Region$$Table$$Base                      0x08004240   Number         0  anon$$obj.o(Region$$Table)
    Region$$Table$$Limit                     0x08004260   Number         0  anon$$obj.o(Region$$Table)
    lcr_force_step_enable                    0x20000003   Data           1  main.o(.data)
    lcr_force_step_index                     0x20000004   Data           1  main.o(.data)
    uwTickFreq                               0x20000028   Data           1  stm32f4xx_hal.o(.data)
    uwTickPrio                               0x2000002c   Data           4  stm32f4xx_hal.o(.data)
    uwTick                                   0x20000030   Data           4  stm32f4xx_hal.o(.data)
    SystemCoreClock                          0x20000034   Data           4  system_stm32f4xx.o(.data)
    lcr_debug                                0x20000038   Data          80  main.o(.bss)
    hadc1                                    0x20000088   Data          72  adc.o(.bss)
    OLED_DisplayBuf                          0x200000d0   Data        1024  oled.o(.bss)
    __libspace_start                         0x200004d0   Data          96  libspace.o(.bss)
    __temporary_stack_top$libspace           0x20000530   Data           0  libspace.o(.bss)



==============================================================================

Memory Map of the image

  Image Entry point : 0x08000189

  Load Region LR_IROM1 (Base: 0x08000000, Size: 0x000042b4, Max: 0x00100000, ABSOLUTE)

    Execution Region ER_IROM1 (Exec base: 0x08000000, Load base: 0x08000000, Size: 0x0000427c, Max: 0x00100000, ABSOLUTE)

    Exec Addr    Load Addr    Size         Type   Attr      Idx    E Section Name        Object

    0x08000000   0x08000000   0x00000188   Data   RO            3    RESET               startup_stm32f405xx.o
    0x08000188   0x08000188   0x00000008   Code   RO         2251  * !!!main             c_w.l(__main.o)
    0x08000190   0x08000190   0x00000034   Code   RO         2700    !!!scatter          c_w.l(__scatter.o)
    0x080001c4   0x080001c4   0x0000001a   Code   RO         2702    !!handler_copy      c_w.l(__scatter_copy.o)
    0x080001de   0x080001de   0x00000002   PAD
    0x080001e0   0x080001e0   0x0000001c   Code   RO         2704    !!handler_zi        c_w.l(__scatter_zi.o)
    0x080001fc   0x080001fc   0x00000000   Code   RO         2246    .ARM.Collect$$_printf_percent$$00000000  c_w.l(_printf_percent.o)
    0x080001fc   0x080001fc   0x00000006   Code   RO         2245    .ARM.Collect$$_printf_percent$$00000003  c_w.l(_printf_f.o)
    0x08000202   0x08000202   0x00000006   Code   RO         2244    .ARM.Collect$$_printf_percent$$0000000A  c_w.l(_printf_u.o)
    0x08000208   0x08000208   0x00000006   Code   RO         2243    .ARM.Collect$$_printf_percent$$00000013  c_w.l(_printf_c.o)
    0x0800020e   0x0800020e   0x00000004   Code   RO         2396    .ARM.Collect$$_printf_percent$$00000017  c_w.l(_printf_percent_end.o)
    0x08000212   0x08000212   0x00000002   Code   RO         2570    .ARM.Collect$$libinit$$00000000  c_w.l(libinit.o)
    0x08000214   0x08000214   0x00000004   Code   RO         2571    .ARM.Collect$$libinit$$00000001  c_w.l(libinit2.o)
    0x08000218   0x08000218   0x00000000   Code   RO         2574    .ARM.Collect$$libinit$$00000004  c_w.l(libinit2.o)
    0x08000218   0x08000218   0x00000000   Code   RO         2577    .ARM.Collect$$libinit$$0000000A  c_w.l(libinit2.o)
    0x08000218   0x08000218   0x00000000   Code   RO         2579    .ARM.Collect$$libinit$$0000000C  c_w.l(libinit2.o)
    0x08000218   0x08000218   0x00000000   Code   RO         2581    .ARM.Collect$$libinit$$0000000E  c_w.l(libinit2.o)
    0x08000218   0x08000218   0x00000006   Code   RO         2582    .ARM.Collect$$libinit$$0000000F  c_w.l(libinit2.o)
    0x0800021e   0x0800021e   0x00000000   Code   RO         2584    .ARM.Collect$$libinit$$00000011  c_w.l(libinit2.o)
    0x0800021e   0x0800021e   0x00000000   Code   RO         2586    .ARM.Collect$$libinit$$00000013  c_w.l(libinit2.o)
    0x0800021e   0x0800021e   0x00000000   Code   RO         2588    .ARM.Collect$$libinit$$00000015  c_w.l(libinit2.o)
    0x0800021e   0x0800021e   0x0000000a   Code   RO         2589    .ARM.Collect$$libinit$$00000016  c_w.l(libinit2.o)
    0x08000228   0x08000228   0x00000000   Code   RO         2590    .ARM.Collect$$libinit$$00000017  c_w.l(libinit2.o)
    0x08000228   0x08000228   0x00000000   Code   RO         2592    .ARM.Collect$$libinit$$00000019  c_w.l(libinit2.o)
    0x08000228   0x08000228   0x00000000   Code   RO         2594    .ARM.Collect$$libinit$$0000001B  c_w.l(libinit2.o)
    0x08000228   0x08000228   0x00000000   Code   RO         2596    .ARM.Collect$$libinit$$0000001D  c_w.l(libinit2.o)
    0x08000228   0x08000228   0x00000000   Code   RO         2598    .ARM.Collect$$libinit$$0000001F  c_w.l(libinit2.o)
    0x08000228   0x08000228   0x00000000   Code   RO         2600    .ARM.Collect$$libinit$$00000021  c_w.l(libinit2.o)
    0x08000228   0x08000228   0x00000000   Code   RO         2602    .ARM.Collect$$libinit$$00000023  c_w.l(libinit2.o)
    0x08000228   0x08000228   0x00000000   Code   RO         2604    .ARM.Collect$$libinit$$00000025  c_w.l(libinit2.o)
    0x08000228   0x08000228   0x00000000   Code   RO         2608    .ARM.Collect$$libinit$$0000002C  c_w.l(libinit2.o)
    0x08000228   0x08000228   0x00000000   Code   RO         2610    .ARM.Collect$$libinit$$0000002E  c_w.l(libinit2.o)
    0x08000228   0x08000228   0x00000000   Code   RO         2612    .ARM.Collect$$libinit$$00000030  c_w.l(libinit2.o)
    0x08000228   0x08000228   0x00000000   Code   RO         2614    .ARM.Collect$$libinit$$00000032  c_w.l(libinit2.o)
    0x08000228   0x08000228   0x00000002   Code   RO         2615    .ARM.Collect$$libinit$$00000033  c_w.l(libinit2.o)
    0x0800022a   0x0800022a   0x00000002   Code   RO         2665    .ARM.Collect$$libshutdown$$00000000  c_w.l(libshutdown.o)
    0x0800022c   0x0800022c   0x00000000   Code   RO         2683    .ARM.Collect$$libshutdown$$00000002  c_w.l(libshutdown2.o)
    0x0800022c   0x0800022c   0x00000000   Code   RO         2685    .ARM.Collect$$libshutdown$$00000004  c_w.l(libshutdown2.o)
    0x0800022c   0x0800022c   0x00000000   Code   RO         2688    .ARM.Collect$$libshutdown$$00000007  c_w.l(libshutdown2.o)
    0x0800022c   0x0800022c   0x00000000   Code   RO         2691    .ARM.Collect$$libshutdown$$0000000A  c_w.l(libshutdown2.o)
    0x0800022c   0x0800022c   0x00000000   Code   RO         2693    .ARM.Collect$$libshutdown$$0000000C  c_w.l(libshutdown2.o)
    0x0800022c   0x0800022c   0x00000000   Code   RO         2696    .ARM.Collect$$libshutdown$$0000000F  c_w.l(libshutdown2.o)
    0x0800022c   0x0800022c   0x00000002   Code   RO         2697    .ARM.Collect$$libshutdown$$00000010  c_w.l(libshutdown2.o)
    0x0800022e   0x0800022e   0x00000000   Code   RO         2331    .ARM.Collect$$rtentry$$00000000  c_w.l(__rtentry.o)
    0x0800022e   0x0800022e   0x00000000   Code   RO         2477    .ARM.Collect$$rtentry$$00000002  c_w.l(__rtentry2.o)
    0x0800022e   0x0800022e   0x00000006   Code   RO         2489    .ARM.Collect$$rtentry$$00000004  c_w.l(__rtentry4.o)
    0x08000234   0x08000234   0x00000000   Code   RO         2479    .ARM.Collect$$rtentry$$00000009  c_w.l(__rtentry2.o)
    0x08000234   0x08000234   0x00000004   Code   RO         2480    .ARM.Collect$$rtentry$$0000000A  c_w.l(__rtentry2.o)
    0x08000238   0x08000238   0x00000000   Code   RO         2482    .ARM.Collect$$rtentry$$0000000C  c_w.l(__rtentry2.o)
    0x08000238   0x08000238   0x00000008   Code   RO         2483    .ARM.Collect$$rtentry$$0000000D  c_w.l(__rtentry2.o)
    0x08000240   0x08000240   0x00000002   Code   RO         2616    .ARM.Collect$$rtexit$$00000000  c_w.l(rtexit.o)
    0x08000242   0x08000242   0x00000000   Code   RO         2634    .ARM.Collect$$rtexit$$00000002  c_w.l(rtexit2.o)
    0x08000242   0x08000242   0x00000004   Code   RO         2635    .ARM.Collect$$rtexit$$00000003  c_w.l(rtexit2.o)
    0x08000246   0x08000246   0x00000006   Code   RO         2636    .ARM.Collect$$rtexit$$00000004  c_w.l(rtexit2.o)
    0x0800024c   0x0800024c   0x00000040   Code   RO            4    .text               startup_stm32f405xx.o
    0x0800028c   0x0800028c   0x000000ee   Code   RO         2207    .text               c_w.l(lludivv7m.o)
    0x0800037a   0x0800037a   0x00000002   PAD
    0x0800037c   0x0800037c   0x00000038   Code   RO         2211    .text               c_w.l(__2snprintf.o)
    0x080003b4   0x080003b4   0x0000004e   Code   RO         2217    .text               c_w.l(_printf_pad.o)
    0x08000402   0x08000402   0x00000052   Code   RO         2219    .text               c_w.l(_printf_str.o)
    0x08000454   0x08000454   0x00000078   Code   RO         2221    .text               c_w.l(_printf_dec.o)
    0x080004cc   0x080004cc   0x00000188   Code   RO         2240    .text               c_w.l(__printf_flags_ss_wp.o)
    0x08000654   0x08000654   0x0000004e   Code   RO         2247    .text               c_w.l(rt_memclr_w.o)
    0x080006a2   0x080006a2   0x00000006   Code   RO         2249    .text               c_w.l(heapauxi.o)
    0x080006a8   0x080006a8   0x00000016   Code   RO         2336    .text               c_w.l(_rserrno.o)
    0x080006be   0x080006be   0x000000b2   Code   RO         2340    .text               c_w.l(_printf_intcommon.o)
    0x08000770   0x08000770   0x0000041e   Code   RO         2344    .text               c_w.l(_printf_fp_dec.o)
    0x08000b8e   0x08000b8e   0x00000002   PAD
    0x08000b90   0x08000b90   0x00000030   Code   RO         2346    .text               c_w.l(_printf_char_common.o)
    0x08000bc0   0x08000bc0   0x0000000a   Code   RO         2348    .text               c_w.l(_sputc.o)
    0x08000bca   0x08000bca   0x00000010   Code   RO         2350    .text               c_w.l(_snputc.o)
    0x08000bda   0x08000bda   0x0000002c   Code   RO         2352    .text               c_w.l(_printf_char.o)
    0x08000c06   0x08000c06   0x00000002   PAD
    0x08000c08   0x08000c08   0x00000008   Code   RO         2496    .text               c_w.l(rt_locale_intlibspace.o)
    0x08000c10   0x08000c10   0x00000008   Code   RO         2501    .text               c_w.l(rt_errno_addr_intlibspace.o)
    0x08000c18   0x08000c18   0x0000008a   Code   RO         2503    .text               c_w.l(lludiv10.o)
    0x08000ca2   0x08000ca2   0x00000002   PAD
    0x08000ca4   0x08000ca4   0x00000080   Code   RO         2508    .text               c_w.l(_printf_fp_infnan.o)
    0x08000d24   0x08000d24   0x000000e4   Code   RO         2514    .text               c_w.l(bigflt0.o)
    0x08000e08   0x08000e08   0x00000008   Code   RO         2550    .text               c_w.l(libspace.o)
    0x08000e10   0x08000e10   0x0000004a   Code   RO         2553    .text               c_w.l(sys_stackheap_outer.o)
    0x08000e5a   0x08000e5a   0x00000012   Code   RO         2557    .text               c_w.l(exit.o)
    0x08000e6c   0x08000e6c   0x00000080   Code   RO         2563    .text               c_w.l(strcmpv7m.o)
    0x08000eec   0x08000eec   0x0000000c   Code   RO         2631    .text               c_w.l(sys_exit.o)
    0x08000ef8   0x08000ef8   0x00000002   Code   RO         2652    .text               c_w.l(use_no_semi.o)
    0x08000efa   0x08000efa   0x00000000   Code   RO         2654    .text               c_w.l(indicate_semi.o)
    0x08000efa   0x08000efa   0x0000003e   Code   RO         2517    CL$$btod_d2e        c_w.l(btod.o)
    0x08000f38   0x08000f38   0x00000046   Code   RO         2519    CL$$btod_d2e_denorm_low  c_w.l(btod.o)
    0x08000f7e   0x08000f7e   0x00000060   Code   RO         2518    CL$$btod_d2e_norm_op1  c_w.l(btod.o)
    0x08000fde   0x08000fde   0x00000338   Code   RO         2527    CL$$btod_div_common  c_w.l(btod.o)
    0x08001316   0x08001316   0x000000dc   Code   RO         2524    CL$$btod_e2e        c_w.l(btod.o)
    0x080013f2   0x080013f2   0x0000002a   Code   RO         2521    CL$$btod_ediv       c_w.l(btod.o)
    0x0800141c   0x0800141c   0x0000002a   Code   RO         2520    CL$$btod_emul       c_w.l(btod.o)
    0x08001446   0x08001446   0x00000244   Code   RO         2526    CL$$btod_mult_common  c_w.l(btod.o)
    0x0800168a   0x0800168a   0x00000002   PAD
    0x0800168c   0x0800168c   0x00000080   Code   RO          417    i.AD9834_Init       9834.o
    0x0800170c   0x0800170c   0x0000001c   Code   RO          418    i.AD9834_Select_Wave  9834.o
    0x08001728   0x08001728   0x0000006c   Code   RO          419    i.AD9834_Set_Freq   9834.o
    0x08001794   0x08001794   0x00000010   Code   RO          420    i.AD9834_Set_MclkHz  9834.o
    0x080017a4   0x080017a4   0x0000001c   Code   RO          421    i.AD9834_Set_OutputEnabled  9834.o
    0x080017c0   0x080017c0   0x00000068   Code   RO          422    i.AD9834_Set_Phase  9834.o
    0x08001828   0x08001828   0x0000001c   Code   RO          423    i.AD9834_Set_Reset  9834.o
    0x08001844   0x08001844   0x00000074   Code   RO          424    i.AD9834_Write_16Bits  9834.o
    0x080018b8   0x080018b8   0x0000000c   Code   RO          425    i.AD9834_Write_ControlRegister  9834.o
    0x080018c4   0x080018c4   0x00000128   Code   RO          748    i.ADC_Init          stm32f4xx_hal_adc.o
    0x080019ec   0x080019ec   0x00000002   Code   RO          305    i.BusFault_Handler  stm32f4xx_it.o
    0x080019ee   0x080019ee   0x00000002   Code   RO          306    i.DebugMon_Handler  stm32f4xx_it.o
    0x080019f0   0x080019f0   0x00000006   Code   RO          307    i.EXTI0_IRQHandler  stm32f4xx_it.o
    0x080019f6   0x080019f6   0x00000004   Code   RO           13    i.Error_Handler     main.o
    0x080019fa   0x080019fa   0x00000002   PAD
    0x080019fc   0x080019fc   0x0000014c   Code   RO          750    i.HAL_ADC_ConfigChannel  stm32f4xx_hal_adc.o
    0x08001b48   0x08001b48   0x00000006   Code   RO          757    i.HAL_ADC_GetValue  stm32f4xx_hal_adc.o
    0x08001b4e   0x08001b4e   0x00000054   Code   RO          759    i.HAL_ADC_Init      stm32f4xx_hal_adc.o
    0x08001ba2   0x08001ba2   0x00000002   PAD
    0x08001ba4   0x08001ba4   0x00000060   Code   RO          264    i.HAL_ADC_MspInit   adc.o
    0x08001c04   0x08001c04   0x000000aa   Code   RO          763    i.HAL_ADC_PollForConversion  stm32f4xx_hal_adc.o
    0x08001cae   0x08001cae   0x00000002   PAD
    0x08001cb0   0x08001cb0   0x000000fc   Code   RO          765    i.HAL_ADC_Start     stm32f4xx_hal_adc.o
    0x08001dac   0x08001dac   0x0000003c   Code   RO          768    i.HAL_ADC_Stop      stm32f4xx_hal_adc.o
    0x08001de8   0x08001de8   0x00000024   Code   RO         1919    i.HAL_Delay         stm32f4xx_hal.o
    0x08001e0c   0x08001e0c   0x00000002   Code   RO         1373    i.HAL_GPIO_EXTI_Callback  stm32f4xx_hal_gpio.o
    0x08001e0e   0x08001e0e   0x00000002   PAD
    0x08001e10   0x08001e10   0x00000018   Code   RO         1374    i.HAL_GPIO_EXTI_IRQHandler  stm32f4xx_hal_gpio.o
    0x08001e28   0x08001e28   0x000001f0   Code   RO         1375    i.HAL_GPIO_Init     stm32f4xx_hal_gpio.o
    0x08002018   0x08002018   0x0000000a   Code   RO         1377    i.HAL_GPIO_ReadPin  stm32f4xx_hal_gpio.o
    0x08002022   0x08002022   0x0000000a   Code   RO         1379    i.HAL_GPIO_WritePin  stm32f4xx_hal_gpio.o
    0x0800202c   0x0800202c   0x0000000c   Code   RO         1925    i.HAL_GetTick       stm32f4xx_hal.o
    0x08002038   0x08002038   0x00000010   Code   RO         1931    i.HAL_IncTick       stm32f4xx_hal.o
    0x08002048   0x08002048   0x00000034   Code   RO         1932    i.HAL_Init          stm32f4xx_hal.o
    0x0800207c   0x0800207c   0x00000040   Code   RO         1933    i.HAL_InitTick      stm32f4xx_hal.o
    0x080020bc   0x080020bc   0x00000030   Code   RO          392    i.HAL_MspInit       stm32f4xx_hal_msp.o
    0x080020ec   0x080020ec   0x0000001a   Code   RO         1767    i.HAL_NVIC_EnableIRQ  stm32f4xx_hal_cortex.o
    0x08002106   0x08002106   0x00000002   PAD
    0x08002108   0x08002108   0x00000040   Code   RO         1773    i.HAL_NVIC_SetPriority  stm32f4xx_hal_cortex.o
    0x08002148   0x08002148   0x00000024   Code   RO         1774    i.HAL_NVIC_SetPriorityGrouping  stm32f4xx_hal_cortex.o
    0x0800216c   0x0800216c   0x00000134   Code   RO         1021    i.HAL_RCC_ClockConfig  stm32f4xx_hal_rcc.o
    0x080022a0   0x080022a0   0x00000064   Code   RO         1030    i.HAL_RCC_GetSysClockFreq  stm32f4xx_hal_rcc.o
    0x08002304   0x08002304   0x0000036c   Code   RO         1033    i.HAL_RCC_OscConfig  stm32f4xx_hal_rcc.o
    0x08002670   0x08002670   0x00000028   Code   RO         1778    i.HAL_SYSTICK_Config  stm32f4xx_hal_cortex.o
    0x08002698   0x08002698   0x00000002   Code   RO          308    i.HardFault_Handler  stm32f4xx_it.o
    0x0800269a   0x0800269a   0x00000002   PAD
    0x0800269c   0x0800269c   0x00000074   Code   RO           14    i.LCR_Configure_MeasurementPath  main.o
    0x08002710   0x08002710   0x00000048   Code   RO           15    i.LCR_Key_Task      main.o
    0x08002758   0x08002758   0x000000f8   Code   RO           16    i.LCR_Measurement_Task  main.o
    0x08002850   0x08002850   0x00000278   Code   RO           17    i.LCR_OLED_Task     main.o
    0x08002ac8   0x08002ac8   0x00000034   Code   RO           18    i.LCR_QuadratureOutput_SetStep  main.o
    0x08002afc   0x08002afc   0x00000058   Code   RO           19    i.LCR_QuadratureOutput_Start  main.o
    0x08002b54   0x08002b54   0x00000018   Code   RO           20    i.LCR_QuadratureOutput_Tick  main.o
    0x08002b6c   0x08002b6c   0x00000030   Code   RO           21    i.LCR_Set_InputSelection  main.o
    0x08002b9c   0x08002b9c   0x00000030   Code   RO           22    i.LCR_Set_ReferenceSelection  main.o
    0x08002bcc   0x08002bcc   0x0000004c   Code   RO           23    i.LCR_StartMeasurementStep  main.o
    0x08002c18   0x08002c18   0x00000084   Code   RO           24    i.LCR_SyncStartMeasurementFrame  main.o
    0x08002c9c   0x08002c9c   0x000000f4   Code   RO           25    i.LCR_UpdateImpedanceEstimate  main.o
    0x08002d90   0x08002d90   0x00000068   Code   RO          265    i.MX_ADC1_Init      adc.o
    0x08002df8   0x08002df8   0x00000198   Code   RO          236    i.MX_GPIO_Init      gpio.o
    0x08002f90   0x08002f90   0x00000002   Code   RO          309    i.MemManage_Handler  stm32f4xx_it.o
    0x08002f92   0x08002f92   0x00000002   Code   RO          310    i.NMI_Handler       stm32f4xx_it.o
    0x08002f94   0x08002f94   0x00000028   Code   RO          495    i.OLED_Clear        oled.o
    0x08002fbc   0x08002fbc   0x00000064   Code   RO          496    i.OLED_ClearArea    oled.o
    0x08003020   0x08003020   0x00000026   Code   RO          504    i.OLED_GPIO_Init    oled.o
    0x08003046   0x08003046   0x0000003a   Code   RO          506    i.OLED_I2C_SendByte  oled.o
    0x08003080   0x08003080   0x0000001e   Code   RO          507    i.OLED_I2C_Start    oled.o
    0x0800309e   0x0800309e   0x00000018   Code   RO          508    i.OLED_I2C_Stop     oled.o
    0x080030b6   0x080030b6   0x0000009c   Code   RO          509    i.OLED_Init         oled.o
    0x08003152   0x08003152   0x00000022   Code   RO          515    i.OLED_SetCursor    oled.o
    0x08003174   0x08003174   0x0000003c   Code   RO          517    i.OLED_ShowChar     oled.o
    0x080031b0   0x080031b0   0x000000b0   Code   RO          520    i.OLED_ShowImage    oled.o
    0x08003260   0x08003260   0x0000002c   Code   RO          523    i.OLED_ShowString   oled.o
    0x0800328c   0x0800328c   0x00000028   Code   RO          524    i.OLED_Update       oled.o
    0x080032b4   0x080032b4   0x00000028   Code   RO          526    i.OLED_W_SCL        oled.o
    0x080032dc   0x080032dc   0x00000028   Code   RO          527    i.OLED_W_SDA        oled.o
    0x08003304   0x08003304   0x00000022   Code   RO          528    i.OLED_WriteCommand  oled.o
    0x08003326   0x08003326   0x00000030   Code   RO          529    i.OLED_WriteData    oled.o
    0x08003356   0x08003356   0x00000002   Code   RO          311    i.PendSV_Handler    stm32f4xx_it.o
    0x08003358   0x08003358   0x00000002   Code   RO          312    i.SVC_Handler       stm32f4xx_it.o
    0x0800335a   0x0800335a   0x00000004   Code   RO          313    i.SysTick_Handler   stm32f4xx_it.o
    0x0800335e   0x0800335e   0x00000002   PAD
    0x08003360   0x08003360   0x00000094   Code   RO           26    i.SystemClock_Config  main.o
    0x080033f4   0x080033f4   0x00000010   Code   RO         2171    i.SystemInit        system_stm32f4xx.o
    0x08003404   0x08003404   0x00000018   Code   RO          314    i.TIM2_IRQHandler   stm32f4xx_it.o
    0x0800341c   0x0800341c   0x00000002   Code   RO          315    i.UsageFault_Handler  stm32f4xx_it.o
    0x0800341e   0x0800341e   0x00000030   Code   RO         2546    i.__ARM_fpclassify  m_wm.l(fpclassify.o)
    0x0800344e   0x0800344e   0x00000026   Code   RO         2459    i.__ARM_fpclassifyf  m_wm.l(fpclassifyf.o)
    0x08003474   0x08003474   0x00000020   Code   RO         1780    i.__NVIC_SetPriority  stm32f4xx_hal_cortex.o
    0x08003494   0x08003494   0x00000250   Code   RO         2303    i.__hardfp_atan2f   m_wm.l(atan2f.o)
    0x080036e4   0x080036e4   0x0000003a   Code   RO         2319    i.__hardfp_sqrtf    m_wm.l(sqrtf.o)
    0x0800371e   0x0800371e   0x00000006   Code   RO         2463    i.__mathlib_flt_infnan2  m_wm.l(funder.o)
    0x08003724   0x08003724   0x00000010   Code   RO         2467    i.__mathlib_flt_underflow  m_wm.l(funder.o)
    0x08003734   0x08003734   0x0000000e   Code   RO         2233    i._is_digit         c_w.l(__printf_wp.o)
    0x08003742   0x08003742   0x00000002   PAD
    0x08003744   0x08003744   0x000000f4   Code   RO           27    i.main              main.o
    0x08003838   0x08003838   0x0000002c   Code   RO         2542    locale$$code        c_w.l(lc_numeric_c.o)
    0x08003864   0x08003864   0x0000000c   Code   RO         2410    x$fpl$dretinf       fz_wm.l(dretinf.o)
    0x08003870   0x08003870   0x00000056   Code   RO         2287    x$fpl$f2d           fz_wm.l(f2d.o)
    0x080038c6   0x080038c6   0x0000008c   Code   RO         2414    x$fpl$fnaninf       fz_wm.l(fnaninf.o)
    0x08003952   0x08003952   0x0000000a   Code   RO         2629    x$fpl$fpinit        fz_wm.l(fpinit.o)
    0x0800395c   0x0800395c   0x00000004   Code   RO         2289    x$fpl$printf1       fz_wm.l(printf1.o)
    0x08003960   0x08003960   0x00000000   Code   RO         2424    x$fpl$usenofp       fz_wm.l(usenofp.o)
    0x08003960   0x08003960   0x000005f0   Data   RO          728    .constdata          oled_data.o
    0x08003f50   0x08003f50   0x0000023a   Data   RO          729    .constdata          oled_data.o
    0x0800418a   0x0800418a   0x00000010   Data   RO         2172    .constdata          system_stm32f4xx.o
    0x0800419a   0x0800419a   0x00000011   Data   RO         2241    .constdata          c_w.l(__printf_flags_ss_wp.o)
    0x080041ab   0x080041ab   0x00000001   PAD
    0x080041ac   0x080041ac   0x00000094   Data   RO         2515    .constdata          c_w.l(bigflt0.o)
    0x08004240   0x08004240   0x00000020   Data   RO         2698    Region$$Table       anon$$obj.o
    0x08004260   0x08004260   0x0000001c   Data   RO         2541    locale$$data        c_w.l(lc_numeric_c.o)


    Execution Region RW_IRAM1 (Exec base: 0x20000000, Load base: 0x0800427c, Size: 0x00000b30, Max: 0x0001c000, ABSOLUTE)

    Exec Addr    Load Addr    Size         Type   Attr      Idx    E Section Name        Object

    0x20000000   0x0800427c   0x00000020   Data   RW           29    .data               main.o
    0x20000020   0x0800429c   0x00000008   Data   RW          426    .data               9834.o
    0x20000028   0x080042a4   0x0000000c   Data   RW         1939    .data               stm32f4xx_hal.o
    0x20000034   0x080042b0   0x00000004   Data   RW         2174    .data               system_stm32f4xx.o
    0x20000038        -       0x00000050   Zero   RW           28    .bss                main.o
    0x20000088        -       0x00000048   Zero   RW          266    .bss                adc.o
    0x200000d0        -       0x00000400   Zero   RW          531    .bss                oled.o
    0x200004d0        -       0x00000060   Zero   RW         2551    .bss                c_w.l(libspace.o)
    0x20000530        -       0x00000200   Zero   RW            2    HEAP                startup_stm32f405xx.o
    0x20000730        -       0x00000400   Zero   RW            1    STACK               startup_stm32f405xx.o


    Execution Region RW_IRAM2 (Exec base: 0x2001c000, Load base: 0x080042b4, Size: 0x00000000, Max: 0x00004000, ABSOLUTE)

    **** No section assigned to this execution region ****


==============================================================================

Image component sizes


      Code (inc. data)   RO Data    RW Data    ZI Data      Debug   Object Name

       568         68          0          8          0       5628   9834.o
       200         26          0          0         72       1681   adc.o
       408         22          0          0          0       1099   gpio.o
      2176        314          0         32         80     632071   main.o
       962         38          0          0       1024      10469   oled.o
         0          0       2090          0          0        531   oled_data.o
        64         26        392          0       1536        836   startup_stm32f405xx.o
       180         28          0         12          0       9369   stm32f4xx_hal.o
      1200         52          0          0          0       5885   stm32f4xx_hal_adc.o
       198         14          0          0          0      33783   stm32f4xx_hal_cortex.o
       542         52          0          0          0       4003   stm32f4xx_hal_gpio.o
        48          6          0          0          0        850   stm32f4xx_hal_msp.o
      1284         52          0          0          0       4046   stm32f4xx_hal_rcc.o
        50          0          0          0          0       5059   stm32f4xx_it.o
        16          4         16          4          0       1115   system_stm32f4xx.o

    ----------------------------------------------------------------------
      7910        702       2530         56       2712     716425   Object Totals
         0          0         32          0          0          0   (incl. Generated)
        14          0          0          0          0          0   (incl. Padding)

    ----------------------------------------------------------------------

      Code (inc. data)   RO Data    RW Data    ZI Data      Debug   Library Member Name

        56          6          0          0          0         88   __2snprintf.o
         8          0          0          0          0         68   __main.o
       392          4         17          0          0         92   __printf_flags_ss_wp.o
        14          0          0          0          0         68   __printf_wp.o
         0          0          0          0          0          0   __rtentry.o
        12          0          0          0          0          0   __rtentry2.o
         6          0          0          0          0          0   __rtentry4.o
        52          8          0          0          0          0   __scatter.o
        26          0          0          0          0          0   __scatter_copy.o
        28          0          0          0          0          0   __scatter_zi.o
         6          0          0          0          0          0   _printf_c.o
        44          0          0          0          0        108   _printf_char.o
        48          6          0          0          0         96   _printf_char_common.o
       120         16          0          0          0         92   _printf_dec.o
         6          0          0          0          0          0   _printf_f.o
      1054          0          0          0          0        216   _printf_fp_dec.o
       128         16          0          0          0         84   _printf_fp_infnan.o
       178          0          0          0          0         88   _printf_intcommon.o
        78          0          0          0          0        108   _printf_pad.o
         0          0          0          0          0          0   _printf_percent.o
         4          0          0          0          0          0   _printf_percent_end.o
        82          0          0          0          0         80   _printf_str.o
         6          0          0          0          0          0   _printf_u.o
        22          0          0          0          0        100   _rserrno.o
        16          0          0          0          0         68   _snputc.o
        10          0          0          0          0         68   _sputc.o
       228          4        148          0          0         96   bigflt0.o
      1936        128          0          0          0        672   btod.o
        18          0          0          0          0         80   exit.o
         6          0          0          0          0        152   heapauxi.o
         0          0          0          0          0          0   indicate_semi.o
        44         10         28          0          0         76   lc_numeric_c.o
         2          0          0          0          0          0   libinit.o
        22          0          0          0          0          0   libinit2.o
         2          0          0          0          0          0   libshutdown.o
         2          0          0          0          0          0   libshutdown2.o
         8          4          0          0         96         68   libspace.o
       138          0          0          0          0         80   lludiv10.o
       238          0          0          0          0        100   lludivv7m.o
         8          4          0          0          0         68   rt_errno_addr_intlibspace.o
         8          4          0          0          0         68   rt_locale_intlibspace.o
        78          0          0          0          0         80   rt_memclr_w.o
         2          0          0          0          0          0   rtexit.o
        10          0          0          0          0          0   rtexit2.o
       128          0          0          0          0         68   strcmpv7m.o
        12          4          0          0          0         68   sys_exit.o
        74          0          0          0          0         80   sys_stackheap_outer.o
         2          0          0          0          0         68   use_no_semi.o
        12          0          0          0          0        116   dretinf.o
        86          4          0          0          0        132   f2d.o
       140          4          0          0          0        132   fnaninf.o
        10          0          0          0          0        116   fpinit.o
         4          0          0          0          0        116   printf1.o
         0          0          0          0          0          0   usenofp.o
       592         90          0          0          0        184   atan2f.o
        48          0          0          0          0        124   fpclassify.o
        38          0          0          0          0        116   fpclassifyf.o
        22          6          0          0          0        232   funder.o
        58          0          0          0          0        136   sqrtf.o

    ----------------------------------------------------------------------
      6386        318        194          0         96       4652   Library Totals
        14          0          1          0          0          0   (incl. Padding)

    ----------------------------------------------------------------------

      Code (inc. data)   RO Data    RW Data    ZI Data      Debug   Library Name

      5362        214        193          0         96       3248   c_w.l
       252          8          0          0          0        612   fz_wm.l
       758         96          0          0          0        792   m_wm.l

    ----------------------------------------------------------------------
      6386        318        194          0         96       4652   Library Totals

    ----------------------------------------------------------------------

==============================================================================


      Code (inc. data)   RO Data    RW Data    ZI Data      Debug   

     14296       1020       2724         56       2808     711009   Grand Totals
     14296       1020       2724         56       2808     711009   ELF Image Totals
     14296       1020       2724         56          0          0   ROM Totals

==============================================================================

    Total RO  Size (Code + RO Data)                17020 (  16.62kB)
    Total RW  Size (RW Data + ZI Data)              2864 (   2.80kB)
    Total ROM Size (Code + RO Data + RW Data)      17076 (  16.68kB)

==============================================================================

